
> cardivide@0.0.0 ai:tournament
> node --import tsx scripts/ai-tournament.ts *** 2

AI拡張カード評価戦
攻城砲（80c448c1-5eef-42f6-9797-4f083e1fb6b6）を片方のデッキへ2枚追加
450条件 × 拡張側2通り = 900戦
固定シード: 20260816 / 未決着判定: 200ターン超過
このモードでは直接対戦勝率JSONを更新しません。

[001/900] ブンブンぶん殴り（先・拡張） vs じゃぶじゃぶマネー（後）: 通常側勝利 Turn 14 HP 先-3 / 後8
[002/900] ブンブンぶん殴り（先） vs じゃぶじゃぶマネー（後・拡張）: 通常側勝利 Turn 13 HP 先8 / 後-1
[003/900] ブンブンぶん殴り（先・拡張） vs じゃぶじゃぶマネー（後）: 通常側勝利 Turn 12 HP 先-4 / 後5
[004/900] ブンブンぶん殴り（先） vs じゃぶじゃぶマネー（後・拡張）: 通常側勝利 Turn 13 HP 先6 / 後-1
[005/900] ブンブンぶん殴り（先・拡張） vs じゃぶじゃぶマネー（後）: 拡張側勝利 Turn 11 HP 先14 / 後0
[006/900] ブンブンぶん殴り（先） vs じゃぶじゃぶマネー（後・拡張）: 拡張側勝利 Turn 10 HP 先0 / 後8
[007/900] ブンブンぶん殴り（先・拡張） vs じゃぶじゃぶマネー（後）: 通常側勝利 Turn 12 HP 先-1 / 後5
[008/900] ブンブンぶん殴り（先） vs じゃぶじゃぶマネー（後・拡張）: 通常側勝利 Turn 9 HP 先6 / 後0
[009/900] ブンブンぶん殴り（先・拡張） vs じゃぶじゃぶマネー（後）: 通常側勝利 Turn 14 HP 先-1 / 後4
[010/900] ブンブンぶん殴り（先） vs じゃぶじゃぶマネー（後・拡張）: 拡張側勝利 Turn 12 HP 先-1 / 後7
[011/900] ブンブンぶん殴り（先・拡張） vs じゃぶじゃぶマネー（後）: 拡張側勝利 Turn 11 HP 先6 / 後0
[012/900] ブンブンぶん殴り（先） vs じゃぶじゃぶマネー（後・拡張）: 通常側勝利 Turn 13 HP 先7 / 後-4
[013/900] ブンブンぶん殴り（先・拡張） vs じゃぶじゃぶマネー（後）: 拡張側勝利 Turn 9 HP 先8 / 後-3
[014/900] ブンブンぶん殴り（先） vs じゃぶじゃぶマネー（後・拡張）: 拡張側勝利 Turn 10 HP 先0 / 後10
[015/900] ブンブンぶん殴り（先・拡張） vs じゃぶじゃぶマネー（後）: 拡張側勝利 Turn 13 HP 先11 / 後-1
[016/900] ブンブンぶん殴り（先） vs じゃぶじゃぶマネー（後・拡張）: 拡張側勝利 Turn 10 HP 先0 / 後7
[017/900] ブンブンぶん殴り（先・拡張） vs じゃぶじゃぶマネー（後）: 拡張側勝利 Turn 11 HP 先6 / 後-8
[018/900] ブンブンぶん殴り（先） vs じゃぶじゃぶマネー（後・拡張）: 拡張側勝利 Turn 14 HP 先-5 / 後4
[019/900] ブンブンぶん殴り（先・拡張） vs じゃぶじゃぶマネー（後）: 通常側勝利 Turn 12 HP 先-2 / 後1
[020/900] ブンブンぶん殴り（先） vs じゃぶじゃぶマネー（後・拡張）: 通常側勝利 Turn 11 HP 先3 / 後-2
[021/900] ブンブンぶん殴り（先・拡張） vs じゃぶじゃぶマネー（後）: 拡張側勝利 Turn 11 HP 先4 / 後-2
[022/900] ブンブンぶん殴り（先） vs じゃぶじゃぶマネー（後・拡張）: 拡張側勝利 Turn 12 HP 先0 / 後5
[023/900] ブンブンぶん殴り（先・拡張） vs じゃぶじゃぶマネー（後）: 拡張側勝利 Turn 9 HP 先9 / 後0
[024/900] ブンブンぶん殴り（先） vs じゃぶじゃぶマネー（後・拡張）: 拡張側勝利 Turn 8 HP 先-1 / 後4
[025/900] ブンブンぶん殴り（先・拡張） vs じゃぶじゃぶマネー（後）: 通常側勝利 Turn 10 HP 先-1 / 後5
[026/900] ブンブンぶん殴り（先） vs じゃぶじゃぶマネー（後・拡張）: 拡張側勝利 Turn 20 HP 先0 / 後4
[027/900] ブンブンぶん殴り（先・拡張） vs じゃぶじゃぶマネー（後）: 通常側勝利 Turn 12 HP 先-1 / 後11
[028/900] ブンブンぶん殴り（先） vs じゃぶじゃぶマネー（後・拡張）: 拡張側勝利 Turn 14 HP 先0 / 後10
[029/900] ブンブンぶん殴り（先・拡張） vs じゃぶじゃぶマネー（後）: 拡張側勝利 Turn 9 HP 先10 / 後-2
[030/900] ブンブンぶん殴り（先） vs じゃぶじゃぶマネー（後・拡張）: 拡張側勝利 Turn 12 HP 先0 / 後5
[031/900] じゃぶじゃぶマネー（先・拡張） vs ブンブンぶん殴り（後）: 通常側勝利 Turn 10 HP 先0 / 後6
[032/900] じゃぶじゃぶマネー（先） vs ブンブンぶん殴り（後・拡張）: 通常側勝利 Turn 13 HP 先17 / 後0
[033/900] じゃぶじゃぶマネー（先・拡張） vs ブンブンぶん殴り（後）: 通常側勝利 Turn 14 HP 先0 / 後7
[034/900] じゃぶじゃぶマネー（先） vs ブンブンぶん殴り（後・拡張）: 通常側勝利 Turn 13 HP 先8 / 後-8
[035/900] じゃぶじゃぶマネー（先・拡張） vs ブンブンぶん殴り（後）: 通常側勝利 Turn 10 HP 先-2 / 後7
[036/900] じゃぶじゃぶマネー（先） vs ブンブンぶん殴り（後・拡張）: 拡張側勝利 Turn 14 HP 先0 / 後11
[037/900] じゃぶじゃぶマネー（先・拡張） vs ブンブンぶん殴り（後）: 通常側勝利 Turn 12 HP 先-4 / 後14
[038/900] じゃぶじゃぶマネー（先） vs ブンブンぶん殴り（後・拡張）: 拡張側勝利 Turn 14 HP 先0 / 後9
[039/900] じゃぶじゃぶマネー（先・拡張） vs ブンブンぶん殴り（後）: 拡張側勝利 Turn 11 HP 先12 / 後0
[040/900] じゃぶじゃぶマネー（先） vs ブンブンぶん殴り（後・拡張）: 通常側勝利 Turn 13 HP 先4 / 後-1
[041/900] じゃぶじゃぶマネー（先・拡張） vs ブンブンぶん殴り（後）: 通常側勝利 Turn 10 HP 先-1 / 後8
[042/900] じゃぶじゃぶマネー（先） vs ブンブンぶん殴り（後・拡張）: 通常側勝利 Turn 15 HP 先18 / 後-3
[043/900] じゃぶじゃぶマネー（先・拡張） vs ブンブンぶん殴り（後）: 拡張側勝利 Turn 11 HP 先15 / 後-5
[044/900] じゃぶじゃぶマネー（先） vs ブンブンぶん殴り（後・拡張）: 拡張側勝利 Turn 12 HP 先0 / 後11
[045/900] じゃぶじゃぶマネー（先・拡張） vs ブンブンぶん殴り（後）: 拡張側勝利 Turn 13 HP 先10 / 後0
[046/900] じゃぶじゃぶマネー（先） vs ブンブンぶん殴り（後・拡張）: 拡張側勝利 Turn 10 HP 先-9 / 後14
[047/900] じゃぶじゃぶマネー（先・拡張） vs ブンブンぶん殴り（後）: 拡張側勝利 Turn 11 HP 先10 / 後0
[048/900] じゃぶじゃぶマネー（先） vs ブンブンぶん殴り（後・拡張）: 通常側勝利 Turn 11 HP 先1 / 後-2
[049/900] じゃぶじゃぶマネー（先・拡張） vs ブンブンぶん殴り（後）: 拡張側勝利 Turn 9 HP 先5 / 後0
[050/900] じゃぶじゃぶマネー（先） vs ブンブンぶん殴り（後・拡張）: 拡張側勝利 Turn 10 HP 先-2 / 後17
[051/900] じゃぶじゃぶマネー（先・拡張） vs ブンブンぶん殴り（後）: 拡張側勝利 Turn 19 HP 先9 / 後0
[052/900] じゃぶじゃぶマネー（先） vs ブンブンぶん殴り（後・拡張）: 拡張側勝利 Turn 14 HP 先-2 / 後3
[053/900] じゃぶじゃぶマネー（先・拡張） vs ブンブンぶん殴り（後）: 拡張側勝利 Turn 9 HP 先8 / 後-2
[054/900] じゃぶじゃぶマネー（先） vs ブンブンぶん殴り（後・拡張）: 拡張側勝利 Turn 16 HP 先0 / 後8
[055/900] じゃぶじゃぶマネー（先・拡張） vs ブンブンぶん殴り（後）: 通常側勝利 Turn 12 HP 先0 / 後12
[056/900] じゃぶじゃぶマネー（先） vs ブンブンぶん殴り（後・拡張）: 拡張側勝利 Turn 14 HP 先0 / 後4
[057/900] じゃぶじゃぶマネー（先・拡張） vs ブンブンぶん殴り（後）: 通常側勝利 Turn 14 HP 先-1 / 後5
[058/900] じゃぶじゃぶマネー（先） vs ブンブンぶん殴り（後・拡張）: 通常側勝利 Turn 11 HP 先10 / 後-2
[059/900] じゃぶじゃぶマネー（先・拡張） vs ブンブンぶん殴り（後）: 通常側勝利 Turn 12 HP 先0 / 後13
[060/900] じゃぶじゃぶマネー（先） vs ブンブンぶん殴り（後・拡張）: 通常側勝利 Turn 15 HP 先9 / 後-1
[061/900] ブンブンぶん殴り（先・拡張） vs 急襲レールウェイ（後）: 通常側勝利 Turn 10 HP 先-2 / 後13
[062/900] ブンブンぶん殴り（先） vs 急襲レールウェイ（後・拡張）: 通常側勝利 Turn 9 HP 先13 / 後0
[063/900] ブンブンぶん殴り（先・拡張） vs 急襲レールウェイ（後）: 拡張側勝利 Turn 13 HP 先12 / 後0
[064/900] ブンブンぶん殴り（先） vs 急襲レールウェイ（後・拡張）: 拡張側勝利 Turn 10 HP 先-1 / 後7
[065/900] ブンブンぶん殴り（先・拡張） vs 急襲レールウェイ（後）: 拡張側勝利 Turn 13 HP 先2 / 後-2
[066/900] ブンブンぶん殴り（先） vs 急襲レールウェイ（後・拡張）: 拡張側勝利 Turn 10 HP 先0 / 後15
[067/900] ブンブンぶん殴り（先・拡張） vs 急襲レールウェイ（後）: 拡張側勝利 Turn 13 HP 先5 / 後-2
[068/900] ブンブンぶん殴り（先） vs 急襲レールウェイ（後・拡張）: 拡張側勝利 Turn 14 HP 先0 / 後9
[069/900] ブンブンぶん殴り（先・拡張） vs 急襲レールウェイ（後）: 拡張側勝利 Turn 9 HP 先5 / 後-1
[070/900] ブンブンぶん殴り（先） vs 急襲レールウェイ（後・拡張）: 通常側勝利 Turn 11 HP 先5 / 後-1
[071/900] ブンブンぶん殴り（先・拡張） vs 急襲レールウェイ（後）: 拡張側勝利 Turn 13 HP 先2 / 後-1
[072/900] ブンブンぶん殴り（先） vs 急襲レールウェイ（後・拡張）: 通常側勝利 Turn 13 HP 先4 / 後-2
[073/900] ブンブンぶん殴り（先・拡張） vs 急襲レールウェイ（後）: 拡張側勝利 Turn 9 HP 先14 / 後-1
[074/900] ブンブンぶん殴り（先） vs 急襲レールウェイ（後・拡張）: 通常側勝利 Turn 15 HP 先9 / 後-3
[075/900] ブンブンぶん殴り（先・拡張） vs 急襲レールウェイ（後）: 拡張側勝利 Turn 9 HP 先13 / 後0
[076/900] ブンブンぶん殴り（先） vs 急襲レールウェイ（後・拡張）: 通常側勝利 Turn 11 HP 先7 / 後-1
[077/900] ブンブンぶん殴り（先・拡張） vs 急襲レールウェイ（後）: 通常側勝利 Turn 12 HP 先0 / 後6
[078/900] ブンブンぶん殴り（先） vs 急襲レールウェイ（後・拡張）: 拡張側勝利 Turn 12 HP 先-3 / 後9
[079/900] ブンブンぶん殴り（先・拡張） vs 急襲レールウェイ（後）: 拡張側勝利 Turn 9 HP 先7 / 後0
[080/900] ブンブンぶん殴り（先） vs 急襲レールウェイ（後・拡張）: 通常側勝利 Turn 9 HP 先11 / 後0
[081/900] ブンブンぶん殴り（先・拡張） vs 急襲レールウェイ（後）: 拡張側勝利 Turn 9 HP 先5 / 後0
[082/900] ブンブンぶん殴り（先） vs 急襲レールウェイ（後・拡張）: 通常側勝利 Turn 11 HP 先9 / 後-1
[083/900] ブンブンぶん殴り（先・拡張） vs 急襲レールウェイ（後）: 通常側勝利 Turn 12 HP 先0 / 後10
[084/900] ブンブンぶん殴り（先） vs 急襲レールウェイ（後・拡張）: 通常側勝利 Turn 13 HP 先1 / 後0
[085/900] ブンブンぶん殴り（先・拡張） vs 急襲レールウェイ（後）: 拡張側勝利 Turn 7 HP 先13 / 後-1
[086/900] ブンブンぶん殴り（先） vs 急襲レールウェイ（後・拡張）: 通常側勝利 Turn 13 HP 先4 / 後-1
[087/900] ブンブンぶん殴り（先・拡張） vs 急襲レールウェイ（後）: 拡張側勝利 Turn 13 HP 先9 / 後-2
[088/900] ブンブンぶん殴り（先） vs 急襲レールウェイ（後・拡張）: 通常側勝利 Turn 9 HP 先10 / 後-1
[089/900] ブンブンぶん殴り（先・拡張） vs 急襲レールウェイ（後）: 拡張側勝利 Turn 13 HP 先2 / 後-4
[090/900] ブンブンぶん殴り（先） vs 急襲レールウェイ（後・拡張）: 拡張側勝利 Turn 12 HP 先-3 / 後11
[091/900] 急襲レールウェイ（先・拡張） vs ブンブンぶん殴り（後）: 通常側勝利 Turn 10 HP 先0 / 後9
[092/900] 急襲レールウェイ（先） vs ブンブンぶん殴り（後・拡張）: 通常側勝利 Turn 9 HP 先6 / 後0
[093/900] 急襲レールウェイ（先・拡張） vs ブンブンぶん殴り（後）: 拡張側勝利 Turn 9 HP 先14 / 後-1
[094/900] 急襲レールウェイ（先） vs ブンブンぶん殴り（後・拡張）: 拡張側勝利 Turn 12 HP 先-7 / 後14
[095/900] 急襲レールウェイ（先・拡張） vs ブンブンぶん殴り（後）: 拡張側勝利 Turn 13 HP 先11 / 後0
[096/900] 急襲レールウェイ（先） vs ブンブンぶん殴り（後・拡張）: 通常側勝利 Turn 11 HP 先4 / 後-1
[097/900] 急襲レールウェイ（先・拡張） vs ブンブンぶん殴り（後）: 通常側勝利 Turn 12 HP 先-4 / 後4
[098/900] 急襲レールウェイ（先） vs ブンブンぶん殴り（後・拡張）: 拡張側勝利 Turn 10 HP 先0 / 後10
[099/900] 急襲レールウェイ（先・拡張） vs ブンブンぶん殴り（後）: 通常側勝利 Turn 12 HP 先-4 / 後8
[100/900] 急襲レールウェイ（先） vs ブンブンぶん殴り（後・拡張）: 拡張側勝利 Turn 8 HP 先0 / 後11
[101/900] 急襲レールウェイ（先・拡張） vs ブンブンぶん殴り（後）: 通常側勝利 Turn 12 HP 先0 / 後10
[102/900] 急襲レールウェイ（先） vs ブンブンぶん殴り（後・拡張）: 拡張側勝利 Turn 14 HP 先-2 / 後13
[103/900] 急襲レールウェイ（先・拡張） vs ブンブンぶん殴り（後）: 通常側勝利 Turn 14 HP 先-1 / 後11
[104/900] 急襲レールウェイ（先） vs ブンブンぶん殴り（後・拡張）: 拡張側勝利 Turn 10 HP 先-1 / 後7
[105/900] 急襲レールウェイ（先・拡張） vs ブンブンぶん殴り（後）: 通常側勝利 Turn 8 HP 先0 / 後10
[106/900] 急襲レールウェイ（先） vs ブンブンぶん殴り（後・拡張）: 拡張側勝利 Turn 8 HP 先0 / 後16
[107/900] 急襲レールウェイ（先・拡張） vs ブンブンぶん殴り（後）: 通常側勝利 Turn 10 HP 先0 / 後3
[108/900] 急襲レールウェイ（先） vs ブンブンぶん殴り（後・拡張）: 拡張側勝利 Turn 12 HP 先0 / 後5
[109/900] 急襲レールウェイ（先・拡張） vs ブンブンぶん殴り（後）: 通常側勝利 Turn 10 HP 先0 / 後11
[110/900] 急襲レールウェイ（先） vs ブンブンぶん殴り（後・拡張）: 拡張側勝利 Turn 10 HP 先-1 / 後2
[111/900] 急襲レールウェイ（先・拡張） vs ブンブンぶん殴り（後）: 拡張側勝利 Turn 7 HP 先15 / 後-2
[112/900] 急襲レールウェイ（先） vs ブンブンぶん殴り（後・拡張）: 拡張側勝利 Turn 12 HP 先-1 / 後4
[113/900] 急襲レールウェイ（先・拡張） vs ブンブンぶん殴り（後）: 通常側勝利 Turn 10 HP 先-1 / 後6
[114/900] 急襲レールウェイ（先） vs ブンブンぶん殴り（後・拡張）: 拡張側勝利 Turn 8 HP 先-1 / 後4
[115/900] 急襲レールウェイ（先・拡張） vs ブンブンぶん殴り（後）: 通常側勝利 Turn 12 HP 先0 / 後4
[116/900] 急襲レールウェイ（先） vs ブンブンぶん殴り（後・拡張）: 拡張側勝利 Turn 8 HP 先0 / 後7
[117/900] 急襲レールウェイ（先・拡張） vs ブンブンぶん殴り（後）: 通常側勝利 Turn 10 HP 先0 / 後10
[118/900] 急襲レールウェイ（先） vs ブンブンぶん殴り（後・拡張）: 拡張側勝利 Turn 10 HP 先-2 / 後7
[119/900] 急襲レールウェイ（先・拡張） vs ブンブンぶん殴り（後）: 拡張側勝利 Turn 7 HP 先13 / 後-2
[120/900] 急襲レールウェイ（先） vs ブンブンぶん殴り（後・拡張）: 通常側勝利 Turn 9 HP 先7 / 後0
[121/900] ブンブンぶん殴り（先・拡張） vs 爆弾魔（後）: 通常側勝利 Turn 10 HP 先-1 / 後3
[122/900] ブンブンぶん殴り（先） vs 爆弾魔（後・拡張）: 通常側勝利 Turn 11 HP 先11 / 後-1
[123/900] ブンブンぶん殴り（先・拡張） vs 爆弾魔（後）: 通常側勝利 Turn 10 HP 先0 / 後2
[124/900] ブンブンぶん殴り（先） vs 爆弾魔（後・拡張）: 拡張側勝利 Turn 10 HP 先-5 / 後3
[125/900] ブンブンぶん殴り（先・拡張） vs 爆弾魔（後）: 拡張側勝利 Turn 11 HP 先1 / 後-2
[126/900] ブンブンぶん殴り（先） vs 爆弾魔（後・拡張）: 拡張側勝利 Turn 8 HP 先0 / 後16
[127/900] ブンブンぶん殴り（先・拡張） vs 爆弾魔（後）: 通常側勝利 Turn 8 HP 先-3 / 後4
[128/900] ブンブンぶん殴り（先） vs 爆弾魔（後・拡張）: 通常側勝利 Turn 9 HP 先7 / 後-1
[129/900] ブンブンぶん殴り（先・拡張） vs 爆弾魔（後）: 通常側勝利 Turn 10 HP 先0 / 後1
[130/900] ブンブンぶん殴り（先） vs 爆弾魔（後・拡張）: 拡張側勝利 Turn 8 HP 先-8 / 後15
[131/900] ブンブンぶん殴り（先・拡張） vs 爆弾魔（後）: 通常側勝利 Turn 8 HP 先-3 / 後10
[132/900] ブンブンぶん殴り（先） vs 爆弾魔（後・拡張）: 拡張側勝利 Turn 12 HP 先-2 / 後7
[133/900] ブンブンぶん殴り（先・拡張） vs 爆弾魔（後）: 通常側勝利 Turn 8 HP 先0 / 後17
[134/900] ブンブンぶん殴り（先） vs 爆弾魔（後・拡張）: 通常側勝利 Turn 9 HP 先6 / 後0
[135/900] ブンブンぶん殴り（先・拡張） vs 爆弾魔（後）: 拡張側勝利 Turn 11 HP 先9 / 後0
[136/900] ブンブンぶん殴り（先） vs 爆弾魔（後・拡張）: 通常側勝利 Turn 11 HP 先1 / 後0
[137/900] ブンブンぶん殴り（先・拡張） vs 爆弾魔（後）: 拡張側勝利 Turn 7 HP 先4 / 後0
[138/900] ブンブンぶん殴り（先） vs 爆弾魔（後・拡張）: 通常側勝利 Turn 9 HP 先5 / 後0
[139/900] ブンブンぶん殴り（先・拡張） vs 爆弾魔（後）: 拡張側勝利 Turn 7 HP 先8 / 後-1
[140/900] ブンブンぶん殴り（先） vs 爆弾魔（後・拡張）: 拡張側勝利 Turn 14 HP 先-7 / 後5
[141/900] ブンブンぶん殴り（先・拡張） vs 爆弾魔（後）: 通常側勝利 Turn 8 HP 先-1 / 後9
[142/900] ブンブンぶん殴り（先） vs 爆弾魔（後・拡張）: 拡張側勝利 Turn 10 HP 先0 / 後10
[143/900] ブンブンぶん殴り（先・拡張） vs 爆弾魔（後）: 拡張側勝利 Turn 9 HP 先16 / 後-4
[144/900] ブンブンぶん殴り（先） vs 爆弾魔（後・拡張）: 拡張側勝利 Turn 10 HP 先-6 / 後6
[145/900] ブンブンぶん殴り（先・拡張） vs 爆弾魔（後）: 拡張側勝利 Turn 9 HP 先9 / 後-2
[146/900] ブンブンぶん殴り（先） vs 爆弾魔（後・拡張）: 通常側勝利 Turn 7 HP 先16 / 後0
[147/900] ブンブンぶん殴り（先・拡張） vs 爆弾魔（後）: 通常側勝利 Turn 10 HP 先-1 / 後9
[148/900] ブンブンぶん殴り（先） vs 爆弾魔（後・拡張）: 拡張側勝利 Turn 10 HP 先0 / 後9
[149/900] ブンブンぶん殴り（先・拡張） vs 爆弾魔（後）: 拡張側勝利 Turn 9 HP 先10 / 後-1
[150/900] ブンブンぶん殴り（先） vs 爆弾魔（後・拡張）: 拡張側勝利 Turn 8 HP 先0 / 後1
[151/900] 爆弾魔（先・拡張） vs ブンブンぶん殴り（後）: 通常側勝利 Turn 10 HP 先-2 / 後10
[152/900] 爆弾魔（先） vs ブンブンぶん殴り（後・拡張）: 拡張側勝利 Turn 8 HP 先-3 / 後12
[153/900] 爆弾魔（先・拡張） vs ブンブンぶん殴り（後）: 拡張側勝利 Turn 11 HP 先7 / 後-1
[154/900] 爆弾魔（先） vs ブンブンぶん殴り（後・拡張）: 通常側勝利 Turn 9 HP 先5 / 後-1
[155/900] 爆弾魔（先・拡張） vs ブンブンぶん殴り（後）: 拡張側勝利 Turn 7 HP 先16 / 後0
[156/900] 爆弾魔（先） vs ブンブンぶん殴り（後・拡張）: 拡張側勝利 Turn 14 HP 先0 / 後6
[157/900] 爆弾魔（先・拡張） vs ブンブンぶん殴り（後）: 拡張側勝利 Turn 11 HP 先6 / 後-1
[158/900] 爆弾魔（先） vs ブンブンぶん殴り（後・拡張）: 通常側勝利 Turn 9 HP 先6 / 後0
[159/900] 爆弾魔（先・拡張） vs ブンブンぶん殴り（後）: 拡張側勝利 Turn 7 HP 先18 / 後0
[160/900] 爆弾魔（先） vs ブンブンぶん殴り（後・拡張）: 通常側勝利 Turn 7 HP 先11 / 後0
[161/900] 爆弾魔（先・拡張） vs ブンブンぶん殴り（後）: 拡張側勝利 Turn 13 HP 先2 / 後-2
[162/900] 爆弾魔（先） vs ブンブンぶん殴り（後・拡張）: 拡張側勝利 Turn 10 HP 先0 / 後2
[163/900] 爆弾魔（先・拡張） vs ブンブンぶん殴り（後）: 拡張側勝利 Turn 7 HP 先8 / 後0
[164/900] 爆弾魔（先） vs ブンブンぶん殴り（後・拡張）: 通常側勝利 Turn 9 HP 先10 / 後0
[165/900] 爆弾魔（先・拡張） vs ブンブンぶん殴り（後）: 通常側勝利 Turn 8 HP 先0 / 後8
[166/900] 爆弾魔（先） vs ブンブンぶん殴り（後・拡張）: 通常側勝利 Turn 9 HP 先4 / 後0
[167/900] 爆弾魔（先・拡張） vs ブンブンぶん殴り（後）: 拡張側勝利 Turn 9 HP 先14 / 後0
[168/900] 爆弾魔（先） vs ブンブンぶん殴り（後・拡張）: 拡張側勝利 Turn 8 HP 先0 / 後10
[169/900] 爆弾魔（先・拡張） vs ブンブンぶん殴り（後）: 拡張側勝利 Turn 13 HP 先5 / 後-1
[170/900] 爆弾魔（先） vs ブンブンぶん殴り（後・拡張）: 通常側勝利 Turn 9 HP 先3 / 後-1
[171/900] 爆弾魔（先・拡張） vs ブンブンぶん殴り（後）: 拡張側勝利 Turn 11 HP 先3 / 後-1
[172/900] 爆弾魔（先） vs ブンブンぶん殴り（後・拡張）: 通常側勝利 Turn 11 HP 先12 / 後0
[173/900] 爆弾魔（先・拡張） vs ブンブンぶん殴り（後）: 通常側勝利 Turn 10 HP 先0 / 後1
[174/900] 爆弾魔（先） vs ブンブンぶん殴り（後・拡張）: 拡張側勝利 Turn 8 HP 先0 / 後14
[175/900] 爆弾魔（先・拡張） vs ブンブンぶん殴り（後）: 拡張側勝利 Turn 9 HP 先2 / 後0
[176/900] 爆弾魔（先） vs ブンブンぶん殴り（後・拡張）: 通常側勝利 Turn 7 HP 先11 / 後0
[177/900] 爆弾魔（先・拡張） vs ブンブンぶん殴り（後）: 拡張側勝利 Turn 11 HP 先1 / 後0
[178/900] 爆弾魔（先） vs ブンブンぶん殴り（後・拡張）: 通常側勝利 Turn 11 HP 先15 / 後-1
[179/900] 爆弾魔（先・拡張） vs ブンブンぶん殴り（後）: 拡張側勝利 Turn 7 HP 先10 / 後0
[180/900] 爆弾魔（先） vs ブンブンぶん殴り（後・拡張）: 拡張側勝利 Turn 10 HP 先0 / 後8
[181/900] ブンブンぶん殴り（先・拡張） vs メガトンハンマー（後）: 通常側勝利 Turn 8 HP 先0 / 後14
[182/900] ブンブンぶん殴り（先） vs メガトンハンマー（後・拡張）: 通常側勝利 Turn 13 HP 先3 / 後-2
[183/900] ブンブンぶん殴り（先・拡張） vs メガトンハンマー（後）: 拡張側勝利 Turn 9 HP 先4 / 後-3
[184/900] ブンブンぶん殴り（先） vs メガトンハンマー（後・拡張）: 通常側勝利 Turn 15 HP 先8 / 後0
[185/900] ブンブンぶん殴り（先・拡張） vs メガトンハンマー（後）: 拡張側勝利 Turn 11 HP 先13 / 後-1
[186/900] ブンブンぶん殴り（先） vs メガトンハンマー（後・拡張）: 通常側勝利 Turn 11 HP 先11 / 後-4
[187/900] ブンブンぶん殴り（先・拡張） vs メガトンハンマー（後）: 拡張側勝利 Turn 9 HP 先10 / 後0
[188/900] ブンブンぶん殴り（先） vs メガトンハンマー（後・拡張）: 拡張側勝利 Turn 10 HP 先0 / 後6
[189/900] ブンブンぶん殴り（先・拡張） vs メガトンハンマー（後）: 通常側勝利 Turn 12 HP 先-3 / 後14
[190/900] ブンブンぶん殴り（先） vs メガトンハンマー（後・拡張）: 通常側勝利 Turn 9 HP 先6 / 後0
[191/900] ブンブンぶん殴り（先・拡張） vs メガトンハンマー（後）: 拡張側勝利 Turn 13 HP 先2 / 後-1
[192/900] ブンブンぶん殴り（先） vs メガトンハンマー（後・拡張）: 拡張側勝利 Turn 10 HP 先0 / 後8
[193/900] ブンブンぶん殴り（先・拡張） vs メガトンハンマー（後）: 拡張側勝利 Turn 9 HP 先14 / 後-1
[194/900] ブンブンぶん殴り（先） vs メガトンハンマー（後・拡張）: 通常側勝利 Turn 9 HP 先14 / 後0
[195/900] ブンブンぶん殴り（先・拡張） vs メガトンハンマー（後）: 通常側勝利 Turn 16 HP 先-1 / 後4
[196/900] ブンブンぶん殴り（先） vs メガトンハンマー（後・拡張）: 拡張側勝利 Turn 10 HP 先0 / 後15
[197/900] ブンブンぶん殴り（先・拡張） vs メガトンハンマー（後）: 拡張側勝利 Turn 9 HP 先8 / 後-2
[198/900] ブンブンぶん殴り（先） vs メガトンハンマー（後・拡張）: 拡張側勝利 Turn 10 HP 先-6 / 後4
[199/900] ブンブンぶん殴り（先・拡張） vs メガトンハンマー（後）: 拡張側勝利 Turn 11 HP 先8 / 後0
[200/900] ブンブンぶん殴り（先） vs メガトンハンマー（後・拡張）: 拡張側勝利 Turn 12 HP 先0 / 後6
[201/900] ブンブンぶん殴り（先・拡張） vs メガトンハンマー（後）: 拡張側勝利 Turn 11 HP 先2 / 後-1
[202/900] ブンブンぶん殴り（先） vs メガトンハンマー（後・拡張）: 拡張側勝利 Turn 10 HP 先-1 / 後8
[203/900] ブンブンぶん殴り（先・拡張） vs メガトンハンマー（後）: 通常側勝利 Turn 12 HP 先0 / 後4
[204/900] ブンブンぶん殴り（先） vs メガトンハンマー（後・拡張）: 拡張側勝利 Turn 12 HP 先-1 / 後16
[205/900] ブンブンぶん殴り（先・拡張） vs メガトンハンマー（後）: 拡張側勝利 Turn 13 HP 先11 / 後0
[206/900] ブンブンぶん殴り（先） vs メガトンハンマー（後・拡張）: 拡張側勝利 Turn 14 HP 先0 / 後5
[207/900] ブンブンぶん殴り（先・拡張） vs メガトンハンマー（後）: 拡張側勝利 Turn 9 HP 先7 / 後-1
[208/900] ブンブンぶん殴り（先） vs メガトンハンマー（後・拡張）: 通常側勝利 Turn 9 HP 先14 / 後0
[209/900] ブンブンぶん殴り（先・拡張） vs メガトンハンマー（後）: 拡張側勝利 Turn 17 HP 先4 / 後-3
[210/900] ブンブンぶん殴り（先） vs メガトンハンマー（後・拡張）: 拡張側勝利 Turn 10 HP 先0 / 後4
[211/900] メガトンハンマー（先・拡張） vs ブンブンぶん殴り（後）: 拡張側勝利 Turn 11 HP 先2 / 後-1
[212/900] メガトンハンマー（先） vs ブンブンぶん殴り（後・拡張）: 通常側勝利 Turn 9 HP 先12 / 後-2
[213/900] メガトンハンマー（先・拡張） vs ブンブンぶん殴り（後）: 通常側勝利 Turn 10 HP 先-5 / 後6
[214/900] メガトンハンマー（先） vs ブンブンぶん殴り（後・拡張）: 通常側勝利 Turn 13 HP 先1 / 後0
[215/900] メガトンハンマー（先・拡張） vs ブンブンぶん殴り（後）: 拡張側勝利 Turn 11 HP 先4 / 後0
[216/900] メガトンハンマー（先） vs ブンブンぶん殴り（後・拡張）: 拡張側勝利 Turn 10 HP 先0 / 後9
[217/900] メガトンハンマー（先・拡張） vs ブンブンぶん殴り（後）: 拡張側勝利 Turn 17 HP 先2 / 後-1
[218/900] メガトンハンマー（先） vs ブンブンぶん殴り（後・拡張）: 拡張側勝利 Turn 10 HP 先0 / 後8
[219/900] メガトンハンマー（先・拡張） vs ブンブンぶん殴り（後）: 通常側勝利 Turn 10 HP 先0 / 後6
[220/900] メガトンハンマー（先） vs ブンブンぶん殴り（後・拡張）: 拡張側勝利 Turn 10 HP 先0 / 後8
[221/900] メガトンハンマー（先・拡張） vs ブンブンぶん殴り（後）: 拡張側勝利 Turn 11 HP 先2 / 後-2
[222/900] メガトンハンマー（先） vs ブンブンぶん殴り（後・拡張）: 拡張側勝利 Turn 12 HP 先-1 / 後5
[223/900] メガトンハンマー（先・拡張） vs ブンブンぶん殴り（後）: 通常側勝利 Turn 12 HP 先0 / 後15
[224/900] メガトンハンマー（先） vs ブンブンぶん殴り（後・拡張）: 通常側勝利 Turn 11 HP 先10 / 後-3
[225/900] メガトンハンマー（先・拡張） vs ブンブンぶん殴り（後）: 拡張側勝利 Turn 9 HP 先14 / 後-2
[226/900] メガトンハンマー（先） vs ブンブンぶん殴り（後・拡張）: 通常側勝利 Turn 9 HP 先12 / 後-2
[227/900] メガトンハンマー（先・拡張） vs ブンブンぶん殴り（後）: 拡張側勝利 Turn 11 HP 先8 / 後-2
[228/900] メガトンハンマー（先） vs ブンブンぶん殴り（後・拡張）: 拡張側勝利 Turn 10 HP 先-12 / 後2
[229/900] メガトンハンマー（先・拡張） vs ブンブンぶん殴り（後）: 拡張側勝利 Turn 13 HP 先9 / 後0
[230/900] メガトンハンマー（先） vs ブンブンぶん殴り（後・拡張）: 拡張側勝利 Turn 16 HP 先-1 / 後6
[231/900] メガトンハンマー（先・拡張） vs ブンブンぶん殴り（後）: 拡張側勝利 Turn 11 HP 先1 / 後0
[232/900] メガトンハンマー（先） vs ブンブンぶん殴り（後・拡張）: 拡張側勝利 Turn 14 HP 先-1 / 後9
[233/900] メガトンハンマー（先・拡張） vs ブンブンぶん殴り（後）: 拡張側勝利 Turn 11 HP 先10 / 後-3
[234/900] メガトンハンマー（先） vs ブンブンぶん殴り（後・拡張）: 通常側勝利 Turn 13 HP 先3 / 後0
[235/900] メガトンハンマー（先・拡張） vs ブンブンぶん殴り（後）: 通常側勝利 Turn 12 HP 先-1 / 後6
[236/900] メガトンハンマー（先） vs ブンブンぶん殴り（後・拡張）: 拡張側勝利 Turn 14 HP 先-1 / 後8
[237/900] メガトンハンマー（先・拡張） vs ブンブンぶん殴り（後）: 通常側勝利 Turn 12 HP 先0 / 後12
[238/900] メガトンハンマー（先） vs ブンブンぶん殴り（後・拡張）: 通常側勝利 Turn 11 HP 先2 / 後0
[239/900] メガトンハンマー（先・拡張） vs ブンブンぶん殴り（後）: 拡張側勝利 Turn 9 HP 先4 / 後0
[240/900] メガトンハンマー（先） vs ブンブンぶん殴り（後・拡張）: 拡張側勝利 Turn 10 HP 先-9 / 後5
[241/900] ブンブンぶん殴り（先・拡張） vs 真綿（後）: 拡張側勝利 Turn 11 HP 先14 / 後0
[242/900] ブンブンぶん殴り（先） vs 真綿（後・拡張）: 拡張側勝利 Turn 16 HP 先-3 / 後10
[243/900] ブンブンぶん殴り（先・拡張） vs 真綿（後）: 通常側勝利 Turn 16 HP 先0 / 後2
[244/900] ブンブンぶん殴り（先） vs 真綿（後・拡張）: 通常側勝利 Turn 7 HP 先14 / 後0
[245/900] ブンブンぶん殴り（先・拡張） vs 真綿（後）: 通常側勝利 Turn 12 HP 先-1 / 後4
[246/900] ブンブンぶん殴り（先） vs 真綿（後・拡張）: 拡張側勝利 Turn 10 HP 先-3 / 後5
[247/900] ブンブンぶん殴り（先・拡張） vs 真綿（後）: 拡張側勝利 Turn 11 HP 先1 / 後-3
[248/900] ブンブンぶん殴り（先） vs 真綿（後・拡張）: 通常側勝利 Turn 9 HP 先15 / 後0
[249/900] ブンブンぶん殴り（先・拡張） vs 真綿（後）: 拡張側勝利 Turn 9 HP 先15 / 後0
[250/900] ブンブンぶん殴り（先） vs 真綿（後・拡張）: 通常側勝利 Turn 17 HP 先4 / 後0
[251/900] ブンブンぶん殴り（先・拡張） vs 真綿（後）: 拡張側勝利 Turn 11 HP 先12 / 後0
[252/900] ブンブンぶん殴り（先） vs 真綿（後・拡張）: 拡張側勝利 Turn 12 HP 先0 / 後2
[253/900] ブンブンぶん殴り（先・拡張） vs 真綿（後）: 通常側勝利 Turn 16 HP 先-4 / 後7
[254/900] ブンブンぶん殴り（先） vs 真綿（後・拡張）: 通常側勝利 Turn 11 HP 先12 / 後-3
[255/900] ブンブンぶん殴り（先・拡張） vs 真綿（後）: 通常側勝利 Turn 14 HP 先0 / 後7
[256/900] ブンブンぶん殴り（先） vs 真綿（後・拡張）: 通常側勝利 Turn 11 HP 先3 / 後0
[257/900] ブンブンぶん殴り（先・拡張） vs 真綿（後）: 拡張側勝利 Turn 11 HP 先15 / 後-1
[258/900] ブンブンぶん殴り（先） vs 真綿（後・拡張）: 通常側勝利 Turn 15 HP 先14 / 後0
[259/900] ブンブンぶん殴り（先・拡張） vs 真綿（後）: 拡張側勝利 Turn 15 HP 先12 / 後-1
[260/900] ブンブンぶん殴り（先） vs 真綿（後・拡張）: 通常側勝利 Turn 11 HP 先12 / 後0
[261/900] ブンブンぶん殴り（先・拡張） vs 真綿（後）: 拡張側勝利 Turn 11 HP 先9 / 後0
[262/900] ブンブンぶん殴り（先） vs 真綿（後・拡張）: 通常側勝利 Turn 13 HP 先8 / 後0
[263/900] ブンブンぶん殴り（先・拡張） vs 真綿（後）: 拡張側勝利 Turn 11 HP 先8 / 後0
[264/900] ブンブンぶん殴り（先） vs 真綿（後・拡張）: 通常側勝利 Turn 9 HP 先5 / 後0
[265/900] ブンブンぶん殴り（先・拡張） vs 真綿（後）: 拡張側勝利 Turn 11 HP 先8 / 後0
[266/900] ブンブンぶん殴り（先） vs 真綿（後・拡張）: 通常側勝利 Turn 17 HP 先13 / 後0
[267/900] ブンブンぶん殴り（先・拡張） vs 真綿（後）: 拡張側勝利 Turn 11 HP 先10 / 後-2
[268/900] ブンブンぶん殴り（先） vs 真綿（後・拡張）: 拡張側勝利 Turn 12 HP 先0 / 後11
[269/900] ブンブンぶん殴り（先・拡張） vs 真綿（後）: 拡張側勝利 Turn 13 HP 先10 / 後0
[270/900] ブンブンぶん殴り（先） vs 真綿（後・拡張）: 通常側勝利 Turn 11 HP 先6 / 後0
[271/900] 真綿（先・拡張） vs ブンブンぶん殴り（後）: 拡張側勝利 Turn 21 HP 先1 / 後0
[272/900] 真綿（先） vs ブンブンぶん殴り（後・拡張）: 通常側勝利 Turn 13 HP 先11 / 後0
[273/900] 真綿（先・拡張） vs ブンブンぶん殴り（後）: 通常側勝利 Turn 10 HP 先-1 / 後13
[274/900] 真綿（先） vs ブンブンぶん殴り（後・拡張）: 拡張側勝利 Turn 10 HP 先-4 / 後19
[275/900] 真綿（先・拡張） vs ブンブンぶん殴り（後）: 拡張側勝利 Turn 13 HP 先5 / 後-1
[276/900] 真綿（先） vs ブンブンぶん殴り（後・拡張）: 通常側勝利 Turn 9 HP 先1 / 後-1
[277/900] 真綿（先・拡張） vs ブンブンぶん殴り（後）: 通常側勝利 Turn 10 HP 先0 / 後14
[278/900] 真綿（先） vs ブンブンぶん殴り（後・拡張）: 拡張側勝利 Turn 12 HP 先0 / 後8
[279/900] 真綿（先・拡張） vs ブンブンぶん殴り（後）: 通常側勝利 Turn 12 HP 先0 / 後11
[280/900] 真綿（先） vs ブンブンぶん殴り（後・拡張）: 拡張側勝利 Turn 12 HP 先0 / 後17
[281/900] 真綿（先・拡張） vs ブンブンぶん殴り（後）: 通常側勝利 Turn 8 HP 先-2 / 後7
[282/900] 真綿（先） vs ブンブンぶん殴り（後・拡張）: 通常側勝利 Turn 13 HP 先12 / 後-6
[283/900] 真綿（先・拡張） vs ブンブンぶん殴り（後）: 通常側勝利 Turn 12 HP 先-7 / 後4
[284/900] 真綿（先） vs ブンブンぶん殴り（後・拡張）: 通常側勝利 Turn 11 HP 先11 / 後0
[285/900] 真綿（先・拡張） vs ブンブンぶん殴り（後）: 通常側勝利 Turn 12 HP 先0 / 後8
[286/900] 真綿（先） vs ブンブンぶん殴り（後・拡張）: 拡張側勝利 Turn 8 HP 先-2 / 後12
[287/900] 真綿（先・拡張） vs ブンブンぶん殴り（後）: 通常側勝利 Turn 10 HP 先0 / 後17
[288/900] 真綿（先） vs ブンブンぶん殴り（後・拡張）: 拡張側勝利 Turn 10 HP 先-3 / 後12
[289/900] 真綿（先・拡張） vs ブンブンぶん殴り（後）: 通常側勝利 Turn 14 HP 先-2 / 後9
[290/900] 真綿（先） vs ブンブンぶん殴り（後・拡張）: 拡張側勝利 Turn 10 HP 先0 / 後13
[291/900] 真綿（先・拡張） vs ブンブンぶん殴り（後）: 拡張側勝利 Turn 13 HP 先10 / 後-3
[292/900] 真綿（先） vs ブンブンぶん殴り（後・拡張）: 拡張側勝利 Turn 10 HP 先-2 / 後8
[293/900] 真綿（先・拡張） vs ブンブンぶん殴り（後）: 拡張側勝利 Turn 11 HP 先5 / 後0
[294/900] 真綿（先） vs ブンブンぶん殴り（後・拡張）: 通常側勝利 Turn 9 HP 先4 / 後-1
[295/900] 真綿（先・拡張） vs ブンブンぶん殴り（後）: 通常側勝利 Turn 12 HP 先0 / 後10
[296/900] 真綿（先） vs ブンブンぶん殴り（後・拡張）: 通常側勝利 Turn 11 HP 先8 / 後0
[297/900] 真綿（先・拡張） vs ブンブンぶん殴り（後）: 通常側勝利 Turn 12 HP 先-1 / 後11
[298/900] 真綿（先） vs ブンブンぶん殴り（後・拡張）: 通常側勝利 Turn 15 HP 先7 / 後0
[299/900] 真綿（先・拡張） vs ブンブンぶん殴り（後）: 通常側勝利 Turn 10 HP 先-1 / 後6
[300/900] 真綿（先） vs ブンブンぶん殴り（後・拡張）: 通常側勝利 Turn 11 HP 先7 / 後-3
[301/900] じゃぶじゃぶマネー（先・拡張） vs 急襲レールウェイ（後）: 通常側勝利 Turn 14 HP 先-1 / 後6
[302/900] じゃぶじゃぶマネー（先） vs 急襲レールウェイ（後・拡張）: 拡張側勝利 Turn 12 HP 先0 / 後8
[303/900] じゃぶじゃぶマネー（先・拡張） vs 急襲レールウェイ（後）: 拡張側勝利 Turn 11 HP 先13 / 後0
[304/900] じゃぶじゃぶマネー（先） vs 急襲レールウェイ（後・拡張）: 通常側勝利 Turn 13 HP 先14 / 後-1
[305/900] じゃぶじゃぶマネー（先・拡張） vs 急襲レールウェイ（後）: 拡張側勝利 Turn 15 HP 先15 / 後0
[306/900] じゃぶじゃぶマネー（先） vs 急襲レールウェイ（後・拡張）: 通常側勝利 Turn 21 HP 先9 / 後0
[307/900] じゃぶじゃぶマネー（先・拡張） vs 急襲レールウェイ（後）: 拡張側勝利 Turn 15 HP 先3 / 後0
[308/900] じゃぶじゃぶマネー（先） vs 急襲レールウェイ（後・拡張）: 拡張側勝利 Turn 12 HP 先-4 / 後11
[309/900] じゃぶじゃぶマネー（先・拡張） vs 急襲レールウェイ（後）: 拡張側勝利 Turn 13 HP 先4 / 後-2
[310/900] じゃぶじゃぶマネー（先） vs 急襲レールウェイ（後・拡張）: 通常側勝利 Turn 13 HP 先11 / 後-4
[311/900] じゃぶじゃぶマネー（先・拡張） vs 急襲レールウェイ（後）: 拡張側勝利 Turn 13 HP 先7 / 後-1
[312/900] じゃぶじゃぶマネー（先） vs 急襲レールウェイ（後・拡張）: 通常側勝利 Turn 13 HP 先10 / 後0
[313/900] じゃぶじゃぶマネー（先・拡張） vs 急襲レールウェイ（後）: 通常側勝利 Turn 12 HP 先-2 / 後13
[314/900] じゃぶじゃぶマネー（先） vs 急襲レールウェイ（後・拡張）: 拡張側勝利 Turn 10 HP 先-2 / 後6
[315/900] じゃぶじゃぶマネー（先・拡張） vs 急襲レールウェイ（後）: 通常側勝利 Turn 16 HP 先-1 / 後15
[316/900] じゃぶじゃぶマネー（先） vs 急襲レールウェイ（後・拡張）: 通常側勝利 Turn 11 HP 先9 / 後0
[317/900] じゃぶじゃぶマネー（先・拡張） vs 急襲レールウェイ（後）: 拡張側勝利 Turn 13 HP 先8 / 後-1
[318/900] じゃぶじゃぶマネー（先） vs 急襲レールウェイ（後・拡張）: 拡張側勝利 Turn 16 HP 先-1 / 後9
[319/900] じゃぶじゃぶマネー（先・拡張） vs 急襲レールウェイ（後）: 拡張側勝利 Turn 13 HP 先13 / 後0
[320/900] じゃぶじゃぶマネー（先） vs 急襲レールウェイ（後・拡張）: 拡張側勝利 Turn 20 HP 先-1 / 後10
[321/900] じゃぶじゃぶマネー（先・拡張） vs 急襲レールウェイ（後）: 通常側勝利 Turn 12 HP 先-1 / 後8
[322/900] じゃぶじゃぶマネー（先） vs 急襲レールウェイ（後・拡張）: 通常側勝利 Turn 11 HP 先7 / 後0
[323/900] じゃぶじゃぶマネー（先・拡張） vs 急襲レールウェイ（後）: 拡張側勝利 Turn 15 HP 先3 / 後-1
[324/900] じゃぶじゃぶマネー（先） vs 急襲レールウェイ（後・拡張）: 通常側勝利 Turn 15 HP 先15 / 後-5
[325/900] じゃぶじゃぶマネー（先・拡張） vs 急襲レールウェイ（後）: 拡張側勝利 Turn 11 HP 先4 / 後-1
[326/900] じゃぶじゃぶマネー（先） vs 急襲レールウェイ（後・拡張）: 拡張側勝利 Turn 10 HP 先0 / 後17
[327/900] じゃぶじゃぶマネー（先・拡張） vs 急襲レールウェイ（後）: 拡張側勝利 Turn 11 HP 先6 / 後-1
[328/900] じゃぶじゃぶマネー（先） vs 急襲レールウェイ（後・拡張）: 拡張側勝利 Turn 12 HP 先0 / 後13
[329/900] じゃぶじゃぶマネー（先・拡張） vs 急襲レールウェイ（後）: 通常側勝利 Turn 14 HP 先0 / 後8
[330/900] じゃぶじゃぶマネー（先） vs 急襲レールウェイ（後・拡張）: 通常側勝利 Turn 13 HP 先5 / 後-2
[331/900] 急襲レールウェイ（先・拡張） vs じゃぶじゃぶマネー（後）: 通常側勝利 Turn 16 HP 先-1 / 後13
[332/900] 急襲レールウェイ（先） vs じゃぶじゃぶマネー（後・拡張）: 拡張側勝利 Turn 14 HP 先-2 / 後9
[333/900] 急襲レールウェイ（先・拡張） vs じゃぶじゃぶマネー（後）: 通常側勝利 Turn 14 HP 先-8 / 後9
[334/900] 急襲レールウェイ（先） vs じゃぶじゃぶマネー（後・拡張）: 拡張側勝利 Turn 10 HP 先0 / 後1
[335/900] 急襲レールウェイ（先・拡張） vs じゃぶじゃぶマネー（後）: 拡張側勝利 Turn 13 HP 先16 / 後0
[336/900] 急襲レールウェイ（先） vs じゃぶじゃぶマネー（後・拡張）: 拡張側勝利 Turn 10 HP 先0 / 後13
[337/900] 急襲レールウェイ（先・拡張） vs じゃぶじゃぶマネー（後）: 拡張側勝利 Turn 9 HP 先17 / 後-2
[338/900] 急襲レールウェイ（先） vs じゃぶじゃぶマネー（後・拡張）: 通常側勝利 Turn 9 HP 先14 / 後0
[339/900] 急襲レールウェイ（先・拡張） vs じゃぶじゃぶマネー（後）: 通常側勝利 Turn 14 HP 先-1 / 後4
[340/900] 急襲レールウェイ（先） vs じゃぶじゃぶマネー（後・拡張）: 拡張側勝利 Turn 16 HP 先-2 / 後5
[341/900] 急襲レールウェイ（先・拡張） vs じゃぶじゃぶマネー（後）: 通常側勝利 Turn 12 HP 先-1 / 後5
[342/900] 急襲レールウェイ（先） vs じゃぶじゃぶマネー（後・拡張）: 通常側勝利 Turn 11 HP 先20 / 後0
[343/900] 急襲レールウェイ（先・拡張） vs じゃぶじゃぶマネー（後）: 通常側勝利 Turn 14 HP 先-1 / 後2
[344/900] 急襲レールウェイ（先） vs じゃぶじゃぶマネー（後・拡張）: 拡張側勝利 Turn 12 HP 先0 / 後2
[345/900] 急襲レールウェイ（先・拡張） vs じゃぶじゃぶマネー（後）: 拡張側勝利 Turn 11 HP 先10 / 後-2
[346/900] 急襲レールウェイ（先） vs じゃぶじゃぶマネー（後・拡張）: 拡張側勝利 Turn 10 HP 先-2 / 後3
[347/900] 急襲レールウェイ（先・拡張） vs じゃぶじゃぶマネー（後）: 拡張側勝利 Turn 9 HP 先17 / 後-2
[348/900] 急襲レールウェイ（先） vs じゃぶじゃぶマネー（後・拡張）: 拡張側勝利 Turn 12 HP 先-7 / 後15
[349/900] 急襲レールウェイ（先・拡張） vs じゃぶじゃぶマネー（後）: 通常側勝利 Turn 14 HP 先0 / 後7
[350/900] 急襲レールウェイ（先） vs じゃぶじゃぶマネー（後・拡張）: 通常側勝利 Turn 13 HP 先4 / 後-2
[351/900] 急襲レールウェイ（先・拡張） vs じゃぶじゃぶマネー（後）: 拡張側勝利 Turn 13 HP 先13 / 後-1
[352/900] 急襲レールウェイ（先） vs じゃぶじゃぶマネー（後・拡張）: 拡張側勝利 Turn 12 HP 先-1 / 後5
[353/900] 急襲レールウェイ（先・拡張） vs じゃぶじゃぶマネー（後）: 通常側勝利 Turn 16 HP 先0 / 後9
[354/900] 急襲レールウェイ（先） vs じゃぶじゃぶマネー（後・拡張）: 拡張側勝利 Turn 14 HP 先0 / 後4
[355/900] 急襲レールウェイ（先・拡張） vs じゃぶじゃぶマネー（後）: 拡張側勝利 Turn 11 HP 先11 / 後-1
[356/900] 急襲レールウェイ（先） vs じゃぶじゃぶマネー（後・拡張）: 拡張側勝利 Turn 22 HP 先-5 / 後4
[357/900] 急襲レールウェイ（先・拡張） vs じゃぶじゃぶマネー（後）: 拡張側勝利 Turn 9 HP 先12 / 後0
[358/900] 急襲レールウェイ（先） vs じゃぶじゃぶマネー（後・拡張）: 通常側勝利 Turn 13 HP 先8 / 後-2
[359/900] 急襲レールウェイ（先・拡張） vs じゃぶじゃぶマネー（後）: 拡張側勝利 Turn 11 HP 先14 / 後-1
[360/900] 急襲レールウェイ（先） vs じゃぶじゃぶマネー（後・拡張）: 通常側勝利 Turn 13 HP 先13 / 後-1
[361/900] じゃぶじゃぶマネー（先・拡張） vs 爆弾魔（後）: 拡張側勝利 Turn 13 HP 先1 / 後-1
[362/900] じゃぶじゃぶマネー（先） vs 爆弾魔（後・拡張）: 拡張側勝利 Turn 10 HP 先-2 / 後17
[363/900] じゃぶじゃぶマネー（先・拡張） vs 爆弾魔（後）: 通常側勝利 Turn 10 HP 先0 / 後16
[364/900] じゃぶじゃぶマネー（先） vs 爆弾魔（後・拡張）: 拡張側勝利 Turn 12 HP 先-1 / 後6
[365/900] じゃぶじゃぶマネー（先・拡張） vs 爆弾魔（後）: 拡張側勝利 Turn 11 HP 先12 / 後-3
[366/900] じゃぶじゃぶマネー（先） vs 爆弾魔（後・拡張）: 拡張側勝利 Turn 14 HP 先-1 / 後12
[367/900] じゃぶじゃぶマネー（先・拡張） vs 爆弾魔（後）: 通常側勝利 Turn 10 HP 先-1 / 後12
[368/900] じゃぶじゃぶマネー（先） vs 爆弾魔（後・拡張）: 拡張側勝利 Turn 16 HP 先0 / 後12
[369/900] じゃぶじゃぶマネー（先・拡張） vs 爆弾魔（後）: 通常側勝利 Turn 12 HP 先0 / 後1
[370/900] じゃぶじゃぶマネー（先） vs 爆弾魔（後・拡張）: 通常側勝利 Turn 11 HP 先11 / 後-1
[371/900] じゃぶじゃぶマネー（先・拡張） vs 爆弾魔（後）: 通常側勝利 Turn 12 HP 先-1 / 後12
[372/900] じゃぶじゃぶマネー（先） vs 爆弾魔（後・拡張）: 通常側勝利 Turn 15 HP 先7 / 後-1
[373/900] じゃぶじゃぶマネー（先・拡張） vs 爆弾魔（後）: 拡張側勝利 Turn 17 HP 先5 / 後-8
[374/900] じゃぶじゃぶマネー（先） vs 爆弾魔（後・拡張）: 拡張側勝利 Turn 12 HP 先-1 / 後12
[375/900] じゃぶじゃぶマネー（先・拡張） vs 爆弾魔（後）: 拡張側勝利 Turn 13 HP 先3 / 後-1
[376/900] じゃぶじゃぶマネー（先） vs 爆弾魔（後・拡張）: 通常側勝利 Turn 13 HP 先6 / 後0
[377/900] じゃぶじゃぶマネー（先・拡張） vs 爆弾魔（後）: 通常側勝利 Turn 16 HP 先0 / 後20
[378/900] じゃぶじゃぶマネー（先） vs 爆弾魔（後・拡張）: 通常側勝利 Turn 13 HP 先8 / 後-1
[379/900] じゃぶじゃぶマネー（先・拡張） vs 爆弾魔（後）: 拡張側勝利 Turn 15 HP 先2 / 後0
[380/900] じゃぶじゃぶマネー（先） vs 爆弾魔（後・拡張）: 拡張側勝利 Turn 14 HP 先0 / 後11
[381/900] じゃぶじゃぶマネー（先・拡張） vs 爆弾魔（後）: 通常側勝利 Turn 14 HP 先0 / 後15
[382/900] じゃぶじゃぶマネー（先） vs 爆弾魔（後・拡張）: 通常側勝利 Turn 19 HP 先5 / 後-2
[383/900] じゃぶじゃぶマネー（先・拡張） vs 爆弾魔（後）: 通常側勝利 Turn 16 HP 先-5 / 後16
[384/900] じゃぶじゃぶマネー（先） vs 爆弾魔（後・拡張）: 拡張側勝利 Turn 12 HP 先-1 / 後6
[385/900] じゃぶじゃぶマネー（先・拡張） vs 爆弾魔（後）: 通常側勝利 Turn 16 HP 先0 / 後22
[386/900] じゃぶじゃぶマネー（先） vs 爆弾魔（後・拡張）: 拡張側勝利 Turn 8 HP 先0 / 後19
[387/900] じゃぶじゃぶマネー（先・拡張） vs 爆弾魔（後）: 拡張側勝利 Turn 9 HP 先5 / 後0
[388/900] じゃぶじゃぶマネー（先） vs 爆弾魔（後・拡張）: 拡張側勝利 Turn 12 HP 先0 / 後2
[389/900] じゃぶじゃぶマネー（先・拡張） vs 爆弾魔（後）: 通常側勝利 Turn 10 HP 先-4 / 後17
[390/900] じゃぶじゃぶマネー（先） vs 爆弾魔（後・拡張）: 拡張側勝利 Turn 12 HP 先0 / 後7
[391/900] 爆弾魔（先・拡張） vs じゃぶじゃぶマネー（後）: 拡張側勝利 Turn 11 HP 先14 / 後-1
[392/900] 爆弾魔（先） vs じゃぶじゃぶマネー（後・拡張）: 拡張側勝利 Turn 12 HP 先0 / 後11
[393/900] 爆弾魔（先・拡張） vs じゃぶじゃぶマネー（後）: 拡張側勝利 Turn 13 HP 先15 / 後-2
[394/900] 爆弾魔（先） vs じゃぶじゃぶマネー（後・拡張）: 通常側勝利 Turn 11 HP 先16 / 後0
[395/900] 爆弾魔（先・拡張） vs じゃぶじゃぶマネー（後）: 拡張側勝利 Turn 9 HP 先15 / 後0
[396/900] 爆弾魔（先） vs じゃぶじゃぶマネー（後・拡張）: 通常側勝利 Turn 11 HP 先6 / 後0
[397/900] 爆弾魔（先・拡張） vs じゃぶじゃぶマネー（後）: 通常側勝利 Turn 10 HP 先0 / 後10
[398/900] 爆弾魔（先） vs じゃぶじゃぶマネー（後・拡張）: 通常側勝利 Turn 9 HP 先16 / 後0
[399/900] 爆弾魔（先・拡張） vs じゃぶじゃぶマネー（後）: 拡張側勝利 Turn 15 HP 先10 / 後-2
[400/900] 爆弾魔（先） vs じゃぶじゃぶマネー（後・拡張）: 通常側勝利 Turn 15 HP 先7 / 後0
[401/900] 爆弾魔（先・拡張） vs じゃぶじゃぶマネー（後）: 拡張側勝利 Turn 11 HP 先13 / 後0
[402/900] 爆弾魔（先） vs じゃぶじゃぶマネー（後・拡張）: 通常側勝利 Turn 7 HP 先16 / 後0
[403/900] 爆弾魔（先・拡張） vs じゃぶじゃぶマネー（後）: 拡張側勝利 Turn 11 HP 先15 / 後0
[404/900] 爆弾魔（先） vs じゃぶじゃぶマネー（後・拡張）: 通常側勝利 Turn 11 HP 先17 / 後0
[405/900] 爆弾魔（先・拡張） vs じゃぶじゃぶマネー（後）: 通常側勝利 Turn 22 HP 先-2 / 後7
[406/900] 爆弾魔（先） vs じゃぶじゃぶマネー（後・拡張）: 通常側勝利 Turn 15 HP 先10 / 後-1
[407/900] 爆弾魔（先・拡張） vs じゃぶじゃぶマネー（後）: 通常側勝利 Turn 12 HP 先-1 / 後11
[408/900] 爆弾魔（先） vs じゃぶじゃぶマネー（後・拡張）: 通常側勝利 Turn 15 HP 先10 / 後-1
[409/900] 爆弾魔（先・拡張） vs じゃぶじゃぶマネー（後）: 拡張側勝利 Turn 11 HP 先14 / 後-1
[410/900] 爆弾魔（先） vs じゃぶじゃぶマネー（後・拡張）: 通常側勝利 Turn 15 HP 先7 / 後-4
[411/900] 爆弾魔（先・拡張） vs じゃぶじゃぶマネー（後）: 拡張側勝利 Turn 9 HP 先19 / 後0
[412/900] 爆弾魔（先） vs じゃぶじゃぶマネー（後・拡張）: 通常側勝利 Turn 17 HP 先12 / 後0
[413/900] 爆弾魔（先・拡張） vs じゃぶじゃぶマネー（後）: 通常側勝利 Turn 12 HP 先-1 / 後2
[414/900] 爆弾魔（先） vs じゃぶじゃぶマネー（後・拡張）: 通常側勝利 Turn 11 HP 先1 / 後0
[415/900] 爆弾魔（先・拡張） vs じゃぶじゃぶマネー（後）: 拡張側勝利 Turn 9 HP 先17 / 後-1
[416/900] 爆弾魔（先） vs じゃぶじゃぶマネー（後・拡張）: 通常側勝利 Turn 15 HP 先6 / 後-1
[417/900] 爆弾魔（先・拡張） vs じゃぶじゃぶマネー（後）: 通常側勝利 Turn 10 HP 先0 / 後4
[418/900] 爆弾魔（先） vs じゃぶじゃぶマネー（後・拡張）: 拡張側勝利 Turn 10 HP 先-2 / 後9
[419/900] 爆弾魔（先・拡張） vs じゃぶじゃぶマネー（後）: 通常側勝利 Turn 16 HP 先-1 / 後10
[420/900] 爆弾魔（先） vs じゃぶじゃぶマネー（後・拡張）: 通常側勝利 Turn 7 HP 先14 / 後0
[421/900] じゃぶじゃぶマネー（先・拡張） vs メガトンハンマー（後）: 通常側勝利 Turn 12 HP 先-1 / 後6
[422/900] じゃぶじゃぶマネー（先） vs メガトンハンマー（後・拡張）: 通常側勝利 Turn 13 HP 先18 / 後-1
[423/900] じゃぶじゃぶマネー（先・拡張） vs メガトンハンマー（後）: 拡張側勝利 Turn 11 HP 先4 / 後-1
[424/900] じゃぶじゃぶマネー（先） vs メガトンハンマー（後・拡張）: 通常側勝利 Turn 11 HP 先5 / 後-1
[425/900] じゃぶじゃぶマネー（先・拡張） vs メガトンハンマー（後）: 通常側勝利 Turn 8 HP 先0 / 後8
[426/900] じゃぶじゃぶマネー（先） vs メガトンハンマー（後・拡張）: 通常側勝利 Turn 9 HP 先10 / 後0
[427/900] じゃぶじゃぶマネー（先・拡張） vs メガトンハンマー（後）: 拡張側勝利 Turn 13 HP 先6 / 後0
[428/900] じゃぶじゃぶマネー（先） vs メガトンハンマー（後・拡張）: 通常側勝利 Turn 11 HP 先8 / 後-8
[429/900] じゃぶじゃぶマネー（先・拡張） vs メガトンハンマー（後）: 拡張側勝利 Turn 15 HP 先5 / 後-2
[430/900] じゃぶじゃぶマネー（先） vs メガトンハンマー（後・拡張）: 通常側勝利 Turn 15 HP 先14 / 後0
[431/900] じゃぶじゃぶマネー（先・拡張） vs メガトンハンマー（後）: 通常側勝利 Turn 10 HP 先-1 / 後11
[432/900] じゃぶじゃぶマネー（先） vs メガトンハンマー（後・拡張）: 拡張側勝利 Turn 12 HP 先-3 / 後6
[433/900] じゃぶじゃぶマネー（先・拡張） vs メガトンハンマー（後）: 通常側勝利 Turn 14 HP 先-17 / 後2
[434/900] じゃぶじゃぶマネー（先） vs メガトンハンマー（後・拡張）: 拡張側勝利 Turn 12 HP 先-11 / 後6
[435/900] じゃぶじゃぶマネー（先・拡張） vs メガトンハンマー（後）: 拡張側勝利 Turn 15 HP 先7 / 後-1
[436/900] じゃぶじゃぶマネー（先） vs メガトンハンマー（後・拡張）: 通常側勝利 Turn 13 HP 先5 / 後-6
[437/900] じゃぶじゃぶマネー（先・拡張） vs メガトンハンマー（後）: 拡張側勝利 Turn 21 HP 先17 / 後-1
[438/900] じゃぶじゃぶマネー（先） vs メガトンハンマー（後・拡張）: 拡張側勝利 Turn 10 HP 先-1 / 後16
[439/900] じゃぶじゃぶマネー（先・拡張） vs メガトンハンマー（後）: 拡張側勝利 Turn 11 HP 先3 / 後-1
[440/900] じゃぶじゃぶマネー（先） vs メガトンハンマー（後・拡張）: 通常側勝利 Turn 15 HP 先18 / 後-8
[441/900] じゃぶじゃぶマネー（先・拡張） vs メガトンハンマー（後）: 通常側勝利 Turn 14 HP 先-1 / 後10
[442/900] じゃぶじゃぶマネー（先） vs メガトンハンマー（後・拡張）: 通常側勝利 Turn 15 HP 先3 / 後-1
[443/900] じゃぶじゃぶマネー（先・拡張） vs メガトンハンマー（後）: 拡張側勝利 Turn 21 HP 先18 / 後-7
[444/900] じゃぶじゃぶマネー（先） vs メガトンハンマー（後・拡張）: 通常側勝利 Turn 17 HP 先20 / 後-4
[445/900] じゃぶじゃぶマネー（先・拡張） vs メガトンハンマー（後）: 拡張側勝利 Turn 11 HP 先15 / 後-2
[446/900] じゃぶじゃぶマネー（先） vs メガトンハンマー（後・拡張）: 通常側勝利 Turn 13 HP 先13 / 後0
[447/900] じゃぶじゃぶマネー（先・拡張） vs メガトンハンマー（後）: 通常側勝利 Turn 10 HP 先-1 / 後14
[448/900] じゃぶじゃぶマネー（先） vs メガトンハンマー（後・拡張）: 拡張側勝利 Turn 14 HP 先0 / 後2
[449/900] じゃぶじゃぶマネー（先・拡張） vs メガトンハンマー（後）: 拡張側勝利 Turn 13 HP 先15 / 後0
[450/900] じゃぶじゃぶマネー（先） vs メガトンハンマー（後・拡張）: 通常側勝利 Turn 13 HP 先13 / 後0
[451/900] メガトンハンマー（先・拡張） vs じゃぶじゃぶマネー（後）: 拡張側勝利 Turn 11 HP 先9 / 後-1
[452/900] メガトンハンマー（先） vs じゃぶじゃぶマネー（後・拡張）: 通常側勝利 Turn 11 HP 先13 / 後-1
[453/900] メガトンハンマー（先・拡張） vs じゃぶじゃぶマネー（後）: 通常側勝利 Turn 20 HP 先0 / 後4
[454/900] メガトンハンマー（先） vs じゃぶじゃぶマネー（後・拡張）: 拡張側勝利 Turn 14 HP 先0 / 後8
[455/900] メガトンハンマー（先・拡張） vs じゃぶじゃぶマネー（後）: 通常側勝利 Turn 10 HP 先0 / 後13
[456/900] メガトンハンマー（先） vs じゃぶじゃぶマネー（後・拡張）: 通常側勝利 Turn 15 HP 先12 / 後-2
[457/900] メガトンハンマー（先・拡張） vs じゃぶじゃぶマネー（後）: 通常側勝利 Turn 14 HP 先-2 / 後16
[458/900] メガトンハンマー（先） vs じゃぶじゃぶマネー（後・拡張）: 拡張側勝利 Turn 14 HP 先-1 / 後4
[459/900] メガトンハンマー（先・拡張） vs じゃぶじゃぶマネー（後）: 拡張側勝利 Turn 11 HP 先10 / 後-1
[460/900] メガトンハンマー（先） vs じゃぶじゃぶマネー（後・拡張）: 拡張側勝利 Turn 12 HP 先-5 / 後15
[461/900] メガトンハンマー（先・拡張） vs じゃぶじゃぶマネー（後）: 拡張側勝利 Turn 11 HP 先5 / 後-1
[462/900] メガトンハンマー（先） vs じゃぶじゃぶマネー（後・拡張）: 拡張側勝利 Turn 20 HP 先-2 / 後5
[463/900] メガトンハンマー（先・拡張） vs じゃぶじゃぶマネー（後）: 拡張側勝利 Turn 17 HP 先8 / 後0
[464/900] メガトンハンマー（先） vs じゃぶじゃぶマネー（後・拡張）: 通常側勝利 Turn 15 HP 先10 / 後0
[465/900] メガトンハンマー（先・拡張） vs じゃぶじゃぶマネー（後）: 通常側勝利 Turn 14 HP 先0 / 後14
[466/900] メガトンハンマー（先） vs じゃぶじゃぶマネー（後・拡張）: 拡張側勝利 Turn 10 HP 先-1 / 後5
[467/900] メガトンハンマー（先・拡張） vs じゃぶじゃぶマネー（後）: 拡張側勝利 Turn 13 HP 先20 / 後-4
[468/900] メガトンハンマー（先） vs じゃぶじゃぶマネー（後・拡張）: 拡張側勝利 Turn 20 HP 先0 / 後7
[469/900] メガトンハンマー（先・拡張） vs じゃぶじゃぶマネー（後）: 拡張側勝利 Turn 19 HP 先10 / 後0
[470/900] メガトンハンマー（先） vs じゃぶじゃぶマネー（後・拡張）: 拡張側勝利 Turn 20 HP 先0 / 後16
[471/900] メガトンハンマー（先・拡張） vs じゃぶじゃぶマネー（後）: 通常側勝利 Turn 12 HP 先-1 / 後9
[472/900] メガトンハンマー（先） vs じゃぶじゃぶマネー（後・拡張）: 拡張側勝利 Turn 14 HP 先0 / 後10
[473/900] メガトンハンマー（先・拡張） vs じゃぶじゃぶマネー（後）: 通常側勝利 Turn 18 HP 先-2 / 後12
[474/900] メガトンハンマー（先） vs じゃぶじゃぶマネー（後・拡張）: 拡張側勝利 Turn 16 HP 先-1 / 後1
[475/900] メガトンハンマー（先・拡張） vs じゃぶじゃぶマネー（後）: 通常側勝利 Turn 18 HP 先-8 / 後5
[476/900] メガトンハンマー（先） vs じゃぶじゃぶマネー（後・拡張）: 拡張側勝利 Turn 14 HP 先0 / 後6
[477/900] メガトンハンマー（先・拡張） vs じゃぶじゃぶマネー（後）: 拡張側勝利 Turn 11 HP 先11 / 後0
[478/900] メガトンハンマー（先） vs じゃぶじゃぶマネー（後・拡張）: 拡張側勝利 Turn 12 HP 先-1 / 後5
[479/900] メガトンハンマー（先・拡張） vs じゃぶじゃぶマネー（後）: 通常側勝利 Turn 14 HP 先0 / 後6
[480/900] メガトンハンマー（先） vs じゃぶじゃぶマネー（後・拡張）: 拡張側勝利 Turn 14 HP 先-2 / 後15
[481/900] じゃぶじゃぶマネー（先・拡張） vs 真綿（後）: 通常側勝利 Turn 16 HP 先-1 / 後16
[482/900] じゃぶじゃぶマネー（先） vs 真綿（後・拡張）: 通常側勝利 Turn 27 HP 先19 / 後-2
[483/900] じゃぶじゃぶマネー（先・拡張） vs 真綿（後）: 通常側勝利 Turn 20 HP 先-2 / 後6
[484/900] じゃぶじゃぶマネー（先） vs 真綿（後・拡張）: 通常側勝利 Turn 13 HP 先4 / 後-2
[485/900] じゃぶじゃぶマネー（先・拡張） vs 真綿（後）: 拡張側勝利 Turn 19 HP 先7 / 後0
[486/900] じゃぶじゃぶマネー（先） vs 真綿（後・拡張）: 通常側勝利 Turn 15 HP 先9 / 後-3
[487/900] じゃぶじゃぶマネー（先・拡張） vs 真綿（後）: 拡張側勝利 Turn 13 HP 先11 / 後0
[488/900] じゃぶじゃぶマネー（先） vs 真綿（後・拡張）: 拡張側勝利 Turn 12 HP 先-1 / 後8
[489/900] じゃぶじゃぶマネー（先・拡張） vs 真綿（後）: 拡張側勝利 Turn 13 HP 先8 / 後0
[490/900] じゃぶじゃぶマネー（先） vs 真綿（後・拡張）: 通常側勝利 Turn 13 HP 先9 / 後-1
[491/900] じゃぶじゃぶマネー（先・拡張） vs 真綿（後）: 通常側勝利 Turn 16 HP 先-2 / 後17
[492/900] じゃぶじゃぶマネー（先） vs 真綿（後・拡張）: 通常側勝利 Turn 13 HP 先7 / 後0
[493/900] じゃぶじゃぶマネー（先・拡張） vs 真綿（後）: 拡張側勝利 Turn 11 HP 先14 / 後0
[494/900] じゃぶじゃぶマネー（先） vs 真綿（後・拡張）: 通常側勝利 Turn 21 HP 先5 / 後-7
[495/900] じゃぶじゃぶマネー（先・拡張） vs 真綿（後）: 拡張側勝利 Turn 11 HP 先6 / 後-2
[496/900] じゃぶじゃぶマネー（先） vs 真綿（後・拡張）: 通常側勝利 Turn 11 HP 先9 / 後0
[497/900] じゃぶじゃぶマネー（先・拡張） vs 真綿（後）: 通常側勝利 Turn 14 HP 先-4 / 後3
[498/900] じゃぶじゃぶマネー（先） vs 真綿（後・拡張）: 通常側勝利 Turn 11 HP 先13 / 後0
[499/900] じゃぶじゃぶマネー（先・拡張） vs 真綿（後）: 拡張側勝利 Turn 11 HP 先4 / 後0
[500/900] じゃぶじゃぶマネー（先） vs 真綿（後・拡張）: 通常側勝利 Turn 13 HP 先10 / 後0
[501/900] じゃぶじゃぶマネー（先・拡張） vs 真綿（後）: 拡張側勝利 Turn 9 HP 先9 / 後0
[502/900] じゃぶじゃぶマネー（先） vs 真綿（後・拡張）: 拡張側勝利 Turn 14 HP 先-2 / 後10
[503/900] じゃぶじゃぶマネー（先・拡張） vs 真綿（後）: 通常側勝利 Turn 12 HP 先0 / 後7
[504/900] じゃぶじゃぶマネー（先） vs 真綿（後・拡張）: 拡張側勝利 Turn 12 HP 先-3 / 後8
[505/900] じゃぶじゃぶマネー（先・拡張） vs 真綿（後）: 拡張側勝利 Turn 11 HP 先10 / 後0
[506/900] じゃぶじゃぶマネー（先） vs 真綿（後・拡張）: 通常側勝利 Turn 15 HP 先1 / 後-2
[507/900] じゃぶじゃぶマネー（先・拡張） vs 真綿（後）: 通常側勝利 Turn 14 HP 先0 / 後8
[508/900] じゃぶじゃぶマネー（先） vs 真綿（後・拡張）: 通常側勝利 Turn 17 HP 先11 / 後-4
[509/900] じゃぶじゃぶマネー（先・拡張） vs 真綿（後）: 通常側勝利 Turn 10 HP 先-1 / 後5
[510/900] じゃぶじゃぶマネー（先） vs 真綿（後・拡張）: 通常側勝利 Turn 15 HP 先13 / 後0
[511/900] 真綿（先・拡張） vs じゃぶじゃぶマネー（後）: 拡張側勝利 Turn 11 HP 先17 / 後-1
[512/900] 真綿（先） vs じゃぶじゃぶマネー（後・拡張）: 拡張側勝利 Turn 18 HP 先-6 / 後1
[513/900] 真綿（先・拡張） vs じゃぶじゃぶマネー（後）: 拡張側勝利 Turn 19 HP 先7 / 後-10
[514/900] 真綿（先） vs じゃぶじゃぶマネー（後・拡張）: 拡張側勝利 Turn 14 HP 先-1 / 後4
[515/900] 真綿（先・拡張） vs じゃぶじゃぶマネー（後）: 通常側勝利 Turn 14 HP 先0 / 後3
[516/900] 真綿（先） vs じゃぶじゃぶマネー（後・拡張）: 通常側勝利 Turn 11 HP 先16 / 後0
[517/900] 真綿（先・拡張） vs じゃぶじゃぶマネー（後）: 通常側勝利 Turn 12 HP 先-2 / 後5
[518/900] 真綿（先） vs じゃぶじゃぶマネー（後・拡張）: 拡張側勝利 Turn 18 HP 先0 / 後8
[519/900] 真綿（先・拡張） vs じゃぶじゃぶマネー（後）: 通常側勝利 Turn 14 HP 先0 / 後8
[520/900] 真綿（先） vs じゃぶじゃぶマネー（後・拡張）: 拡張側勝利 Turn 16 HP 先0 / 後15
[521/900] 真綿（先・拡張） vs じゃぶじゃぶマネー（後）: 通常側勝利 Turn 16 HP 先-4 / 後14
[522/900] 真綿（先） vs じゃぶじゃぶマネー（後・拡張）: 通常側勝利 Turn 13 HP 先16 / 後0
[523/900] 真綿（先・拡張） vs じゃぶじゃぶマネー（後）: 通常側勝利 Turn 18 HP 先-6 / 後14
[524/900] 真綿（先） vs じゃぶじゃぶマネー（後・拡張）: 拡張側勝利 Turn 10 HP 先-2 / 後12
[525/900] 真綿（先・拡張） vs じゃぶじゃぶマネー（後）: 拡張側勝利 Turn 15 HP 先12 / 後-5
[526/900] 真綿（先） vs じゃぶじゃぶマネー（後・拡張）: 通常側勝利 Turn 17 HP 先2 / 後0
[527/900] 真綿（先・拡張） vs じゃぶじゃぶマネー（後）: 通常側勝利 Turn 10 HP 先0 / 後13
[528/900] 真綿（先） vs じゃぶじゃぶマネー（後・拡張）: 通常側勝利 Turn 15 HP 先10 / 後-1
[529/900] 真綿（先・拡張） vs じゃぶじゃぶマネー（後）: 通常側勝利 Turn 16 HP 先-7 / 後2
[530/900] 真綿（先） vs じゃぶじゃぶマネー（後・拡張）: 拡張側勝利 Turn 16 HP 先-3 / 後15
[531/900] 真綿（先・拡張） vs じゃぶじゃぶマネー（後）: 拡張側勝利 Turn 11 HP 先8 / 後0
[532/900] 真綿（先） vs じゃぶじゃぶマネー（後・拡張）: 拡張側勝利 Turn 12 HP 先-1 / 後15
[533/900] 真綿（先・拡張） vs じゃぶじゃぶマネー（後）: 通常側勝利 Turn 12 HP 先0 / 後6
[534/900] 真綿（先） vs じゃぶじゃぶマネー（後・拡張）: 拡張側勝利 Turn 22 HP 先0 / 後8
[535/900] 真綿（先・拡張） vs じゃぶじゃぶマネー（後）: 拡張側勝利 Turn 11 HP 先8 / 後0
[536/900] 真綿（先） vs じゃぶじゃぶマネー（後・拡張）: 通常側勝利 Turn 13 HP 先4 / 後0
[537/900] 真綿（先・拡張） vs じゃぶじゃぶマネー（後）: 通常側勝利 Turn 14 HP 先-1 / 後9
[538/900] 真綿（先） vs じゃぶじゃぶマネー（後・拡張）: 通常側勝利 Turn 11 HP 先14 / 後0
[539/900] 真綿（先・拡張） vs じゃぶじゃぶマネー（後）: 通常側勝利 Turn 16 HP 先-9 / 後9
[540/900] 真綿（先） vs じゃぶじゃぶマネー（後・拡張）: 通常側勝利 Turn 21 HP 先1 / 後-4
[541/900] 急襲レールウェイ（先・拡張） vs 爆弾魔（後）: 拡張側勝利 Turn 13 HP 先1 / 後-2
[542/900] 急襲レールウェイ（先） vs 爆弾魔（後・拡張）: 通常側勝利 Turn 11 HP 先6 / 後-1
[543/900] 急襲レールウェイ（先・拡張） vs 爆弾魔（後）: 通常側勝利 Turn 10 HP 先-9 / 後14
[544/900] 急襲レールウェイ（先） vs 爆弾魔（後・拡張）: 拡張側勝利 Turn 12 HP 先0 / 後7
[545/900] 急襲レールウェイ（先・拡張） vs 爆弾魔（後）: 通常側勝利 Turn 10 HP 先0 / 後12
[546/900] 急襲レールウェイ（先） vs 爆弾魔（後・拡張）: 拡張側勝利 Turn 12 HP 先0 / 後11
[547/900] 急襲レールウェイ（先・拡張） vs 爆弾魔（後）: 拡張側勝利 Turn 13 HP 先15 / 後0
[548/900] 急襲レールウェイ（先） vs 爆弾魔（後・拡張）: 拡張側勝利 Turn 10 HP 先-3 / 後3
[549/900] 急襲レールウェイ（先・拡張） vs 爆弾魔（後）: 通常側勝利 Turn 12 HP 先-1 / 後4
[550/900] 急襲レールウェイ（先） vs 爆弾魔（後・拡張）: 通常側勝利 Turn 11 HP 先4 / 後-1
[551/900] 急襲レールウェイ（先・拡張） vs 爆弾魔（後）: 通常側勝利 Turn 10 HP 先0 / 後13
[552/900] 急襲レールウェイ（先） vs 爆弾魔（後・拡張）: 通常側勝利 Turn 15 HP 先5 / 後0
[553/900] 急襲レールウェイ（先・拡張） vs 爆弾魔（後）: 通常側勝利 Turn 10 HP 先0 / 後7
[554/900] 急襲レールウェイ（先） vs 爆弾魔（後・拡張）: 拡張側勝利 Turn 8 HP 先0 / 後14
[555/900] 急襲レールウェイ（先・拡張） vs 爆弾魔（後）: 通常側勝利 Turn 10 HP 先0 / 後12
[556/900] 急襲レールウェイ（先） vs 爆弾魔（後・拡張）: 拡張側勝利 Turn 12 HP 先0 / 後5
[557/900] 急襲レールウェイ（先・拡張） vs 爆弾魔（後）: 通常側勝利 Turn 10 HP 先-1 / 後9
[558/900] 急襲レールウェイ（先） vs 爆弾魔（後・拡張）: 通常側勝利 Turn 9 HP 先1 / 後0
[559/900] 急襲レールウェイ（先・拡張） vs 爆弾魔（後）: 通常側勝利 Turn 8 HP 先0 / 後7
[560/900] 急襲レールウェイ（先） vs 爆弾魔（後・拡張）: 拡張側勝利 Turn 10 HP 先0 / 後4
[561/900] 急襲レールウェイ（先・拡張） vs 爆弾魔（後）: 通常側勝利 Turn 8 HP 先0 / 後10
[562/900] 急襲レールウェイ（先） vs 爆弾魔（後・拡張）: 拡張側勝利 Turn 8 HP 先-2 / 後18
[563/900] 急襲レールウェイ（先・拡張） vs 爆弾魔（後）: 通常側勝利 Turn 10 HP 先0 / 後8
[564/900] 急襲レールウェイ（先） vs 爆弾魔（後・拡張）: 通常側勝利 Turn 13 HP 先10 / 後0
[565/900] 急襲レールウェイ（先・拡張） vs 爆弾魔（後）: 通常側勝利 Turn 8 HP 先0 / 後15
[566/900] 急襲レールウェイ（先） vs 爆弾魔（後・拡張）: 拡張側勝利 Turn 10 HP 先0 / 後13
[567/900] 急襲レールウェイ（先・拡張） vs 爆弾魔（後）: 通常側勝利 Turn 14 HP 先0 / 後4
[568/900] 急襲レールウェイ（先） vs 爆弾魔（後・拡張）: 拡張側勝利 Turn 10 HP 先0 / 後13
[569/900] 急襲レールウェイ（先・拡張） vs 爆弾魔（後）: 拡張側勝利 Turn 11 HP 先9 / 後0
[570/900] 急襲レールウェイ（先） vs 爆弾魔（後・拡張）: 拡張側勝利 Turn 10 HP 先0 / 後10
[571/900] 爆弾魔（先・拡張） vs 急襲レールウェイ（後）: 拡張側勝利 Turn 15 HP 先4 / 後0
[572/900] 爆弾魔（先） vs 急襲レールウェイ（後・拡張）: 通常側勝利 Turn 7 HP 先11 / 後-1
[573/900] 爆弾魔（先・拡張） vs 急襲レールウェイ（後）: 拡張側勝利 Turn 13 HP 先6 / 後0
[574/900] 爆弾魔（先） vs 急襲レールウェイ（後・拡張）: 通常側勝利 Turn 13 HP 先5 / 後-4
[575/900] 爆弾魔（先・拡張） vs 急襲レールウェイ（後）: 拡張側勝利 Turn 11 HP 先10 / 後0
[576/900] 爆弾魔（先） vs 急襲レールウェイ（後・拡張）: 通常側勝利 Turn 9 HP 先10 / 後0
[577/900] 爆弾魔（先・拡張） vs 急襲レールウェイ（後）: 拡張側勝利 Turn 9 HP 先10 / 後-1
[578/900] 爆弾魔（先） vs 急襲レールウェイ（後・拡張）: 通常側勝利 Turn 13 HP 先10 / 後-2
[579/900] 爆弾魔（先・拡張） vs 急襲レールウェイ（後）: 拡張側勝利 Turn 7 HP 先11 / 後0
[580/900] 爆弾魔（先） vs 急襲レールウェイ（後・拡張）: 通常側勝利 Turn 9 HP 先7 / 後-1
[581/900] 爆弾魔（先・拡張） vs 急襲レールウェイ（後）: 通常側勝利 Turn 12 HP 先0 / 後7
[582/900] 爆弾魔（先） vs 急襲レールウェイ（後・拡張）: 通常側勝利 Turn 11 HP 先16 / 後0
[583/900] 爆弾魔（先・拡張） vs 急襲レールウェイ（後）: 拡張側勝利 Turn 9 HP 先10 / 後0
[584/900] 爆弾魔（先） vs 急襲レールウェイ（後・拡張）: 通常側勝利 Turn 9 HP 先7 / 後0
[585/900] 爆弾魔（先・拡張） vs 急襲レールウェイ（後）: 拡張側勝利 Turn 13 HP 先16 / 後-1
[586/900] 爆弾魔（先） vs 急襲レールウェイ（後・拡張）: 拡張側勝利 Turn 12 HP 先-2 / 後13
[587/900] 爆弾魔（先・拡張） vs 急襲レールウェイ（後）: 通常側勝利 Turn 10 HP 先0 / 後5
[588/900] 爆弾魔（先） vs 急襲レールウェイ（後・拡張）: 拡張側勝利 Turn 10 HP 先-5 / 後10
[589/900] 爆弾魔（先・拡張） vs 急襲レールウェイ（後）: 拡張側勝利 Turn 11 HP 先10 / 後0
[590/900] 爆弾魔（先） vs 急襲レールウェイ（後・拡張）: 通常側勝利 Turn 9 HP 先17 / 後0
[591/900] 爆弾魔（先・拡張） vs 急襲レールウェイ（後）: 拡張側勝利 Turn 7 HP 先14 / 後0
[592/900] 爆弾魔（先） vs 急襲レールウェイ（後・拡張）: 拡張側勝利 Turn 10 HP 先0 / 後9
[593/900] 爆弾魔（先・拡張） vs 急襲レールウェイ（後）: 通常側勝利 Turn 14 HP 先-1 / 後8
[594/900] 爆弾魔（先） vs 急襲レールウェイ（後・拡張）: 拡張側勝利 Turn 10 HP 先0 / 後10
[595/900] 爆弾魔（先・拡張） vs 急襲レールウェイ（後）: 拡張側勝利 Turn 11 HP 先7 / 後0
[596/900] 爆弾魔（先） vs 急襲レールウェイ（後・拡張）: 通常側勝利 Turn 9 HP 先5 / 後0
[597/900] 爆弾魔（先・拡張） vs 急襲レールウェイ（後）: 拡張側勝利 Turn 11 HP 先10 / 後0
[598/900] 爆弾魔（先） vs 急襲レールウェイ（後・拡張）: 通常側勝利 Turn 13 HP 先1 / 後-2
[599/900] 爆弾魔（先・拡張） vs 急襲レールウェイ（後）: 拡張側勝利 Turn 13 HP 先11 / 後-7
[600/900] 爆弾魔（先） vs 急襲レールウェイ（後・拡張）: 通常側勝利 Turn 15 HP 先8 / 後0
[601/900] 急襲レールウェイ（先・拡張） vs メガトンハンマー（後）: 拡張側勝利 Turn 9 HP 先7 / 後0
[602/900] 急襲レールウェイ（先） vs メガトンハンマー（後・拡張）: 拡張側勝利 Turn 20 HP 先0 / 後15
[603/900] 急襲レールウェイ（先・拡張） vs メガトンハンマー（後）: 拡張側勝利 Turn 13 HP 先7 / 後0
[604/900] 急襲レールウェイ（先） vs メガトンハンマー（後・拡張）: 通常側勝利 Turn 9 HP 先9 / 後0
[605/900] 急襲レールウェイ（先・拡張） vs メガトンハンマー（後）: 通常側勝利 Turn 10 HP 先0 / 後8
[606/900] 急襲レールウェイ（先） vs メガトンハンマー（後・拡張）: 拡張側勝利 Turn 12 HP 先0 / 後15
[607/900] 急襲レールウェイ（先・拡張） vs メガトンハンマー（後）: 拡張側勝利 Turn 13 HP 先8 / 後-1
[608/900] 急襲レールウェイ（先） vs メガトンハンマー（後・拡張）: 通常側勝利 Turn 11 HP 先11 / 後-1
[609/900] 急襲レールウェイ（先・拡張） vs メガトンハンマー（後）: 拡張側勝利 Turn 11 HP 先17 / 後0
[610/900] 急襲レールウェイ（先） vs メガトンハンマー（後・拡張）: 拡張側勝利 Turn 12 HP 先-1 / 後4
[611/900] 急襲レールウェイ（先・拡張） vs メガトンハンマー（後）: 拡張側勝利 Turn 19 HP 先5 / 後-1
[612/900] 急襲レールウェイ（先） vs メガトンハンマー（後・拡張）: 拡張側勝利 Turn 10 HP 先0 / 後1
[613/900] 急襲レールウェイ（先・拡張） vs メガトンハンマー（後）: 拡張側勝利 Turn 13 HP 先6 / 後-2
[614/900] 急襲レールウェイ（先） vs メガトンハンマー（後・拡張）: 拡張側勝利 Turn 14 HP 先0 / 後15
[615/900] 急襲レールウェイ（先・拡張） vs メガトンハンマー（後）: 拡張側勝利 Turn 9 HP 先5 / 後0
[616/900] 急襲レールウェイ（先） vs メガトンハンマー（後・拡張）: 拡張側勝利 Turn 8 HP 先-2 / 後10
[617/900] 急襲レールウェイ（先・拡張） vs メガトンハンマー（後）: 通常側勝利 Turn 10 HP 先0 / 後8
[618/900] 急襲レールウェイ（先） vs メガトンハンマー（後・拡張）: 拡張側勝利 Turn 12 HP 先0 / 後7
[619/900] 急襲レールウェイ（先・拡張） vs メガトンハンマー（後）: 拡張側勝利 Turn 11 HP 先10 / 後-2
[620/900] 急襲レールウェイ（先） vs メガトンハンマー（後・拡張）: 通常側勝利 Turn 11 HP 先17 / 後0
[621/900] 急襲レールウェイ（先・拡張） vs メガトンハンマー（後）: 通常側勝利 Turn 18 HP 先0 / 後17
[622/900] 急襲レールウェイ（先） vs メガトンハンマー（後・拡張）: 拡張側勝利 Turn 18 HP 先-1 / 後5
[623/900] 急襲レールウェイ（先・拡張） vs メガトンハンマー（後）: 拡張側勝利 Turn 9 HP 先6 / 後-8
[624/900] 急襲レールウェイ（先） vs メガトンハンマー（後・拡張）: 通常側勝利 Turn 9 HP 先6 / 後0
[625/900] 急襲レールウェイ（先・拡張） vs メガトンハンマー（後）: 通常側勝利 Turn 14 HP 先0 / 後11
[626/900] 急襲レールウェイ（先） vs メガトンハンマー（後・拡張）: 通常側勝利 Turn 9 HP 先6 / 後0
[627/900] 急襲レールウェイ（先・拡張） vs メガトンハンマー（後）: 通常側勝利 Turn 14 HP 先-2 / 後14
[628/900] 急襲レールウェイ（先） vs メガトンハンマー（後・拡張）: 通常側勝利 Turn 15 HP 先7 / 後0
[629/900] 急襲レールウェイ（先・拡張） vs メガトンハンマー（後）: 通常側勝利 Turn 10 HP 先0 / 後10
[630/900] 急襲レールウェイ（先） vs メガトンハンマー（後・拡張）: 拡張側勝利 Turn 10 HP 先-3 / 後13
[631/900] メガトンハンマー（先・拡張） vs 急襲レールウェイ（後）: 拡張側勝利 Turn 9 HP 先14 / 後0
[632/900] メガトンハンマー（先） vs 急襲レールウェイ（後・拡張）: 拡張側勝利 Turn 10 HP 先0 / 後7
[633/900] メガトンハンマー（先・拡張） vs 急襲レールウェイ（後）: 通常側勝利 Turn 12 HP 先0 / 後12
[634/900] メガトンハンマー（先） vs 急襲レールウェイ（後・拡張）: 拡張側勝利 Turn 10 HP 先0 / 後16
[635/900] メガトンハンマー（先・拡張） vs 急襲レールウェイ（後）: 拡張側勝利 Turn 11 HP 先8 / 後0
[636/900] メガトンハンマー（先） vs 急襲レールウェイ（後・拡張）: 通常側勝利 Turn 17 HP 先6 / 後-1
[637/900] メガトンハンマー（先・拡張） vs 急襲レールウェイ（後）: 拡張側勝利 Turn 11 HP 先8 / 後-2
[638/900] メガトンハンマー（先） vs 急襲レールウェイ（後・拡張）: 通常側勝利 Turn 13 HP 先4 / 後0
[639/900] メガトンハンマー（先・拡張） vs 急襲レールウェイ（後）: 通常側勝利 Turn 12 HP 先0 / 後4
[640/900] メガトンハンマー（先） vs 急襲レールウェイ（後・拡張）: 通常側勝利 Turn 13 HP 先5 / 後-1
[641/900] メガトンハンマー（先・拡張） vs 急襲レールウェイ（後）: 通常側勝利 Turn 8 HP 先0 / 後21
[642/900] メガトンハンマー（先） vs 急襲レールウェイ（後・拡張）: 拡張側勝利 Turn 20 HP 先0 / 後6
[643/900] メガトンハンマー（先・拡張） vs 急襲レールウェイ（後）: 拡張側勝利 Turn 15 HP 先3 / 後-1
[644/900] メガトンハンマー（先） vs 急襲レールウェイ（後・拡張）: 拡張側勝利 Turn 18 HP 先-2 / 後10
[645/900] メガトンハンマー（先・拡張） vs 急襲レールウェイ（後）: 拡張側勝利 Turn 13 HP 先12 / 後-1
[646/900] メガトンハンマー（先） vs 急襲レールウェイ（後・拡張）: 通常側勝利 Turn 15 HP 先10 / 後0
[647/900] メガトンハンマー（先・拡張） vs 急襲レールウェイ（後）: 拡張側勝利 Turn 13 HP 先8 / 後0
[648/900] メガトンハンマー（先） vs 急襲レールウェイ（後・拡張）: 通常側勝利 Turn 15 HP 先3 / 後-8
[649/900] メガトンハンマー（先・拡張） vs 急襲レールウェイ（後）: 通常側勝利 Turn 14 HP 先-3 / 後19
[650/900] メガトンハンマー（先） vs 急襲レールウェイ（後・拡張）: 拡張側勝利 Turn 12 HP 先-3 / 後19
[651/900] メガトンハンマー（先・拡張） vs 急襲レールウェイ（後）: 拡張側勝利 Turn 13 HP 先12 / 後-7
[652/900] メガトンハンマー（先） vs 急襲レールウェイ（後・拡張）: 通常側勝利 Turn 13 HP 先8 / 後0
[653/900] メガトンハンマー（先・拡張） vs 急襲レールウェイ（後）: 通常側勝利 Turn 12 HP 先-3 / 後14
[654/900] メガトンハンマー（先） vs 急襲レールウェイ（後・拡張）: 拡張側勝利 Turn 14 HP 先-2 / 後16
[655/900] メガトンハンマー（先・拡張） vs 急襲レールウェイ（後）: 通常側勝利 Turn 12 HP 先-2 / 後5
[656/900] メガトンハンマー（先） vs 急襲レールウェイ（後・拡張）: 通常側勝利 Turn 15 HP 先14 / 後0
[657/900] メガトンハンマー（先・拡張） vs 急襲レールウェイ（後）: 通常側勝利 Turn 12 HP 先-1 / 後10
[658/900] メガトンハンマー（先） vs 急襲レールウェイ（後・拡張）: 拡張側勝利 Turn 12 HP 先-9 / 後2
[659/900] メガトンハンマー（先・拡張） vs 急襲レールウェイ（後）: 拡張側勝利 Turn 11 HP 先10 / 後-1
[660/900] メガトンハンマー（先） vs 急襲レールウェイ（後・拡張）: 通常側勝利 Turn 9 HP 先8 / 後-1
[661/900] 急襲レールウェイ（先・拡張） vs 真綿（後）: 通常側勝利 Turn 16 HP 先-3 / 後2
[662/900] 急襲レールウェイ（先） vs 真綿（後・拡張）: 拡張側勝利 Turn 12 HP 先-1 / 後11
[663/900] 急襲レールウェイ（先・拡張） vs 真綿（後）: 通常側勝利 Turn 12 HP 先0 / 後10
[664/900] 急襲レールウェイ（先） vs 真綿（後・拡張）: 拡張側勝利 Turn 20 HP 先-2 / 後9
[665/900] 急襲レールウェイ（先・拡張） vs 真綿（後）: 拡張側勝利 Turn 17 HP 先9 / 後-2
[666/900] 急襲レールウェイ（先） vs 真綿（後・拡張）: 拡張側勝利 Turn 10 HP 先-1 / 後15
[667/900] 急襲レールウェイ（先・拡張） vs 真綿（後）: 拡張側勝利 Turn 13 HP 先6 / 後-1
[668/900] 急襲レールウェイ（先） vs 真綿（後・拡張）: 拡張側勝利 Turn 12 HP 先-1 / 後2
[669/900] 急襲レールウェイ（先・拡張） vs 真綿（後）: 拡張側勝利 Turn 11 HP 先13 / 後-2
[670/900] 急襲レールウェイ（先） vs 真綿（後・拡張）: 拡張側勝利 Turn 12 HP 先0 / 後10
[671/900] 急襲レールウェイ（先・拡張） vs 真綿（後）: 通常側勝利 Turn 10 HP 先0 / 後7
[672/900] 急襲レールウェイ（先） vs 真綿（後・拡張）: 拡張側勝利 Turn 12 HP 先0 / 後13
[673/900] 急襲レールウェイ（先・拡張） vs 真綿（後）: 通常側勝利 Turn 20 HP 先-1 / 後7
[674/900] 急襲レールウェイ（先） vs 真綿（後・拡張）: 拡張側勝利 Turn 10 HP 先-2 / 後13
[675/900] 急襲レールウェイ（先・拡張） vs 真綿（後）: 拡張側勝利 Turn 15 HP 先6 / 後-1
[676/900] 急襲レールウェイ（先） vs 真綿（後・拡張）: 通常側勝利 Turn 11 HP 先8 / 後0
[677/900] 急襲レールウェイ（先・拡張） vs 真綿（後）: 通常側勝利 Turn 12 HP 先0 / 後13
[678/900] 急襲レールウェイ（先） vs 真綿（後・拡張）: 通常側勝利 Turn 13 HP 先4 / 後-2
[679/900] 急襲レールウェイ（先・拡張） vs 真綿（後）: 通常側勝利 Turn 12 HP 先-1 / 後10
[680/900] 急襲レールウェイ（先） vs 真綿（後・拡張）: 通常側勝利 Turn 13 HP 先4 / 後0
[681/900] 急襲レールウェイ（先・拡張） vs 真綿（後）: 拡張側勝利 Turn 19 HP 先11 / 後0
[682/900] 急襲レールウェイ（先） vs 真綿（後・拡張）: 拡張側勝利 Turn 18 HP 先0 / 後17
[683/900] 急襲レールウェイ（先・拡張） vs 真綿（後）: 拡張側勝利 Turn 13 HP 先14 / 後-2
[684/900] 急襲レールウェイ（先） vs 真綿（後・拡張）: 拡張側勝利 Turn 16 HP 先-2 / 後17
[685/900] 急襲レールウェイ（先・拡張） vs 真綿（後）: 拡張側勝利 Turn 11 HP 先8 / 後-4
[686/900] 急襲レールウェイ（先） vs 真綿（後・拡張）: 通常側勝利 Turn 11 HP 先9 / 後0
[687/900] 急襲レールウェイ（先・拡張） vs 真綿（後）: 拡張側勝利 Turn 13 HP 先12 / 後-1
[688/900] 急襲レールウェイ（先） vs 真綿（後・拡張）: 拡張側勝利 Turn 12 HP 先-2 / 後10
[689/900] 急襲レールウェイ（先・拡張） vs 真綿（後）: 拡張側勝利 Turn 11 HP 先10 / 後-1
[690/900] 急襲レールウェイ（先） vs 真綿（後・拡張）: 通常側勝利 Turn 9 HP 先13 / 後-1
[691/900] 真綿（先・拡張） vs 急襲レールウェイ（後）: 拡張側勝利 Turn 17 HP 先11 / 後-3
[692/900] 真綿（先） vs 急襲レールウェイ（後・拡張）: 通常側勝利 Turn 15 HP 先15 / 後0
[693/900] 真綿（先・拡張） vs 急襲レールウェイ（後）: 拡張側勝利 Turn 13 HP 先12 / 後0
[694/900] 真綿（先） vs 急襲レールウェイ（後・拡張）: 通常側勝利 Turn 9 HP 先11 / 後0
[695/900] 真綿（先・拡張） vs 急襲レールウェイ（後）: 拡張側勝利 Turn 9 HP 先11 / 後-1
[696/900] 真綿（先） vs 急襲レールウェイ（後・拡張）: 拡張側勝利 Turn 12 HP 先-1 / 後6
[697/900] 真綿（先・拡張） vs 急襲レールウェイ（後）: 拡張側勝利 Turn 13 HP 先12 / 後-1
[698/900] 真綿（先） vs 急襲レールウェイ（後・拡張）: 拡張側勝利 Turn 12 HP 先-1 / 後13
[699/900] 真綿（先・拡張） vs 急襲レールウェイ（後）: 拡張側勝利 Turn 13 HP 先8 / 後-1
[700/900] 真綿（先） vs 急襲レールウェイ（後・拡張）: 拡張側勝利 Turn 12 HP 先0 / 後8
[701/900] 真綿（先・拡張） vs 急襲レールウェイ（後）: 通常側勝利 Turn 14 HP 先-3 / 後9
[702/900] 真綿（先） vs 急襲レールウェイ（後・拡張）: 通常側勝利 Turn 11 HP 先11 / 後-2
[703/900] 真綿（先・拡張） vs 急襲レールウェイ（後）: 拡張側勝利 Turn 13 HP 先4 / 後-8
[704/900] 真綿（先） vs 急襲レールウェイ（後・拡張）: 通常側勝利 Turn 15 HP 先7 / 後-1
[705/900] 真綿（先・拡張） vs 急襲レールウェイ（後）: 通常側勝利 Turn 10 HP 先0 / 後11
[706/900] 真綿（先） vs 急襲レールウェイ（後・拡張）: 拡張側勝利 Turn 14 HP 先-2 / 後7
[707/900] 真綿（先・拡張） vs 急襲レールウェイ（後）: 通常側勝利 Turn 12 HP 先-3 / 後4
[708/900] 真綿（先） vs 急襲レールウェイ（後・拡張）: 拡張側勝利 Turn 12 HP 先-1 / 後8
[709/900] 真綿（先・拡張） vs 急襲レールウェイ（後）: 通常側勝利 Turn 22 HP 先0 / 後19
[710/900] 真綿（先） vs 急襲レールウェイ（後・拡張）: 通常側勝利 Turn 11 HP 先4 / 後-2
[711/900] 真綿（先・拡張） vs 急襲レールウェイ（後）: 通常側勝利 Turn 14 HP 先0 / 後9
[712/900] 真綿（先） vs 急襲レールウェイ（後・拡張）: 拡張側勝利 Turn 14 HP 先-2 / 後11
[713/900] 真綿（先・拡張） vs 急襲レールウェイ（後）: 拡張側勝利 Turn 11 HP 先16 / 後0
[714/900] 真綿（先） vs 急襲レールウェイ（後・拡張）: 拡張側勝利 Turn 14 HP 先-1 / 後12
[715/900] 真綿（先・拡張） vs 急襲レールウェイ（後）: 通常側勝利 Turn 10 HP 先-2 / 後12
[716/900] 真綿（先） vs 急襲レールウェイ（後・拡張）: 通常側勝利 Turn 15 HP 先9 / 後0
[717/900] 真綿（先・拡張） vs 急襲レールウェイ（後）: 拡張側勝利 Turn 15 HP 先9 / 後-2
[718/900] 真綿（先） vs 急襲レールウェイ（後・拡張）: 通常側勝利 Turn 13 HP 先7 / 後-1
[719/900] 真綿（先・拡張） vs 急襲レールウェイ（後）: 拡張側勝利 Turn 15 HP 先4 / 後-1
[720/900] 真綿（先） vs 急襲レールウェイ（後・拡張）: 通常側勝利 Turn 11 HP 先7 / 後-2
[721/900] 爆弾魔（先・拡張） vs メガトンハンマー（後）: 拡張側勝利 Turn 11 HP 先4 / 後-4
[722/900] 爆弾魔（先） vs メガトンハンマー（後・拡張）: 通常側勝利 Turn 13 HP 先5 / 後-1
[723/900] 爆弾魔（先・拡張） vs メガトンハンマー（後）: 拡張側勝利 Turn 7 HP 先18 / 後-2
[724/900] 爆弾魔（先） vs メガトンハンマー（後・拡張）: 通常側勝利 Turn 11 HP 先14 / 後-1
[725/900] 爆弾魔（先・拡張） vs メガトンハンマー（後）: 通常側勝利 Turn 12 HP 先-2 / 後12
[726/900] 爆弾魔（先） vs メガトンハンマー（後・拡張）: 通常側勝利 Turn 9 HP 先12 / 後-1
[727/900] 爆弾魔（先・拡張） vs メガトンハンマー（後）: 拡張側勝利 Turn 11 HP 先7 / 後0
[728/900] 爆弾魔（先） vs メガトンハンマー（後・拡張）: 拡張側勝利 Turn 12 HP 先0 / 後1
[729/900] 爆弾魔（先・拡張） vs メガトンハンマー（後）: 通常側勝利 Turn 12 HP 先0 / 後11
[730/900] 爆弾魔（先） vs メガトンハンマー（後・拡張）: 通常側勝利 Turn 9 HP 先16 / 後-2
[731/900] 爆弾魔（先・拡張） vs メガトンハンマー（後）: 通常側勝利 Turn 14 HP 先-4 / 後2
[732/900] 爆弾魔（先） vs メガトンハンマー（後・拡張）: 通常側勝利 Turn 15 HP 先9 / 後-1
[733/900] 爆弾魔（先・拡張） vs メガトンハンマー（後）: 拡張側勝利 Turn 11 HP 先14 / 後-1
[734/900] 爆弾魔（先） vs メガトンハンマー（後・拡張）: 拡張側勝利 Turn 14 HP 先-4 / 後4
[735/900] 爆弾魔（先・拡張） vs メガトンハンマー（後）: 拡張側勝利 Turn 11 HP 先12 / 後0
[736/900] 爆弾魔（先） vs メガトンハンマー（後・拡張）: 拡張側勝利 Turn 12 HP 先0 / 後5
[737/900] 爆弾魔（先・拡張） vs メガトンハンマー（後）: 通常側勝利 Turn 16 HP 先0 / 後2
[738/900] 爆弾魔（先） vs メガトンハンマー（後・拡張）: 通常側勝利 Turn 11 HP 先14 / 後0
[739/900] 爆弾魔（先・拡張） vs メガトンハンマー（後）: 拡張側勝利 Turn 9 HP 先12 / 後0
[740/900] 爆弾魔（先） vs メガトンハンマー（後・拡張）: 通常側勝利 Turn 11 HP 先11 / 後0
[741/900] 爆弾魔（先・拡張） vs メガトンハンマー（後）: 拡張側勝利 Turn 9 HP 先8 / 後-1
[742/900] 爆弾魔（先） vs メガトンハンマー（後・拡張）: 通常側勝利 Turn 9 HP 先12 / 後0
[743/900] 爆弾魔（先・拡張） vs メガトンハンマー（後）: 拡張側勝利 Turn 7 HP 先9 / 後0
[744/900] 爆弾魔（先） vs メガトンハンマー（後・拡張）: 通常側勝利 Turn 13 HP 先12 / 後-1
[745/900] 爆弾魔（先・拡張） vs メガトンハンマー（後）: 拡張側勝利 Turn 13 HP 先10 / 後0
[746/900] 爆弾魔（先） vs メガトンハンマー（後・拡張）: 拡張側勝利 Turn 10 HP 先-1 / 後4
[747/900] 爆弾魔（先・拡張） vs メガトンハンマー（後）: 拡張側勝利 Turn 9 HP 先20 / 後-2
[748/900] 爆弾魔（先） vs メガトンハンマー（後・拡張）: 通常側勝利 Turn 11 HP 先8 / 後-3
[749/900] 爆弾魔（先・拡張） vs メガトンハンマー（後）: 通常側勝利 Turn 12 HP 先0 / 後1
[750/900] 爆弾魔（先） vs メガトンハンマー（後・拡張）: 通常側勝利 Turn 9 HP 先17 / 後-1
[751/900] メガトンハンマー（先・拡張） vs 爆弾魔（後）: 通常側勝利 Turn 10 HP 先0 / 後9
[752/900] メガトンハンマー（先） vs 爆弾魔（後・拡張）: 拡張側勝利 Turn 12 HP 先0 / 後6
[753/900] メガトンハンマー（先・拡張） vs 爆弾魔（後）: 通常側勝利 Turn 12 HP 先-2 / 後9
[754/900] メガトンハンマー（先） vs 爆弾魔（後・拡張）: 通常側勝利 Turn 13 HP 先4 / 後-1
[755/900] メガトンハンマー（先・拡張） vs 爆弾魔（後）: 通常側勝利 Turn 8 HP 先0 / 後13
[756/900] メガトンハンマー（先） vs 爆弾魔（後・拡張）: 拡張側勝利 Turn 12 HP 先0 / 後6
[757/900] メガトンハンマー（先・拡張） vs 爆弾魔（後）: 通常側勝利 Turn 8 HP 先0 / 後6
[758/900] メガトンハンマー（先） vs 爆弾魔（後・拡張）: 通常側勝利 Turn 9 HP 先2 / 後0
[759/900] メガトンハンマー（先・拡張） vs 爆弾魔（後）: 通常側勝利 Turn 14 HP 先-3 / 後9
[760/900] メガトンハンマー（先） vs 爆弾魔（後・拡張）: 通常側勝利 Turn 17 HP 先8 / 後-2
[761/900] メガトンハンマー（先・拡張） vs 爆弾魔（後）: 拡張側勝利 Turn 9 HP 先10 / 後0
[762/900] メガトンハンマー（先） vs 爆弾魔（後・拡張）: 通常側勝利 Turn 13 HP 先11 / 後0
[763/900] メガトンハンマー（先・拡張） vs 爆弾魔（後）: 通常側勝利 Turn 8 HP 先-1 / 後9
[764/900] メガトンハンマー（先） vs 爆弾魔（後・拡張）: 通常側勝利 Turn 17 HP 先3 / 後-3
[765/900] メガトンハンマー（先・拡張） vs 爆弾魔（後）: 通常側勝利 Turn 22 HP 先-5 / 後7
[766/900] メガトンハンマー（先） vs 爆弾魔（後・拡張）: 通常側勝利 Turn 11 HP 先8 / 後0
[767/900] メガトンハンマー（先・拡張） vs 爆弾魔（後）: 通常側勝利 Turn 10 HP 先0 / 後10
[768/900] メガトンハンマー（先） vs 爆弾魔（後・拡張）: 拡張側勝利 Turn 16 HP 先0 / 後5
[769/900] メガトンハンマー（先・拡張） vs 爆弾魔（後）: 拡張側勝利 Turn 13 HP 先6 / 後0
[770/900] メガトンハンマー（先） vs 爆弾魔（後・拡張）: 拡張側勝利 Turn 20 HP 先-1 / 後13
[771/900] メガトンハンマー（先・拡張） vs 爆弾魔（後）: 通常側勝利 Turn 10 HP 先0 / 後6
[772/900] メガトンハンマー（先） vs 爆弾魔（後・拡張）: 拡張側勝利 Turn 16 HP 先0 / 後6
[773/900] メガトンハンマー（先・拡張） vs 爆弾魔（後）: 通常側勝利 Turn 12 HP 先0 / 後13
[774/900] メガトンハンマー（先） vs 爆弾魔（後・拡張）: 拡張側勝利 Turn 8 HP 先-1 / 後7
[775/900] メガトンハンマー（先・拡張） vs 爆弾魔（後）: 拡張側勝利 Turn 11 HP 先3 / 後-3
[776/900] メガトンハンマー（先） vs 爆弾魔（後・拡張）: 拡張側勝利 Turn 8 HP 先0 / 後7
[777/900] メガトンハンマー（先・拡張） vs 爆弾魔（後）: 通常側勝利 Turn 14 HP 先0 / 後5
[778/900] メガトンハンマー（先） vs 爆弾魔（後・拡張）: 通常側勝利 Turn 11 HP 先7 / 後0
[779/900] メガトンハンマー（先・拡張） vs 爆弾魔（後）: 拡張側勝利 Turn 9 HP 先5 / 後-1
[780/900] メガトンハンマー（先） vs 爆弾魔（後・拡張）: 通常側勝利 Turn 9 HP 先5 / 後0
[781/900] 爆弾魔（先・拡張） vs 真綿（後）: 拡張側勝利 Turn 15 HP 先6 / 後-5
[782/900] 爆弾魔（先） vs 真綿（後・拡張）: 通常側勝利 Turn 7 HP 先18 / 後0
[783/900] 爆弾魔（先・拡張） vs 真綿（後）: 通常側勝利 Turn 14 HP 先-1 / 後3
[784/900] 爆弾魔（先） vs 真綿（後・拡張）: 拡張側勝利 Turn 14 HP 先-1 / 後4
[785/900] 爆弾魔（先・拡張） vs 真綿（後）: 拡張側勝利 Turn 11 HP 先8 / 後0
[786/900] 爆弾魔（先） vs 真綿（後・拡張）: 通常側勝利 Turn 11 HP 先20 / 後-6
[787/900] 爆弾魔（先・拡張） vs 真綿（後）: 拡張側勝利 Turn 15 HP 先7 / 後-2
[788/900] 爆弾魔（先） vs 真綿（後・拡張）: 通常側勝利 Turn 11 HP 先11 / 後0
[789/900] 爆弾魔（先・拡張） vs 真綿（後）: 通常側勝利 Turn 12 HP 先0 / 後3
[790/900] 爆弾魔（先） vs 真綿（後・拡張）: 通常側勝利 Turn 11 HP 先13 / 後0
[791/900] 爆弾魔（先・拡張） vs 真綿（後）: 通常側勝利 Turn 8 HP 先0 / 後7
[792/900] 爆弾魔（先） vs 真綿（後・拡張）: 拡張側勝利 Turn 14 HP 先0 / 後7
[793/900] 爆弾魔（先・拡張） vs 真綿（後）: 拡張側勝利 Turn 11 HP 先12 / 後-4
[794/900] 爆弾魔（先） vs 真綿（後・拡張）: 拡張側勝利 Turn 12 HP 先0 / 後6
[795/900] 爆弾魔（先・拡張） vs 真綿（後）: 拡張側勝利 Turn 11 HP 先8 / 後0
[796/900] 爆弾魔（先） vs 真綿（後・拡張）: 通常側勝利 Turn 11 HP 先9 / 後0
[797/900] 爆弾魔（先・拡張） vs 真綿（後）: 通常側勝利 Turn 14 HP 先-1 / 後3
[798/900] 爆弾魔（先） vs 真綿（後・拡張）: 拡張側勝利 Turn 12 HP 先0 / 後9
[799/900] 爆弾魔（先・拡張） vs 真綿（後）: 通常側勝利 Turn 10 HP 先0 / 後12
[800/900] 爆弾魔（先） vs 真綿（後・拡張）: 拡張側勝利 Turn 12 HP 先0 / 後12
[801/900] 爆弾魔（先・拡張） vs 真綿（後）: 拡張側勝利 Turn 9 HP 先13 / 後0
[802/900] 爆弾魔（先） vs 真綿（後・拡張）: 通常側勝利 Turn 13 HP 先10 / 後-2
[803/900] 爆弾魔（先・拡張） vs 真綿（後）: 通常側勝利 Turn 10 HP 先0 / 後5
[804/900] 爆弾魔（先） vs 真綿（後・拡張）: 通常側勝利 Turn 11 HP 先16 / 後0
[805/900] 爆弾魔（先・拡張） vs 真綿（後）: 拡張側勝利 Turn 11 HP 先10 / 後0
[806/900] 爆弾魔（先） vs 真綿（後・拡張）: 通常側勝利 Turn 9 HP 先9 / 後-1
[807/900] 爆弾魔（先・拡張） vs 真綿（後）: 拡張側勝利 Turn 9 HP 先20 / 後0
[808/900] 爆弾魔（先） vs 真綿（後・拡張）: 通常側勝利 Turn 15 HP 先9 / 後0
[809/900] 爆弾魔（先・拡張） vs 真綿（後）: 拡張側勝利 Turn 11 HP 先9 / 後-2
[810/900] 爆弾魔（先） vs 真綿（後・拡張）: 通常側勝利 Turn 7 HP 先17 / 後0
[811/900] 真綿（先・拡張） vs 爆弾魔（後）: 通常側勝利 Turn 8 HP 先0 / 後14
[812/900] 真綿（先） vs 爆弾魔（後・拡張）: 拡張側勝利 Turn 12 HP 先0 / 後10
[813/900] 真綿（先・拡張） vs 爆弾魔（後）: 通常側勝利 Turn 8 HP 先0 / 後10
[814/900] 真綿（先） vs 爆弾魔（後・拡張）: 通常側勝利 Turn 9 HP 先6 / 後0
[815/900] 真綿（先・拡張） vs 爆弾魔（後）: 拡張側勝利 Turn 15 HP 先4 / 後0
[816/900] 真綿（先） vs 爆弾魔（後・拡張）: 拡張側勝利 Turn 10 HP 先0 / 後10
[817/900] 真綿（先・拡張） vs 爆弾魔（後）: 拡張側勝利 Turn 11 HP 先9 / 後-1
[818/900] 真綿（先） vs 爆弾魔（後・拡張）: 拡張側勝利 Turn 18 HP 先-3 / 後14
[819/900] 真綿（先・拡張） vs 爆弾魔（後）: 通常側勝利 Turn 10 HP 先-1 / 後18
[820/900] 真綿（先） vs 爆弾魔（後・拡張）: 拡張側勝利 Turn 12 HP 先-7 / 後12
[821/900] 真綿（先・拡張） vs 爆弾魔（後）: 通常側勝利 Turn 12 HP 先-4 / 後8
[822/900] 真綿（先） vs 爆弾魔（後・拡張）: 通常側勝利 Turn 13 HP 先1 / 後0
[823/900] 真綿（先・拡張） vs 爆弾魔（後）: 通常側勝利 Turn 8 HP 先0 / 後12
[824/900] 真綿（先） vs 爆弾魔（後・拡張）: 通常側勝利 Turn 13 HP 先13 / 後0
[825/900] 真綿（先・拡張） vs 爆弾魔（後）: 通常側勝利 Turn 10 HP 先-1 / 後5
[826/900] 真綿（先） vs 爆弾魔（後・拡張）: 拡張側勝利 Turn 10 HP 先-4 / 後17
[827/900] 真綿（先・拡張） vs 爆弾魔（後）: 拡張側勝利 Turn 15 HP 先12 / 後-6
[828/900] 真綿（先） vs 爆弾魔（後・拡張）: 拡張側勝利 Turn 12 HP 先-7 / 後17
[829/900] 真綿（先・拡張） vs 爆弾魔（後）: 通常側勝利 Turn 14 HP 先-1 / 後6
[830/900] 真綿（先） vs 爆弾魔（後・拡張）: 通常側勝利 Turn 11 HP 先10 / 後0
[831/900] 真綿（先・拡張） vs 爆弾魔（後）: 拡張側勝利 Turn 13 HP 先15 / 後-3
[832/900] 真綿（先） vs 爆弾魔（後・拡張）: 通常側勝利 Turn 11 HP 先6 / 後-1
[833/900] 真綿（先・拡張） vs 爆弾魔（後）: 通常側勝利 Turn 14 HP 先0 / 後5
[834/900] 真綿（先） vs 爆弾魔（後・拡張）: 拡張側勝利 Turn 14 HP 先0 / 後13
[835/900] 真綿（先・拡張） vs 爆弾魔（後）: 通常側勝利 Turn 14 HP 先-5 / 後18
[836/900] 真綿（先） vs 爆弾魔（後・拡張）: 通常側勝利 Turn 9 HP 先10 / 後0
[837/900] 真綿（先・拡張） vs 爆弾魔（後）: 通常側勝利 Turn 10 HP 先0 / 後6
[838/900] 真綿（先） vs 爆弾魔（後・拡張）: 拡張側勝利 Turn 12 HP 先-1 / 後16
[839/900] 真綿（先・拡張） vs 爆弾魔（後）: 通常側勝利 Turn 10 HP 先-1 / 後11
[840/900] 真綿（先） vs 爆弾魔（後・拡張）: 通常側勝利 Turn 9 HP 先9 / 後-2
[841/900] メガトンハンマー（先・拡張） vs 真綿（後）: 通常側勝利 Turn 10 HP 先-6 / 後10
[842/900] メガトンハンマー（先） vs 真綿（後・拡張）: 通常側勝利 Turn 13 HP 先10 / 後0
[843/900] メガトンハンマー（先・拡張） vs 真綿（後）: 通常側勝利 Turn 14 HP 先-1 / 後5
[844/900] メガトンハンマー（先） vs 真綿（後・拡張）: 通常側勝利 Turn 13 HP 先12 / 後-3
[845/900] メガトンハンマー（先・拡張） vs 真綿（後）: 通常側勝利 Turn 10 HP 先-2 / 後4
[846/900] メガトンハンマー（先） vs 真綿（後・拡張）: 拡張側勝利 Turn 12 HP 先0 / 後5
[847/900] メガトンハンマー（先・拡張） vs 真綿（後）: 通常側勝利 Turn 20 HP 先0 / 後20
[848/900] メガトンハンマー（先） vs 真綿（後・拡張）: 拡張側勝利 Turn 14 HP 先-5 / 後15
[849/900] メガトンハンマー（先・拡張） vs 真綿（後）: 通常側勝利 Turn 14 HP 先-12 / 後4
[850/900] メガトンハンマー（先） vs 真綿（後・拡張）: 通常側勝利 Turn 15 HP 先6 / 後-3
[851/900] メガトンハンマー（先・拡張） vs 真綿（後）: 拡張側勝利 Turn 11 HP 先10 / 後-3
[852/900] メガトンハンマー（先） vs 真綿（後・拡張）: 拡張側勝利 Turn 12 HP 先-1 / 後11
[853/900] メガトンハンマー（先・拡張） vs 真綿（後）: 通常側勝利 Turn 10 HP 先-2 / 後5
[854/900] メガトンハンマー（先） vs 真綿（後・拡張）: 拡張側勝利 Turn 14 HP 先0 / 後6
[855/900] メガトンハンマー（先・拡張） vs 真綿（後）: 拡張側勝利 Turn 11 HP 先11 / 後0
[856/900] メガトンハンマー（先） vs 真綿（後・拡張）: 拡張側勝利 Turn 18 HP 先0 / 後15
[857/900] メガトンハンマー（先・拡張） vs 真綿（後）: 通常側勝利 Turn 18 HP 先0 / 後3
[858/900] メガトンハンマー（先） vs 真綿（後・拡張）: 通常側勝利 Turn 11 HP 先7 / 後-2
[859/900] メガトンハンマー（先・拡張） vs 真綿（後）: 拡張側勝利 Turn 15 HP 先7 / 後-1
[860/900] メガトンハンマー（先） vs 真綿（後・拡張）: 通常側勝利 Turn 11 HP 先2 / 後-2
[861/900] メガトンハンマー（先・拡張） vs 真綿（後）: 拡張側勝利 Turn 17 HP 先4 / 後0
[862/900] メガトンハンマー（先） vs 真綿（後・拡張）: 通常側勝利 Turn 9 HP 先12 / 後0
[863/900] メガトンハンマー（先・拡張） vs 真綿（後）: 通常側勝利 Turn 16 HP 先-1 / 後13
[864/900] メガトンハンマー（先） vs 真綿（後・拡張）: 拡張側勝利 Turn 12 HP 先0 / 後8
[865/900] メガトンハンマー（先・拡張） vs 真綿（後）: 通常側勝利 Turn 14 HP 先0 / 後8
[866/900] メガトンハンマー（先） vs 真綿（後・拡張）: 通常側勝利 Turn 11 HP 先4 / 後0
[867/900] メガトンハンマー（先・拡張） vs 真綿（後）: 通常側勝利 Turn 14 HP 先-9 / 後14
[868/900] メガトンハンマー（先） vs 真綿（後・拡張）: 拡張側勝利 Turn 14 HP 先0 / 後7
[869/900] メガトンハンマー（先・拡張） vs 真綿（後）: 拡張側勝利 Turn 15 HP 先8 / 後0
[870/900] メガトンハンマー（先） vs 真綿（後・拡張）: 拡張側勝利 Turn 10 HP 先-4 / 後7
[871/900] 真綿（先・拡張） vs メガトンハンマー（後）: 拡張側勝利 Turn 11 HP 先2 / 後-2
[872/900] 真綿（先） vs メガトンハンマー（後・拡張）: 通常側勝利 Turn 13 HP 先11 / 後0
[873/900] 真綿（先・拡張） vs メガトンハンマー（後）: 通常側勝利 Turn 14 HP 先-3 / 後4
[874/900] 真綿（先） vs メガトンハンマー（後・拡張）: 通常側勝利 Turn 17 HP 先3 / 後-13
[875/900] 真綿（先・拡張） vs メガトンハンマー（後）: 拡張側勝利 Turn 15 HP 先14 / 後-2
[876/900] 真綿（先） vs メガトンハンマー（後・拡張）: 通常側勝利 Turn 21 HP 先11 / 後-4
[877/900] 真綿（先・拡張） vs メガトンハンマー（後）: 通常側勝利 Turn 10 HP 先-1 / 後7
[878/900] 真綿（先） vs メガトンハンマー（後・拡張）: 拡張側勝利 Turn 12 HP 先0 / 後18
[879/900] 真綿（先・拡張） vs メガトンハンマー（後）: 拡張側勝利 Turn 11 HP 先8 / 後0
[880/900] 真綿（先） vs メガトンハンマー（後・拡張）: 拡張側勝利 Turn 12 HP 先-1 / 後13
[881/900] 真綿（先・拡張） vs メガトンハンマー（後）: 通常側勝利 Turn 10 HP 先0 / 後10
[882/900] 真綿（先） vs メガトンハンマー（後・拡張）: 拡張側勝利 Turn 16 HP 先0 / 後9
[883/900] 真綿（先・拡張） vs メガトンハンマー（後）: 拡張側勝利 Turn 11 HP 先12 / 後0
[884/900] 真綿（先） vs メガトンハンマー（後・拡張）: 通常側勝利 Turn 21 HP 先14 / 後0
[885/900] 真綿（先・拡張） vs メガトンハンマー（後）: 通常側勝利 Turn 12 HP 先-2 / 後10
[886/900] 真綿（先） vs メガトンハンマー（後・拡張）: 通常側勝利 Turn 17 HP 先13 / 後-3
[887/900] 真綿（先・拡張） vs メガトンハンマー（後）: 通常側勝利 Turn 12 HP 先0 / 後8
[888/900] 真綿（先） vs メガトンハンマー（後・拡張）: 拡張側勝利 Turn 10 HP 先-2 / 後12
[889/900] 真綿（先・拡張） vs メガトンハンマー（後）: 拡張側勝利 Turn 17 HP 先12 / 後0
[890/900] 真綿（先） vs メガトンハンマー（後・拡張）: 拡張側勝利 Turn 12 HP 先-1 / 後12
[891/900] 真綿（先・拡張） vs メガトンハンマー（後）: 拡張側勝利 Turn 19 HP 先18 / 後-1
[892/900] 真綿（先） vs メガトンハンマー（後・拡張）: 拡張側勝利 Turn 18 HP 先-2 / 後12
[893/900] 真綿（先・拡張） vs メガトンハンマー（後）: 通常側勝利 Turn 12 HP 先-4 / 後6
[894/900] 真綿（先） vs メガトンハンマー（後・拡張）: 通常側勝利 Turn 9 HP 先8 / 後0
[895/900] 真綿（先・拡張） vs メガトンハンマー（後）: 通常側勝利 Turn 12 HP 先-2 / 後4
[896/900] 真綿（先） vs メガトンハンマー（後・拡張）: 通常側勝利 Turn 13 HP 先8 / 後-2
[897/900] 真綿（先・拡張） vs メガトンハンマー（後）: 拡張側勝利 Turn 11 HP 先7 / 後0
[898/900] 真綿（先） vs メガトンハンマー（後・拡張）: 拡張側勝利 Turn 16 HP 先0 / 後15
[899/900] 真綿（先・拡張） vs メガトンハンマー（後）: 拡張側勝利 Turn 13 HP 先9 / 後0
[900/900] 真綿（先） vs メガトンハンマー（後・拡張）: 拡張側勝利 Turn 10 HP 先0 / 後4

拡張カード追加側集計
全体: 460勝 440敗 0未決着 / 勝率 51.1%
ブンブンぶん殴り: 91勝 59敗 0未決着 / 勝率 60.7% （先 49/75、後 42/75）
じゃぶじゃぶマネー: 82勝 68敗 0未決着 / 勝率 54.7% （先 40/75、後 42/75）
急襲レールウェイ: 63勝 87敗 0未決着 / 勝率 42.0% （先 33/75、後 30/75）
爆弾魔: 96勝 54敗 0未決着 / 勝率 64.0% （先 52/75、後 44/75）
メガトンハンマー: 68勝 82敗 0未決着 / 勝率 45.3% （先 34/75、後 34/75）
真綿: 60勝 90敗 0未決着 / 勝率 40.0% （先 30/75、後 30/75）

同一条件ペア比較
拡張側が両方勝利 110組 / 通常側が両方勝利 100組 / 勝敗分割 240組 / 未決着を含む 0組
