AI拡張カード評価戦
奇術師（b67d6803-0077-4a65-ad0b-68dcc7fcc546）を片方のデッキへ2枚追加
450条件 × 拡張側2通り = 900戦
固定シード: 20260816 / 未決着判定: 200ターン超過
このモードでは直接対戦勝率JSONを更新しません。

[001/900] ブンブンぶん殴り（先・拡張） vs じゃぶじゃぶマネー（後）: 通常側勝利 Turn 14 HP 先0 / 後8
[002/900] ブンブンぶん殴り（先） vs じゃぶじゃぶマネー（後・拡張）: 拡張側勝利 Turn 14 HP 先0 / 後4
[003/900] ブンブンぶん殴り（先・拡張） vs じゃぶじゃぶマネー（後）: 通常側勝利 Turn 14 HP 先-3 / 後6
[004/900] ブンブンぶん殴り（先） vs じゃぶじゃぶマネー（後・拡張）: 通常側勝利 Turn 13 HP 先17 / 後-2
[005/900] ブンブンぶん殴り（先・拡張） vs じゃぶじゃぶマネー（後）: 拡張側勝利 Turn 11 HP 先14 / 後0
[006/900] ブンブンぶん殴り（先） vs じゃぶじゃぶマネー（後・拡張）: 拡張側勝利 Turn 10 HP 先0 / 後8
[007/900] ブンブンぶん殴り（先・拡張） vs じゃぶじゃぶマネー（後）: 通常側勝利 Turn 12 HP 先-1 / 後5
[008/900] ブンブンぶん殴り（先） vs じゃぶじゃぶマネー（後・拡張）: 通常側勝利 Turn 9 HP 先6 / 後0
[009/900] ブンブンぶん殴り（先・拡張） vs じゃぶじゃぶマネー（後）: 通常側勝利 Turn 14 HP 先-1 / 後4
[010/900] ブンブンぶん殴り（先） vs じゃぶじゃぶマネー（後・拡張）: 拡張側勝利 Turn 12 HP 先-1 / 後7
[011/900] ブンブンぶん殴り（先・拡張） vs じゃぶじゃぶマネー（後）: 拡張側勝利 Turn 11 HP 先3 / 後-6
[012/900] ブンブンぶん殴り（先） vs じゃぶじゃぶマネー（後・拡張）: 通常側勝利 Turn 13 HP 先7 / 後-4
[013/900] ブンブンぶん殴り（先・拡張） vs じゃぶじゃぶマネー（後）: 拡張側勝利 Turn 9 HP 先8 / 後-3
[014/900] ブンブンぶん殴り（先） vs じゃぶじゃぶマネー（後・拡張）: 通常側勝利 Turn 9 HP 先11 / 後0
[015/900] ブンブンぶん殴り（先・拡張） vs じゃぶじゃぶマネー（後）: 拡張側勝利 Turn 13 HP 先11 / 後-1
[016/900] ブンブンぶん殴り（先） vs じゃぶじゃぶマネー（後・拡張）: 拡張側勝利 Turn 10 HP 先-2 / 後7
[017/900] ブンブンぶん殴り（先・拡張） vs じゃぶじゃぶマネー（後）: 拡張側勝利 Turn 11 HP 先6 / 後-8
[018/900] ブンブンぶん殴り（先） vs じゃぶじゃぶマネー（後・拡張）: 拡張側勝利 Turn 12 HP 先0 / 後7
[019/900] ブンブンぶん殴り（先・拡張） vs じゃぶじゃぶマネー（後）: 通常側勝利 Turn 12 HP 先-2 / 後1
[020/900] ブンブンぶん殴り（先） vs じゃぶじゃぶマネー（後・拡張）: 通常側勝利 Turn 11 HP 先3 / 後-2
[021/900] ブンブンぶん殴り（先・拡張） vs じゃぶじゃぶマネー（後）: 拡張側勝利 Turn 11 HP 先4 / 後0
[022/900] ブンブンぶん殴り（先） vs じゃぶじゃぶマネー（後・拡張）: 拡張側勝利 Turn 12 HP 先0 / 後5
[023/900] ブンブンぶん殴り（先・拡張） vs じゃぶじゃぶマネー（後）: 拡張側勝利 Turn 9 HP 先9 / 後0
[024/900] ブンブンぶん殴り（先） vs じゃぶじゃぶマネー（後・拡張）: 拡張側勝利 Turn 12 HP 先0 / 後9
[025/900] ブンブンぶん殴り（先・拡張） vs じゃぶじゃぶマネー（後）: 通常側勝利 Turn 14 HP 先0 / 後9
[026/900] ブンブンぶん殴り（先） vs じゃぶじゃぶマネー（後・拡張）: 通常側勝利 Turn 13 HP 先5 / 後-1
[027/900] ブンブンぶん殴り（先・拡張） vs じゃぶじゃぶマネー（後）: 通常側勝利 Turn 14 HP 先-7 / 後7
[028/900] ブンブンぶん殴り（先） vs じゃぶじゃぶマネー（後・拡張）: 拡張側勝利 Turn 14 HP 先-1 / 後10
[029/900] ブンブンぶん殴り（先・拡張） vs じゃぶじゃぶマネー（後）: 拡張側勝利 Turn 9 HP 先10 / 後-2
[030/900] ブンブンぶん殴り（先） vs じゃぶじゃぶマネー（後・拡張）: 拡張側勝利 Turn 12 HP 先0 / 後5
[031/900] じゃぶじゃぶマネー（先・拡張） vs ブンブンぶん殴り（後）: 拡張側勝利 Turn 15 HP 先2 / 後0
[032/900] じゃぶじゃぶマネー（先） vs ブンブンぶん殴り（後・拡張）: 通常側勝利 Turn 13 HP 先16 / 後-1
[033/900] じゃぶじゃぶマネー（先・拡張） vs ブンブンぶん殴り（後）: 通常側勝利 Turn 8 HP 先0 / 後18
[034/900] じゃぶじゃぶマネー（先） vs ブンブンぶん殴り（後・拡張）: 通常側勝利 Turn 15 HP 先8 / 後-1
[035/900] じゃぶじゃぶマネー（先・拡張） vs ブンブンぶん殴り（後）: 通常側勝利 Turn 10 HP 先-2 / 後7
[036/900] じゃぶじゃぶマネー（先） vs ブンブンぶん殴り（後・拡張）: 拡張側勝利 Turn 14 HP 先0 / 後11
[037/900] じゃぶじゃぶマネー（先・拡張） vs ブンブンぶん殴り（後）: 通常側勝利 Turn 12 HP 先-4 / 後14
[038/900] じゃぶじゃぶマネー（先） vs ブンブンぶん殴り（後・拡張）: 拡張側勝利 Turn 14 HP 先0 / 後9
[039/900] じゃぶじゃぶマネー（先・拡張） vs ブンブンぶん殴り（後）: 拡張側勝利 Turn 11 HP 先12 / 後0
[040/900] じゃぶじゃぶマネー（先） vs ブンブンぶん殴り（後・拡張）: 通常側勝利 Turn 13 HP 先4 / 後-1
[041/900] じゃぶじゃぶマネー（先・拡張） vs ブンブンぶん殴り（後）: 通常側勝利 Turn 10 HP 先-1 / 後8
[042/900] じゃぶじゃぶマネー（先） vs ブンブンぶん殴り（後・拡張）: 通常側勝利 Turn 13 HP 先8 / 後-1
[043/900] じゃぶじゃぶマネー（先・拡張） vs ブンブンぶん殴り（後）: 拡張側勝利 Turn 11 HP 先15 / 後-7
[044/900] じゃぶじゃぶマネー（先） vs ブンブンぶん殴り（後・拡張）: 拡張側勝利 Turn 10 HP 先0 / 後12
[045/900] じゃぶじゃぶマネー（先・拡張） vs ブンブンぶん殴り（後）: 通常側勝利 Turn 12 HP 先0 / 後7
[046/900] じゃぶじゃぶマネー（先） vs ブンブンぶん殴り（後・拡張）: 拡張側勝利 Turn 10 HP 先-9 / 後14
[047/900] じゃぶじゃぶマネー（先・拡張） vs ブンブンぶん殴り（後）: 通常側勝利 Turn 12 HP 先-1 / 後4
[048/900] じゃぶじゃぶマネー（先） vs ブンブンぶん殴り（後・拡張）: 通常側勝利 Turn 11 HP 先1 / 後-2
[049/900] じゃぶじゃぶマネー（先・拡張） vs ブンブンぶん殴り（後）: 拡張側勝利 Turn 9 HP 先5 / 後0
[050/900] じゃぶじゃぶマネー（先） vs ブンブンぶん殴り（後・拡張）: 拡張側勝利 Turn 10 HP 先-2 / 後17
[051/900] じゃぶじゃぶマネー（先・拡張） vs ブンブンぶん殴り（後）: 拡張側勝利 Turn 25 HP 先9 / 後0
[052/900] じゃぶじゃぶマネー（先） vs ブンブンぶん殴り（後・拡張）: 拡張側勝利 Turn 14 HP 先0 / 後6
[053/900] じゃぶじゃぶマネー（先・拡張） vs ブンブンぶん殴り（後）: 拡張側勝利 Turn 13 HP 先7 / 後0
[054/900] じゃぶじゃぶマネー（先） vs ブンブンぶん殴り（後・拡張）: 拡張側勝利 Turn 10 HP 先-1 / 後12
[055/900] じゃぶじゃぶマネー（先・拡張） vs ブンブンぶん殴り（後）: 拡張側勝利 Turn 15 HP 先14 / 後-1
[056/900] じゃぶじゃぶマネー（先） vs ブンブンぶん殴り（後・拡張）: 通常側勝利 Turn 15 HP 先12 / 後0
[057/900] じゃぶじゃぶマネー（先・拡張） vs ブンブンぶん殴り（後）: 通常側勝利 Turn 14 HP 先-1 / 後5
[058/900] じゃぶじゃぶマネー（先） vs ブンブンぶん殴り（後・拡張）: 通常側勝利 Turn 11 HP 先10 / 後-2
[059/900] じゃぶじゃぶマネー（先・拡張） vs ブンブンぶん殴り（後）: 通常側勝利 Turn 12 HP 先0 / 後13
[060/900] じゃぶじゃぶマネー（先） vs ブンブンぶん殴り（後・拡張）: 通常側勝利 Turn 15 HP 先6 / 後-1
[061/900] ブンブンぶん殴り（先・拡張） vs 急襲レールウェイ（後）: 通常側勝利 Turn 8 HP 先-1 / 後13
[062/900] ブンブンぶん殴り（先） vs 急襲レールウェイ（後・拡張）: 通常側勝利 Turn 9 HP 先13 / 後0
[063/900] ブンブンぶん殴り（先・拡張） vs 急襲レールウェイ（後）: 拡張側勝利 Turn 11 HP 先12 / 後-1
[064/900] ブンブンぶん殴り（先） vs 急襲レールウェイ（後・拡張）: 拡張側勝利 Turn 10 HP 先-1 / 後7
[065/900] ブンブンぶん殴り（先・拡張） vs 急襲レールウェイ（後）: 通常側勝利 Turn 8 HP 先0 / 後10
[066/900] ブンブンぶん殴り（先） vs 急襲レールウェイ（後・拡張）: 拡張側勝利 Turn 8 HP 先-1 / 後16
[067/900] ブンブンぶん殴り（先・拡張） vs 急襲レールウェイ（後）: 拡張側勝利 Turn 11 HP 先8 / 後-2
[068/900] ブンブンぶん殴り（先） vs 急襲レールウェイ（後・拡張）: 拡張側勝利 Turn 16 HP 先-5 / 後8
[069/900] ブンブンぶん殴り（先・拡張） vs 急襲レールウェイ（後）: 拡張側勝利 Turn 9 HP 先5 / 後-1
[070/900] ブンブンぶん殴り（先） vs 急襲レールウェイ（後・拡張）: 通常側勝利 Turn 11 HP 先9 / 後-2
[071/900] ブンブンぶん殴り（先・拡張） vs 急襲レールウェイ（後）: 拡張側勝利 Turn 7 HP 先15 / 後-1
[072/900] ブンブンぶん殴り（先） vs 急襲レールウェイ（後・拡張）: 拡張側勝利 Turn 12 HP 先0 / 後8
[073/900] ブンブンぶん殴り（先・拡張） vs 急襲レールウェイ（後）: 拡張側勝利 Turn 9 HP 先14 / 後-6
[074/900] ブンブンぶん殴り（先） vs 急襲レールウェイ（後・拡張）: 通常側勝利 Turn 15 HP 先9 / 後-3
[075/900] ブンブンぶん殴り（先・拡張） vs 急襲レールウェイ（後）: 拡張側勝利 Turn 9 HP 先13 / 後0
[076/900] ブンブンぶん殴り（先） vs 急襲レールウェイ（後・拡張）: 通常側勝利 Turn 11 HP 先7 / 後-1
[077/900] ブンブンぶん殴り（先・拡張） vs 急襲レールウェイ（後）: 通常側勝利 Turn 12 HP 先0 / 後6
[078/900] ブンブンぶん殴り（先） vs 急襲レールウェイ（後・拡張）: 拡張側勝利 Turn 12 HP 先-3 / 後9
[079/900] ブンブンぶん殴り（先・拡張） vs 急襲レールウェイ（後）: 拡張側勝利 Turn 9 HP 先7 / 後0
[080/900] ブンブンぶん殴り（先） vs 急襲レールウェイ（後・拡張）: 通常側勝利 Turn 9 HP 先11 / 後0
[081/900] ブンブンぶん殴り（先・拡張） vs 急襲レールウェイ（後）: 拡張側勝利 Turn 9 HP 先5 / 後0
[082/900] ブンブンぶん殴り（先） vs 急襲レールウェイ（後・拡張）: 通常側勝利 Turn 9 HP 先3 / 後-1
[083/900] ブンブンぶん殴り（先・拡張） vs 急襲レールウェイ（後）: 通常側勝利 Turn 12 HP 先0 / 後10
[084/900] ブンブンぶん殴り（先） vs 急襲レールウェイ（後・拡張）: 拡張側勝利 Turn 16 HP 先-4 / 後16
[085/900] ブンブンぶん殴り（先・拡張） vs 急襲レールウェイ（後）: 拡張側勝利 Turn 9 HP 先15 / 後-4
[086/900] ブンブンぶん殴り（先） vs 急襲レールウェイ（後・拡張）: 拡張側勝利 Turn 10 HP 先-2 / 後6
[087/900] ブンブンぶん殴り（先・拡張） vs 急襲レールウェイ（後）: 通常側勝利 Turn 10 HP 先-1 / 後5
[088/900] ブンブンぶん殴り（先） vs 急襲レールウェイ（後・拡張）: 通常側勝利 Turn 9 HP 先10 / 後-1
[089/900] ブンブンぶん殴り（先・拡張） vs 急襲レールウェイ（後）: 通常側勝利 Turn 10 HP 先-2 / 後1
[090/900] ブンブンぶん殴り（先） vs 急襲レールウェイ（後・拡張）: 通常側勝利 Turn 9 HP 先10 / 後0
[091/900] 急襲レールウェイ（先・拡張） vs ブンブンぶん殴り（後）: 通常側勝利 Turn 12 HP 先-1 / 後9
[092/900] 急襲レールウェイ（先） vs ブンブンぶん殴り（後・拡張）: 通常側勝利 Turn 9 HP 先6 / 後0
[093/900] 急襲レールウェイ（先・拡張） vs ブンブンぶん殴り（後）: 拡張側勝利 Turn 9 HP 先14 / 後-1
[094/900] 急襲レールウェイ（先） vs ブンブンぶん殴り（後・拡張）: 拡張側勝利 Turn 12 HP 先-1 / 後13
[095/900] 急襲レールウェイ（先・拡張） vs ブンブンぶん殴り（後）: 拡張側勝利 Turn 7 HP 先18 / 後0
[096/900] 急襲レールウェイ（先） vs ブンブンぶん殴り（後・拡張）: 拡張側勝利 Turn 12 HP 先0 / 後8
[097/900] 急襲レールウェイ（先・拡張） vs ブンブンぶん殴り（後）: 通常側勝利 Turn 12 HP 先0 / 後8
[098/900] 急襲レールウェイ（先） vs ブンブンぶん殴り（後・拡張）: 拡張側勝利 Turn 10 HP 先-2 / 後7
[099/900] 急襲レールウェイ（先・拡張） vs ブンブンぶん殴り（後）: 通常側勝利 Turn 12 HP 先-4 / 後8
[100/900] 急襲レールウェイ（先） vs ブンブンぶん殴り（後・拡張）: 拡張側勝利 Turn 8 HP 先0 / 後11
[101/900] 急襲レールウェイ（先・拡張） vs ブンブンぶん殴り（後）: 通常側勝利 Turn 12 HP 先0 / 後10
[102/900] 急襲レールウェイ（先） vs ブンブンぶん殴り（後・拡張）: 拡張側勝利 Turn 8 HP 先-3 / 後15
[103/900] 急襲レールウェイ（先・拡張） vs ブンブンぶん殴り（後）: 通常側勝利 Turn 14 HP 先-1 / 後11
[104/900] 急襲レールウェイ（先） vs ブンブンぶん殴り（後・拡張）: 拡張側勝利 Turn 10 HP 先-2 / 後7
[105/900] 急襲レールウェイ（先・拡張） vs ブンブンぶん殴り（後）: 通常側勝利 Turn 8 HP 先0 / 後10
[106/900] 急襲レールウェイ（先） vs ブンブンぶん殴り（後・拡張）: 拡張側勝利 Turn 8 HP 先0 / 後15
[107/900] 急襲レールウェイ（先・拡張） vs ブンブンぶん殴り（後）: 拡張側勝利 Turn 9 HP 先11 / 後0
[108/900] 急襲レールウェイ（先） vs ブンブンぶん殴り（後・拡張）: 拡張側勝利 Turn 12 HP 先0 / 後5
[109/900] 急襲レールウェイ（先・拡張） vs ブンブンぶん殴り（後）: 通常側勝利 Turn 10 HP 先0 / 後11
[110/900] 急襲レールウェイ（先） vs ブンブンぶん殴り（後・拡張）: 拡張側勝利 Turn 10 HP 先-1 / 後2
[111/900] 急襲レールウェイ（先・拡張） vs ブンブンぶん殴り（後）: 拡張側勝利 Turn 9 HP 先10 / 後0
[112/900] 急襲レールウェイ（先） vs ブンブンぶん殴り（後・拡張）: 拡張側勝利 Turn 12 HP 先-1 / 後10
[113/900] 急襲レールウェイ（先・拡張） vs ブンブンぶん殴り（後）: 通常側勝利 Turn 10 HP 先-1 / 後6
[114/900] 急襲レールウェイ（先） vs ブンブンぶん殴り（後・拡張）: 拡張側勝利 Turn 8 HP 先-1 / 後4
[115/900] 急襲レールウェイ（先・拡張） vs ブンブンぶん殴り（後）: 拡張側勝利 Turn 9 HP 先6 / 後0
[116/900] 急襲レールウェイ（先） vs ブンブンぶん殴り（後・拡張）: 拡張側勝利 Turn 8 HP 先0 / 後7
[117/900] 急襲レールウェイ（先・拡張） vs ブンブンぶん殴り（後）: 通常側勝利 Turn 10 HP 先-1 / 後16
[118/900] 急襲レールウェイ（先） vs ブンブンぶん殴り（後・拡張）: 拡張側勝利 Turn 12 HP 先-2 / 後7
[119/900] 急襲レールウェイ（先・拡張） vs ブンブンぶん殴り（後）: 通常側勝利 Turn 8 HP 先0 / 後7
[120/900] 急襲レールウェイ（先） vs ブンブンぶん殴り（後・拡張）: 通常側勝利 Turn 9 HP 先7 / 後0
[121/900] ブンブンぶん殴り（先・拡張） vs 爆弾魔（後）: 拡張側勝利 Turn 7 HP 先17 / 後0
[122/900] ブンブンぶん殴り（先） vs 爆弾魔（後・拡張）: 通常側勝利 Turn 11 HP 先11 / 後-1
[123/900] ブンブンぶん殴り（先・拡張） vs 爆弾魔（後）: 通常側勝利 Turn 10 HP 先-3 / 後5
[124/900] ブンブンぶん殴り（先） vs 爆弾魔（後・拡張）: 拡張側勝利 Turn 10 HP 先-2 / 後9
[125/900] ブンブンぶん殴り（先・拡張） vs 爆弾魔（後）: 通常側勝利 Turn 10 HP 先-1 / 後15
[126/900] ブンブンぶん殴り（先） vs 爆弾魔（後・拡張）: 拡張側勝利 Turn 8 HP 先0 / 後16
[127/900] ブンブンぶん殴り（先・拡張） vs 爆弾魔（後）: 通常側勝利 Turn 8 HP 先-3 / 後4
[128/900] ブンブンぶん殴り（先） vs 爆弾魔（後・拡張）: 通常側勝利 Turn 9 HP 先7 / 後-1
[129/900] ブンブンぶん殴り（先・拡張） vs 爆弾魔（後）: 通常側勝利 Turn 10 HP 先0 / 後1
[130/900] ブンブンぶん殴り（先） vs 爆弾魔（後・拡張）: 拡張側勝利 Turn 8 HP 先-8 / 後15
[131/900] ブンブンぶん殴り（先・拡張） vs 爆弾魔（後）: 通常側勝利 Turn 8 HP 先-3 / 後10
[132/900] ブンブンぶん殴り（先） vs 爆弾魔（後・拡張）: 拡張側勝利 Turn 10 HP 先-2 / 後8
[133/900] ブンブンぶん殴り（先・拡張） vs 爆弾魔（後）: 通常側勝利 Turn 8 HP 先0 / 後17
[134/900] ブンブンぶん殴り（先） vs 爆弾魔（後・拡張）: 通常側勝利 Turn 9 HP 先2 / 後-2
[135/900] ブンブンぶん殴り（先・拡張） vs 爆弾魔（後）: 拡張側勝利 Turn 11 HP 先9 / 後0
[136/900] ブンブンぶん殴り（先） vs 爆弾魔（後・拡張）: 通常側勝利 Turn 11 HP 先1 / 後0
[137/900] ブンブンぶん殴り（先・拡張） vs 爆弾魔（後）: 拡張側勝利 Turn 7 HP 先4 / 後0
[138/900] ブンブンぶん殴り（先） vs 爆弾魔（後・拡張）: 通常側勝利 Turn 9 HP 先5 / 後0
[139/900] ブンブンぶん殴り（先・拡張） vs 爆弾魔（後）: 拡張側勝利 Turn 7 HP 先8 / 後-1
[140/900] ブンブンぶん殴り（先） vs 爆弾魔（後・拡張）: 拡張側勝利 Turn 14 HP 先-7 / 後5
[141/900] ブンブンぶん殴り（先・拡張） vs 爆弾魔（後）: 通常側勝利 Turn 10 HP 先0 / 後13
[142/900] ブンブンぶん殴り（先） vs 爆弾魔（後・拡張）: 拡張側勝利 Turn 10 HP 先0 / 後10
[143/900] ブンブンぶん殴り（先・拡張） vs 爆弾魔（後）: 拡張側勝利 Turn 7 HP 先16 / 後0
[144/900] ブンブンぶん殴り（先） vs 爆弾魔（後・拡張）: 拡張側勝利 Turn 8 HP 先-1 / 後10
[145/900] ブンブンぶん殴り（先・拡張） vs 爆弾魔（後）: 拡張側勝利 Turn 9 HP 先9 / 後-2
[146/900] ブンブンぶん殴り（先） vs 爆弾魔（後・拡張）: 通常側勝利 Turn 7 HP 先18 / 後0
[147/900] ブンブンぶん殴り（先・拡張） vs 爆弾魔（後）: 通常側勝利 Turn 14 HP 先-2 / 後10
[148/900] ブンブンぶん殴り（先） vs 爆弾魔（後・拡張）: 通常側勝利 Turn 11 HP 先5 / 後-2
[149/900] ブンブンぶん殴り（先・拡張） vs 爆弾魔（後）: 通常側勝利 Turn 10 HP 先-1 / 後7
[150/900] ブンブンぶん殴り（先） vs 爆弾魔（後・拡張）: 拡張側勝利 Turn 8 HP 先0 / 後1
[151/900] 爆弾魔（先・拡張） vs ブンブンぶん殴り（後）: 通常側勝利 Turn 10 HP 先-2 / 後10
[152/900] 爆弾魔（先） vs ブンブンぶん殴り（後・拡張）: 通常側勝利 Turn 11 HP 先8 / 後-1
[153/900] 爆弾魔（先・拡張） vs ブンブンぶん殴り（後）: 通常側勝利 Turn 8 HP 先0 / 後11
[154/900] 爆弾魔（先） vs ブンブンぶん殴り（後・拡張）: 通常側勝利 Turn 9 HP 先5 / 後-1
[155/900] 爆弾魔（先・拡張） vs ブンブンぶん殴り（後）: 拡張側勝利 Turn 7 HP 先16 / 後0
[156/900] 爆弾魔（先） vs ブンブンぶん殴り（後・拡張）: 通常側勝利 Turn 7 HP 先14 / 後0
[157/900] 爆弾魔（先・拡張） vs ブンブンぶん殴り（後）: 拡張側勝利 Turn 11 HP 先6 / 後-1
[158/900] 爆弾魔（先） vs ブンブンぶん殴り（後・拡張）: 通常側勝利 Turn 9 HP 先6 / 後0
[159/900] 爆弾魔（先・拡張） vs ブンブンぶん殴り（後）: 拡張側勝利 Turn 7 HP 先18 / 後0
[160/900] 爆弾魔（先） vs ブンブンぶん殴り（後・拡張）: 通常側勝利 Turn 7 HP 先11 / 後0
[161/900] 爆弾魔（先・拡張） vs ブンブンぶん殴り（後）: 拡張側勝利 Turn 9 HP 先9 / 後0
[162/900] 爆弾魔（先） vs ブンブンぶん殴り（後・拡張）: 拡張側勝利 Turn 10 HP 先0 / 後2
[163/900] 爆弾魔（先・拡張） vs ブンブンぶん殴り（後）: 拡張側勝利 Turn 7 HP 先8 / 後0
[164/900] 爆弾魔（先） vs ブンブンぶん殴り（後・拡張）: 通常側勝利 Turn 9 HP 先10 / 後0
[165/900] 爆弾魔（先・拡張） vs ブンブンぶん殴り（後）: 通常側勝利 Turn 8 HP 先0 / 後8
[166/900] 爆弾魔（先） vs ブンブンぶん殴り（後・拡張）: 通常側勝利 Turn 9 HP 先4 / 後0
[167/900] 爆弾魔（先・拡張） vs ブンブンぶん殴り（後）: 拡張側勝利 Turn 9 HP 先14 / 後0
[168/900] 爆弾魔（先） vs ブンブンぶん殴り（後・拡張）: 拡張側勝利 Turn 8 HP 先0 / 後10
[169/900] 爆弾魔（先・拡張） vs ブンブンぶん殴り（後）: 拡張側勝利 Turn 13 HP 先5 / 後-1
[170/900] 爆弾魔（先） vs ブンブンぶん殴り（後・拡張）: 通常側勝利 Turn 9 HP 先3 / 後-1
[171/900] 爆弾魔（先・拡張） vs ブンブンぶん殴り（後）: 拡張側勝利 Turn 11 HP 先3 / 後-6
[172/900] 爆弾魔（先） vs ブンブンぶん殴り（後・拡張）: 通常側勝利 Turn 11 HP 先12 / 後-1
[173/900] 爆弾魔（先・拡張） vs ブンブンぶん殴り（後）: 拡張側勝利 Turn 7 HP 先14 / 後-2
[174/900] 爆弾魔（先） vs ブンブンぶん殴り（後・拡張）: 拡張側勝利 Turn 10 HP 先0 / 後9
[175/900] 爆弾魔（先・拡張） vs ブンブンぶん殴り（後）: 通常側勝利 Turn 10 HP 先0 / 後8
[176/900] 爆弾魔（先） vs ブンブンぶん殴り（後・拡張）: 通常側勝利 Turn 7 HP 先11 / 後0
[177/900] 爆弾魔（先・拡張） vs ブンブンぶん殴り（後）: 通常側勝利 Turn 10 HP 先-2 / 後6
[178/900] 爆弾魔（先） vs ブンブンぶん殴り（後・拡張）: 通常側勝利 Turn 9 HP 先17 / 後0
[179/900] 爆弾魔（先・拡張） vs ブンブンぶん殴り（後）: 拡張側勝利 Turn 7 HP 先10 / 後0
[180/900] 爆弾魔（先） vs ブンブンぶん殴り（後・拡張）: 拡張側勝利 Turn 14 HP 先-1 / 後3
[181/900] ブンブンぶん殴り（先・拡張） vs メガトンハンマー（後）: 通常側勝利 Turn 8 HP 先0 / 後14
[182/900] ブンブンぶん殴り（先） vs メガトンハンマー（後・拡張）: 通常側勝利 Turn 13 HP 先3 / 後-2
[183/900] ブンブンぶん殴り（先・拡張） vs メガトンハンマー（後）: 通常側勝利 Turn 10 HP 先0 / 後8
[184/900] ブンブンぶん殴り（先） vs メガトンハンマー（後・拡張）: 通常側勝利 Turn 15 HP 先8 / 後0
[185/900] ブンブンぶん殴り（先・拡張） vs メガトンハンマー（後）: 拡張側勝利 Turn 11 HP 先1 / 後-4
[186/900] ブンブンぶん殴り（先） vs メガトンハンマー（後・拡張）: 通常側勝利 Turn 15 HP 先13 / 後-1
[187/900] ブンブンぶん殴り（先・拡張） vs メガトンハンマー（後）: 拡張側勝利 Turn 9 HP 先10 / 後0
[188/900] ブンブンぶん殴り（先） vs メガトンハンマー（後・拡張）: 拡張側勝利 Turn 10 HP 先0 / 後6
[189/900] ブンブンぶん殴り（先・拡張） vs メガトンハンマー（後）: 通常側勝利 Turn 12 HP 先-3 / 後14
[190/900] ブンブンぶん殴り（先） vs メガトンハンマー（後・拡張）: 通常側勝利 Turn 9 HP 先6 / 後0
[191/900] ブンブンぶん殴り（先・拡張） vs メガトンハンマー（後）: 拡張側勝利 Turn 13 HP 先2 / 後-2
[192/900] ブンブンぶん殴り（先） vs メガトンハンマー（後・拡張）: 拡張側勝利 Turn 10 HP 先0 / 後8
[193/900] ブンブンぶん殴り（先・拡張） vs メガトンハンマー（後）: 拡張側勝利 Turn 9 HP 先8 / 後0
[194/900] ブンブンぶん殴り（先） vs メガトンハンマー（後・拡張）: 通常側勝利 Turn 9 HP 先17 / 後0
[195/900] ブンブンぶん殴り（先・拡張） vs メガトンハンマー（後）: 通常側勝利 Turn 18 HP 先0 / 後10
[196/900] ブンブンぶん殴り（先） vs メガトンハンマー（後・拡張）: 通常側勝利 Turn 11 HP 先5 / 後0
[197/900] ブンブンぶん殴り（先・拡張） vs メガトンハンマー（後）: 拡張側勝利 Turn 9 HP 先8 / 後-2
[198/900] ブンブンぶん殴り（先） vs メガトンハンマー（後・拡張）: 拡張側勝利 Turn 10 HP 先-3 / 後4
[199/900] ブンブンぶん殴り（先・拡張） vs メガトンハンマー（後）: 拡張側勝利 Turn 9 HP 先13 / 後0
[200/900] ブンブンぶん殴り（先） vs メガトンハンマー（後・拡張）: 拡張側勝利 Turn 12 HP 先0 / 後6
[201/900] ブンブンぶん殴り（先・拡張） vs メガトンハンマー（後）: 通常側勝利 Turn 10 HP 先-2 / 後7
[202/900] ブンブンぶん殴り（先） vs メガトンハンマー（後・拡張）: 拡張側勝利 Turn 10 HP 先-1 / 後7
[203/900] ブンブンぶん殴り（先・拡張） vs メガトンハンマー（後）: 通常側勝利 Turn 12 HP 先0 / 後4
[204/900] ブンブンぶん殴り（先） vs メガトンハンマー（後・拡張）: 拡張側勝利 Turn 10 HP 先-10 / 後16
[205/900] ブンブンぶん殴り（先・拡張） vs メガトンハンマー（後）: 拡張側勝利 Turn 13 HP 先11 / 後0
[206/900] ブンブンぶん殴り（先） vs メガトンハンマー（後・拡張）: 拡張側勝利 Turn 12 HP 先0 / 後9
[207/900] ブンブンぶん殴り（先・拡張） vs メガトンハンマー（後）: 拡張側勝利 Turn 9 HP 先5 / 後0
[208/900] ブンブンぶん殴り（先） vs メガトンハンマー（後・拡張）: 通常側勝利 Turn 9 HP 先14 / 後0
[209/900] ブンブンぶん殴り（先・拡張） vs メガトンハンマー（後）: 拡張側勝利 Turn 17 HP 先4 / 後-3
[210/900] ブンブンぶん殴り（先） vs メガトンハンマー（後・拡張）: 拡張側勝利 Turn 10 HP 先0 / 後4
[211/900] メガトンハンマー（先・拡張） vs ブンブンぶん殴り（後）: 拡張側勝利 Turn 11 HP 先2 / 後-1
[212/900] メガトンハンマー（先） vs ブンブンぶん殴り（後・拡張）: 通常側勝利 Turn 9 HP 先12 / 後-2
[213/900] メガトンハンマー（先・拡張） vs ブンブンぶん殴り（後）: 通常側勝利 Turn 10 HP 先-5 / 後6
[214/900] メガトンハンマー（先） vs ブンブンぶん殴り（後・拡張）: 通常側勝利 Turn 9 HP 先9 / 後-1
[215/900] メガトンハンマー（先・拡張） vs ブンブンぶん殴り（後）: 拡張側勝利 Turn 11 HP 先11 / 後0
[216/900] メガトンハンマー（先） vs ブンブンぶん殴り（後・拡張）: 通常側勝利 Turn 13 HP 先4 / 後0
[217/900] メガトンハンマー（先・拡張） vs ブンブンぶん殴り（後）: 拡張側勝利 Turn 13 HP 先5 / 後0
[218/900] メガトンハンマー（先） vs ブンブンぶん殴り（後・拡張）: 拡張側勝利 Turn 10 HP 先0 / 後8
[219/900] メガトンハンマー（先・拡張） vs ブンブンぶん殴り（後）: 通常側勝利 Turn 10 HP 先0 / 後6
[220/900] メガトンハンマー（先） vs ブンブンぶん殴り（後・拡張）: 拡張側勝利 Turn 10 HP 先0 / 後8
[221/900] メガトンハンマー（先・拡張） vs ブンブンぶん殴り（後）: 拡張側勝利 Turn 11 HP 先2 / 後-2
[222/900] メガトンハンマー（先） vs ブンブンぶん殴り（後・拡張）: 拡張側勝利 Turn 12 HP 先-1 / 後4
[223/900] メガトンハンマー（先・拡張） vs ブンブンぶん殴り（後）: 通常側勝利 Turn 10 HP 先0 / 後11
[224/900] メガトンハンマー（先） vs ブンブンぶん殴り（後・拡張）: 通常側勝利 Turn 11 HP 先7 / 後-3
[225/900] メガトンハンマー（先・拡張） vs ブンブンぶん殴り（後）: 拡張側勝利 Turn 7 HP 先16 / 後0
[226/900] メガトンハンマー（先） vs ブンブンぶん殴り（後・拡張）: 通常側勝利 Turn 9 HP 先12 / 後-2
[227/900] メガトンハンマー（先・拡張） vs ブンブンぶん殴り（後）: 拡張側勝利 Turn 11 HP 先8 / 後-4
[228/900] メガトンハンマー（先） vs ブンブンぶん殴り（後・拡張）: 拡張側勝利 Turn 10 HP 先-12 / 後2
[229/900] メガトンハンマー（先・拡張） vs ブンブンぶん殴り（後）: 拡張側勝利 Turn 13 HP 先9 / 後0
[230/900] メガトンハンマー（先） vs ブンブンぶん殴り（後・拡張）: 拡張側勝利 Turn 12 HP 先-1 / 後9
[231/900] メガトンハンマー（先・拡張） vs ブンブンぶん殴り（後）: 拡張側勝利 Turn 11 HP 先8 / 後0
[232/900] メガトンハンマー（先） vs ブンブンぶん殴り（後・拡張）: 拡張側勝利 Turn 10 HP 先0 / 後2
[233/900] メガトンハンマー（先・拡張） vs ブンブンぶん殴り（後）: 通常側勝利 Turn 14 HP 先0 / 後11
[234/900] メガトンハンマー（先） vs ブンブンぶん殴り（後・拡張）: 通常側勝利 Turn 13 HP 先3 / 後0
[235/900] メガトンハンマー（先・拡張） vs ブンブンぶん殴り（後）: 通常側勝利 Turn 10 HP 先0 / 後11
[236/900] メガトンハンマー（先） vs ブンブンぶん殴り（後・拡張）: 拡張側勝利 Turn 10 HP 先-1 / 後9
[237/900] メガトンハンマー（先・拡張） vs ブンブンぶん殴り（後）: 通常側勝利 Turn 12 HP 先0 / 後10
[238/900] メガトンハンマー（先） vs ブンブンぶん殴り（後・拡張）: 拡張側勝利 Turn 10 HP 先-5 / 後3
[239/900] メガトンハンマー（先・拡張） vs ブンブンぶん殴り（後）: 拡張側勝利 Turn 9 HP 先4 / 後0
[240/900] メガトンハンマー（先） vs ブンブンぶん殴り（後・拡張）: 拡張側勝利 Turn 10 HP 先-4 / 後5
[241/900] ブンブンぶん殴り（先・拡張） vs 真綿（後）: 通常側勝利 Turn 16 HP 先-1 / 後5
[242/900] ブンブンぶん殴り（先） vs 真綿（後・拡張）: 拡張側勝利 Turn 10 HP 先-1 / 後7
[243/900] ブンブンぶん殴り（先・拡張） vs 真綿（後）: 拡張側勝利 Turn 7 HP 先16 / 後0
[244/900] ブンブンぶん殴り（先） vs 真綿（後・拡張）: 通常側勝利 Turn 7 HP 先14 / 後0
[245/900] ブンブンぶん殴り（先・拡張） vs 真綿（後）: 通常側勝利 Turn 12 HP 先-1 / 後4
[246/900] ブンブンぶん殴り（先） vs 真綿（後・拡張）: 拡張側勝利 Turn 14 HP 先0 / 後2
[247/900] ブンブンぶん殴り（先・拡張） vs 真綿（後）: 拡張側勝利 Turn 11 HP 先1 / 後-3
[248/900] ブンブンぶん殴り（先） vs 真綿（後・拡張）: 拡張側勝利 Turn 12 HP 先0 / 後2
[249/900] ブンブンぶん殴り（先・拡張） vs 真綿（後）: 拡張側勝利 Turn 13 HP 先13 / 後0
[250/900] ブンブンぶん殴り（先） vs 真綿（後・拡張）: 通常側勝利 Turn 17 HP 先4 / 後0
[251/900] ブンブンぶん殴り（先・拡張） vs 真綿（後）: 拡張側勝利 Turn 11 HP 先6 / 後-2
[252/900] ブンブンぶん殴り（先） vs 真綿（後・拡張）: 通常側勝利 Turn 11 HP 先5 / 後0
[253/900] ブンブンぶん殴り（先・拡張） vs 真綿（後）: 拡張側勝利 Turn 9 HP 先5 / 後-7
[254/900] ブンブンぶん殴り（先） vs 真綿（後・拡張）: 通常側勝利 Turn 13 HP 先6 / 後-4
[255/900] ブンブンぶん殴り（先・拡張） vs 真綿（後）: 通常側勝利 Turn 10 HP 先-1 / 後5
[256/900] ブンブンぶん殴り（先） vs 真綿（後・拡張）: 拡張側勝利 Turn 8 HP 先0 / 後10
[257/900] ブンブンぶん殴り（先・拡張） vs 真綿（後）: 拡張側勝利 Turn 11 HP 先12 / 後-3
[258/900] ブンブンぶん殴り（先） vs 真綿（後・拡張）: 通常側勝利 Turn 15 HP 先14 / 後0
[259/900] ブンブンぶん殴り（先・拡張） vs 真綿（後）: 拡張側勝利 Turn 15 HP 先12 / 後-1
[260/900] ブンブンぶん殴り（先） vs 真綿（後・拡張）: 通常側勝利 Turn 11 HP 先12 / 後-1
[261/900] ブンブンぶん殴り（先・拡張） vs 真綿（後）: 拡張側勝利 Turn 11 HP 先3 / 後-1
[262/900] ブンブンぶん殴り（先） vs 真綿（後・拡張）: 通常側勝利 Turn 11 HP 先2 / 後-2
[263/900] ブンブンぶん殴り（先・拡張） vs 真綿（後）: 拡張側勝利 Turn 11 HP 先8 / 後0
[264/900] ブンブンぶん殴り（先） vs 真綿（後・拡張）: 通常側勝利 Turn 9 HP 先5 / 後0
[265/900] ブンブンぶん殴り（先・拡張） vs 真綿（後）: 拡張側勝利 Turn 11 HP 先8 / 後0
[266/900] ブンブンぶん殴り（先） vs 真綿（後・拡張）: 通常側勝利 Turn 13 HP 先16 / 後-3
[267/900] ブンブンぶん殴り（先・拡張） vs 真綿（後）: 拡張側勝利 Turn 11 HP 先13 / 後-1
[268/900] ブンブンぶん殴り（先） vs 真綿（後・拡張）: 拡張側勝利 Turn 12 HP 先0 / 後11
[269/900] ブンブンぶん殴り（先・拡張） vs 真綿（後）: 拡張側勝利 Turn 13 HP 先10 / 後0
[270/900] ブンブンぶん殴り（先） vs 真綿（後・拡張）: 通常側勝利 Turn 11 HP 先6 / 後0
[271/900] 真綿（先・拡張） vs ブンブンぶん殴り（後）: 通常側勝利 Turn 10 HP 先0 / 後11
[272/900] 真綿（先） vs ブンブンぶん殴り（後・拡張）: 通常側勝利 Turn 15 HP 先8 / 後0
[273/900] 真綿（先・拡張） vs ブンブンぶん殴り（後）: 通常側勝利 Turn 10 HP 先-1 / 後13
[274/900] 真綿（先） vs ブンブンぶん殴り（後・拡張）: 拡張側勝利 Turn 8 HP 先0 / 後19
[275/900] 真綿（先・拡張） vs ブンブンぶん殴り（後）: 拡張側勝利 Turn 11 HP 先7 / 後-1
[276/900] 真綿（先） vs ブンブンぶん殴り（後・拡張）: 通常側勝利 Turn 9 HP 先1 / 後-1
[277/900] 真綿（先・拡張） vs ブンブンぶん殴り（後）: 通常側勝利 Turn 10 HP 先0 / 後14
[278/900] 真綿（先） vs ブンブンぶん殴り（後・拡張）: 拡張側勝利 Turn 12 HP 先0 / 後8
[279/900] 真綿（先・拡張） vs ブンブンぶん殴り（後）: 通常側勝利 Turn 12 HP 先0 / 後11
[280/900] 真綿（先） vs ブンブンぶん殴り（後・拡張）: 拡張側勝利 Turn 14 HP 先-1 / 後17
[281/900] 真綿（先・拡張） vs ブンブンぶん殴り（後）: 通常側勝利 Turn 12 HP 先-5 / 後3
[282/900] 真綿（先） vs ブンブンぶん殴り（後・拡張）: 拡張側勝利 Turn 14 HP 先0 / 後11
[283/900] 真綿（先・拡張） vs ブンブンぶん殴り（後）: 通常側勝利 Turn 12 HP 先-2 / 後7
[284/900] 真綿（先） vs ブンブンぶん殴り（後・拡張）: 拡張側勝利 Turn 18 HP 先-2 / 後7
[285/900] 真綿（先・拡張） vs ブンブンぶん殴り（後）: 通常側勝利 Turn 12 HP 先-4 / 後3
[286/900] 真綿（先） vs ブンブンぶん殴り（後・拡張）: 通常側勝利 Turn 11 HP 先7 / 後0
[287/900] 真綿（先・拡張） vs ブンブンぶん殴り（後）: 通常側勝利 Turn 10 HP 先0 / 後17
[288/900] 真綿（先） vs ブンブンぶん殴り（後・拡張）: 拡張側勝利 Turn 10 HP 先-7 / 後12
[289/900] 真綿（先・拡張） vs ブンブンぶん殴り（後）: 通常側勝利 Turn 14 HP 先-2 / 後9
[290/900] 真綿（先） vs ブンブンぶん殴り（後・拡張）: 拡張側勝利 Turn 10 HP 先0 / 後13
[291/900] 真綿（先・拡張） vs ブンブンぶん殴り（後）: 拡張側勝利 Turn 13 HP 先10 / 後-6
[292/900] 真綿（先） vs ブンブンぶん殴り（後・拡張）: 拡張側勝利 Turn 10 HP 先-2 / 後8
[293/900] 真綿（先・拡張） vs ブンブンぶん殴り（後）: 拡張側勝利 Turn 11 HP 先5 / 後0
[294/900] 真綿（先） vs ブンブンぶん殴り（後・拡張）: 通常側勝利 Turn 9 HP 先4 / 後-1
[295/900] 真綿（先・拡張） vs ブンブンぶん殴り（後）: 通常側勝利 Turn 12 HP 先0 / 後10
[296/900] 真綿（先） vs ブンブンぶん殴り（後・拡張）: 通常側勝利 Turn 11 HP 先8 / 後0
[297/900] 真綿（先・拡張） vs ブンブンぶん殴り（後）: 通常側勝利 Turn 12 HP 先-1 / 後11
[298/900] 真綿（先） vs ブンブンぶん殴り（後・拡張）: 拡張側勝利 Turn 16 HP 先-4 / 後1
[299/900] 真綿（先・拡張） vs ブンブンぶん殴り（後）: 通常側勝利 Turn 10 HP 先-1 / 後6
[300/900] 真綿（先） vs ブンブンぶん殴り（後・拡張）: 通常側勝利 Turn 9 HP 先11 / 後-1
[301/900] じゃぶじゃぶマネー（先・拡張） vs 急襲レールウェイ（後）: 拡張側勝利 Turn 15 HP 先4 / 後0
[302/900] じゃぶじゃぶマネー（先） vs 急襲レールウェイ（後・拡張）: 拡張側勝利 Turn 10 HP 先-1 / 後13
[303/900] じゃぶじゃぶマネー（先・拡張） vs 急襲レールウェイ（後）: 拡張側勝利 Turn 11 HP 先6 / 後0
[304/900] じゃぶじゃぶマネー（先） vs 急襲レールウェイ（後・拡張）: 通常側勝利 Turn 15 HP 先8 / 後-5
[305/900] じゃぶじゃぶマネー（先・拡張） vs 急襲レールウェイ（後）: 拡張側勝利 Turn 11 HP 先14 / 後0
[306/900] じゃぶじゃぶマネー（先） vs 急襲レールウェイ（後・拡張）: 通常側勝利 Turn 21 HP 先8 / 後-1
[307/900] じゃぶじゃぶマネー（先・拡張） vs 急襲レールウェイ（後）: 拡張側勝利 Turn 15 HP 先3 / 後0
[308/900] じゃぶじゃぶマネー（先） vs 急襲レールウェイ（後・拡張）: 拡張側勝利 Turn 10 HP 先-4 / 後11
[309/900] じゃぶじゃぶマネー（先・拡張） vs 急襲レールウェイ（後）: 拡張側勝利 Turn 13 HP 先4 / 後-2
[310/900] じゃぶじゃぶマネー（先） vs 急襲レールウェイ（後・拡張）: 通常側勝利 Turn 11 HP 先3 / 後-1
[311/900] じゃぶじゃぶマネー（先・拡張） vs 急襲レールウェイ（後）: 拡張側勝利 Turn 13 HP 先1 / 後0
[312/900] じゃぶじゃぶマネー（先） vs 急襲レールウェイ（後・拡張）: 拡張側勝利 Turn 14 HP 先0 / 後8
[313/900] じゃぶじゃぶマネー（先・拡張） vs 急襲レールウェイ（後）: 通常側勝利 Turn 12 HP 先-2 / 後13
[314/900] じゃぶじゃぶマネー（先） vs 急襲レールウェイ（後・拡張）: 通常側勝利 Turn 11 HP 先7 / 後-1
[315/900] じゃぶじゃぶマネー（先・拡張） vs 急襲レールウェイ（後）: 拡張側勝利 Turn 11 HP 先6 / 後-3
[316/900] じゃぶじゃぶマネー（先） vs 急襲レールウェイ（後・拡張）: 通常側勝利 Turn 11 HP 先9 / 後0
[317/900] じゃぶじゃぶマネー（先・拡張） vs 急襲レールウェイ（後）: 通常側勝利 Turn 16 HP 先-1 / 後14
[318/900] じゃぶじゃぶマネー（先） vs 急襲レールウェイ（後・拡張）: 拡張側勝利 Turn 10 HP 先0 / 後15
[319/900] じゃぶじゃぶマネー（先・拡張） vs 急襲レールウェイ（後）: 拡張側勝利 Turn 15 HP 先11 / 後-1
[320/900] じゃぶじゃぶマネー（先） vs 急襲レールウェイ（後・拡張）: 拡張側勝利 Turn 18 HP 先-1 / 後10
[321/900] じゃぶじゃぶマネー（先・拡張） vs 急襲レールウェイ（後）: 通常側勝利 Turn 12 HP 先-1 / 後4
[322/900] じゃぶじゃぶマネー（先） vs 急襲レールウェイ（後・拡張）: 通常側勝利 Turn 15 HP 先4 / 後0
[323/900] じゃぶじゃぶマネー（先・拡張） vs 急襲レールウェイ（後）: 拡張側勝利 Turn 15 HP 先3 / 後-1
[324/900] じゃぶじゃぶマネー（先） vs 急襲レールウェイ（後・拡張）: 拡張側勝利 Turn 18 HP 先-1 / 後16
[325/900] じゃぶじゃぶマネー（先・拡張） vs 急襲レールウェイ（後）: 通常側勝利 Turn 12 HP 先-2 / 後2
[326/900] じゃぶじゃぶマネー（先） vs 急襲レールウェイ（後・拡張）: 拡張側勝利 Turn 10 HP 先-1 / 後17
[327/900] じゃぶじゃぶマネー（先・拡張） vs 急襲レールウェイ（後）: 拡張側勝利 Turn 11 HP 先6 / 後-1
[328/900] じゃぶじゃぶマネー（先） vs 急襲レールウェイ（後・拡張）: 拡張側勝利 Turn 12 HP 先0 / 後13
[329/900] じゃぶじゃぶマネー（先・拡張） vs 急襲レールウェイ（後）: 通常側勝利 Turn 14 HP 先-2 / 後7
[330/900] じゃぶじゃぶマネー（先） vs 急襲レールウェイ（後・拡張）: 通常側勝利 Turn 13 HP 先5 / 後-2
[331/900] 急襲レールウェイ（先・拡張） vs じゃぶじゃぶマネー（後）: 拡張側勝利 Turn 11 HP 先5 / 後0
[332/900] 急襲レールウェイ（先） vs じゃぶじゃぶマネー（後・拡張）: 拡張側勝利 Turn 14 HP 先-2 / 後3
[333/900] 急襲レールウェイ（先・拡張） vs じゃぶじゃぶマネー（後）: 通常側勝利 Turn 14 HP 先0 / 後11
[334/900] 急襲レールウェイ（先） vs じゃぶじゃぶマネー（後・拡張）: 通常側勝利 Turn 9 HP 先14 / 後0
[335/900] 急襲レールウェイ（先・拡張） vs じゃぶじゃぶマネー（後）: 拡張側勝利 Turn 13 HP 先16 / 後0
[336/900] 急襲レールウェイ（先） vs じゃぶじゃぶマネー（後・拡張）: 通常側勝利 Turn 11 HP 先9 / 後-1
[337/900] 急襲レールウェイ（先・拡張） vs じゃぶじゃぶマネー（後）: 拡張側勝利 Turn 9 HP 先13 / 後-1
[338/900] 急襲レールウェイ（先） vs じゃぶじゃぶマネー（後・拡張）: 通常側勝利 Turn 9 HP 先14 / 後0
[339/900] 急襲レールウェイ（先・拡張） vs じゃぶじゃぶマネー（後）: 通常側勝利 Turn 12 HP 先-4 / 後2
[340/900] 急襲レールウェイ（先） vs じゃぶじゃぶマネー（後・拡張）: 拡張側勝利 Turn 16 HP 先-8 / 後1
[341/900] 急襲レールウェイ（先・拡張） vs じゃぶじゃぶマネー（後）: 拡張側勝利 Turn 13 HP 先6 / 後0
[342/900] 急襲レールウェイ（先） vs じゃぶじゃぶマネー（後・拡張）: 通常側勝利 Turn 11 HP 先18 / 後0
[343/900] 急襲レールウェイ（先・拡張） vs じゃぶじゃぶマネー（後）: 拡張側勝利 Turn 11 HP 先9 / 後0
[344/900] 急襲レールウェイ（先） vs じゃぶじゃぶマネー（後・拡張）: 通常側勝利 Turn 9 HP 先12 / 後0
[345/900] 急襲レールウェイ（先・拡張） vs じゃぶじゃぶマネー（後）: 拡張側勝利 Turn 11 HP 先10 / 後-2
[346/900] 急襲レールウェイ（先） vs じゃぶじゃぶマネー（後・拡張）: 通常側勝利 Turn 11 HP 先3 / 後0
[347/900] 急襲レールウェイ（先・拡張） vs じゃぶじゃぶマネー（後）: 拡張側勝利 Turn 9 HP 先17 / 後-2
[348/900] 急襲レールウェイ（先） vs じゃぶじゃぶマネー（後・拡張）: 拡張側勝利 Turn 14 HP 先-4 / 後15
[349/900] 急襲レールウェイ（先・拡張） vs じゃぶじゃぶマネー（後）: 通常側勝利 Turn 16 HP 先0 / 後4
[350/900] 急襲レールウェイ（先） vs じゃぶじゃぶマネー（後・拡張）: 拡張側勝利 Turn 14 HP 先0 / 後4
[351/900] 急襲レールウェイ（先・拡張） vs じゃぶじゃぶマネー（後）: 拡張側勝利 Turn 13 HP 先13 / 後-1
[352/900] 急襲レールウェイ（先） vs じゃぶじゃぶマネー（後・拡張）: 通常側勝利 Turn 9 HP 先8 / 後-1
[353/900] 急襲レールウェイ（先・拡張） vs じゃぶじゃぶマネー（後）: 拡張側勝利 Turn 11 HP 先10 / 後-1
[354/900] 急襲レールウェイ（先） vs じゃぶじゃぶマネー（後・拡張）: 拡張側勝利 Turn 14 HP 先-1 / 後10
[355/900] 急襲レールウェイ（先・拡張） vs じゃぶじゃぶマネー（後）: 拡張側勝利 Turn 9 HP 先15 / 後-2
[356/900] 急襲レールウェイ（先） vs じゃぶじゃぶマネー（後・拡張）: 拡張側勝利 Turn 12 HP 先0 / 後6
[357/900] 急襲レールウェイ（先・拡張） vs じゃぶじゃぶマネー（後）: 拡張側勝利 Turn 9 HP 先12 / 後-2
[358/900] 急襲レールウェイ（先） vs じゃぶじゃぶマネー（後・拡張）: 通常側勝利 Turn 11 HP 先8 / 後-1
[359/900] 急襲レールウェイ（先・拡張） vs じゃぶじゃぶマネー（後）: 拡張側勝利 Turn 11 HP 先14 / 後-1
[360/900] 急襲レールウェイ（先） vs じゃぶじゃぶマネー（後・拡張）: 通常側勝利 Turn 13 HP 先8 / 後0
[361/900] じゃぶじゃぶマネー（先・拡張） vs 爆弾魔（後）: 通常側勝利 Turn 14 HP 先0 / 後10
[362/900] じゃぶじゃぶマネー（先） vs 爆弾魔（後・拡張）: 拡張側勝利 Turn 12 HP 先-1 / 後8
[363/900] じゃぶじゃぶマネー（先・拡張） vs 爆弾魔（後）: 通常側勝利 Turn 10 HP 先0 / 後16
[364/900] じゃぶじゃぶマネー（先） vs 爆弾魔（後・拡張）: 拡張側勝利 Turn 10 HP 先-2 / 後11
[365/900] じゃぶじゃぶマネー（先・拡張） vs 爆弾魔（後）: 拡張側勝利 Turn 11 HP 先12 / 後-3
[366/900] じゃぶじゃぶマネー（先） vs 爆弾魔（後・拡張）: 拡張側勝利 Turn 14 HP 先-1 / 後12
[367/900] じゃぶじゃぶマネー（先・拡張） vs 爆弾魔（後）: 通常側勝利 Turn 10 HP 先-1 / 後12
[368/900] じゃぶじゃぶマネー（先） vs 爆弾魔（後・拡張）: 通常側勝利 Turn 15 HP 先5 / 後-1
[369/900] じゃぶじゃぶマネー（先・拡張） vs 爆弾魔（後）: 通常側勝利 Turn 12 HP 先0 / 後1
[370/900] じゃぶじゃぶマネー（先） vs 爆弾魔（後・拡張）: 拡張側勝利 Turn 16 HP 先0 / 後16
[371/900] じゃぶじゃぶマネー（先・拡張） vs 爆弾魔（後）: 通常側勝利 Turn 12 HP 先-1 / 後12
[372/900] じゃぶじゃぶマネー（先） vs 爆弾魔（後・拡張）: 通常側勝利 Turn 15 HP 先7 / 後-1
[373/900] じゃぶじゃぶマネー（先・拡張） vs 爆弾魔（後）: 拡張側勝利 Turn 17 HP 先5 / 後-4
[374/900] じゃぶじゃぶマネー（先） vs 爆弾魔（後・拡張）: 拡張側勝利 Turn 12 HP 先0 / 後8
[375/900] じゃぶじゃぶマネー（先・拡張） vs 爆弾魔（後）: 拡張側勝利 Turn 13 HP 先4 / 後-4
[376/900] じゃぶじゃぶマネー（先） vs 爆弾魔（後・拡張）: 通常側勝利 Turn 13 HP 先6 / 後0
[377/900] じゃぶじゃぶマネー（先・拡張） vs 爆弾魔（後）: 拡張側勝利 Turn 21 HP 先11 / 後-3
[378/900] じゃぶじゃぶマネー（先） vs 爆弾魔（後・拡張）: 拡張側勝利 Turn 10 HP 先-3 / 後9
[379/900] じゃぶじゃぶマネー（先・拡張） vs 爆弾魔（後）: 拡張側勝利 Turn 11 HP 先4 / 後0
[380/900] じゃぶじゃぶマネー（先） vs 爆弾魔（後・拡張）: 拡張側勝利 Turn 10 HP 先-1 / 後11
[381/900] じゃぶじゃぶマネー（先・拡張） vs 爆弾魔（後）: 通常側勝利 Turn 12 HP 先-1 / 後15
[382/900] じゃぶじゃぶマネー（先） vs 爆弾魔（後・拡張）: 拡張側勝利 Turn 10 HP 先0 / 後12
[383/900] じゃぶじゃぶマネー（先・拡張） vs 爆弾魔（後）: 通常側勝利 Turn 16 HP 先-1 / 後15
[384/900] じゃぶじゃぶマネー（先） vs 爆弾魔（後・拡張）: 拡張側勝利 Turn 12 HP 先-1 / 後6
[385/900] じゃぶじゃぶマネー（先・拡張） vs 爆弾魔（後）: 通常側勝利 Turn 12 HP 先0 / 後10
[386/900] じゃぶじゃぶマネー（先） vs 爆弾魔（後・拡張）: 通常側勝利 Turn 13 HP 先5 / 後-1
[387/900] じゃぶじゃぶマネー（先・拡張） vs 爆弾魔（後）: 拡張側勝利 Turn 9 HP 先5 / 後0
[388/900] じゃぶじゃぶマネー（先） vs 爆弾魔（後・拡張）: 拡張側勝利 Turn 12 HP 先0 / 後2
[389/900] じゃぶじゃぶマネー（先・拡張） vs 爆弾魔（後）: 通常側勝利 Turn 10 HP 先-4 / 後17
[390/900] じゃぶじゃぶマネー（先） vs 爆弾魔（後・拡張）: 拡張側勝利 Turn 12 HP 先0 / 後7
[391/900] 爆弾魔（先・拡張） vs じゃぶじゃぶマネー（後）: 拡張側勝利 Turn 11 HP 先7 / 後-1
[392/900] 爆弾魔（先） vs じゃぶじゃぶマネー（後・拡張）: 通常側勝利 Turn 17 HP 先7 / 後-3
[393/900] 爆弾魔（先・拡張） vs じゃぶじゃぶマネー（後）: 拡張側勝利 Turn 11 HP 先15 / 後0
[394/900] 爆弾魔（先） vs じゃぶじゃぶマネー（後・拡張）: 通常側勝利 Turn 11 HP 先16 / 後0
[395/900] 爆弾魔（先・拡張） vs じゃぶじゃぶマネー（後）: 拡張側勝利 Turn 9 HP 先15 / 後0
[396/900] 爆弾魔（先） vs じゃぶじゃぶマネー（後・拡張）: 通常側勝利 Turn 11 HP 先6 / 後0
[397/900] 爆弾魔（先・拡張） vs じゃぶじゃぶマネー（後）: 拡張側勝利 Turn 11 HP 先16 / 後-2
[398/900] 爆弾魔（先） vs じゃぶじゃぶマネー（後・拡張）: 通常側勝利 Turn 9 HP 先16 / 後0
[399/900] 爆弾魔（先・拡張） vs じゃぶじゃぶマネー（後）: 拡張側勝利 Turn 13 HP 先16 / 後0
[400/900] 爆弾魔（先） vs じゃぶじゃぶマネー（後・拡張）: 通常側勝利 Turn 15 HP 先7 / 後0
[401/900] 爆弾魔（先・拡張） vs じゃぶじゃぶマネー（後）: 拡張側勝利 Turn 11 HP 先13 / 後0
[402/900] 爆弾魔（先） vs じゃぶじゃぶマネー（後・拡張）: 通常側勝利 Turn 7 HP 先16 / 後0
[403/900] 爆弾魔（先・拡張） vs じゃぶじゃぶマネー（後）: 拡張側勝利 Turn 11 HP 先10 / 後-1
[404/900] 爆弾魔（先） vs じゃぶじゃぶマネー（後・拡張）: 通常側勝利 Turn 11 HP 先17 / 後0
[405/900] 爆弾魔（先・拡張） vs じゃぶじゃぶマネー（後）: 通常側勝利 Turn 22 HP 先-2 / 後7
[406/900] 爆弾魔（先） vs じゃぶじゃぶマネー（後・拡張）: 通常側勝利 Turn 15 HP 先11 / 後-4
[407/900] 爆弾魔（先・拡張） vs じゃぶじゃぶマネー（後）: 拡張側勝利 Turn 9 HP 先13 / 後0
[408/900] 爆弾魔（先） vs じゃぶじゃぶマネー（後・拡張）: 拡張側勝利 Turn 20 HP 先0 / 後13
[409/900] 爆弾魔（先・拡張） vs じゃぶじゃぶマネー（後）: 拡張側勝利 Turn 11 HP 先14 / 後-1
[410/900] 爆弾魔（先） vs じゃぶじゃぶマネー（後・拡張）: 通常側勝利 Turn 15 HP 先19 / 後0
[411/900] 爆弾魔（先・拡張） vs じゃぶじゃぶマネー（後）: 拡張側勝利 Turn 7 HP 先19 / 後0
[412/900] 爆弾魔（先） vs じゃぶじゃぶマネー（後・拡張）: 通常側勝利 Turn 9 HP 先20 / 後-3
[413/900] 爆弾魔（先・拡張） vs じゃぶじゃぶマネー（後）: 通常側勝利 Turn 12 HP 先-1 / 後2
[414/900] 爆弾魔（先） vs じゃぶじゃぶマネー（後・拡張）: 通常側勝利 Turn 11 HP 先14 / 後0
[415/900] 爆弾魔（先・拡張） vs じゃぶじゃぶマネー（後）: 拡張側勝利 Turn 9 HP 先17 / 後-6
[416/900] 爆弾魔（先） vs じゃぶじゃぶマネー（後・拡張）: 拡張側勝利 Turn 14 HP 先-10 / 後9
[417/900] 爆弾魔（先・拡張） vs じゃぶじゃぶマネー（後）: 通常側勝利 Turn 10 HP 先0 / 後4
[418/900] 爆弾魔（先） vs じゃぶじゃぶマネー（後・拡張）: 拡張側勝利 Turn 10 HP 先-2 / 後7
[419/900] 爆弾魔（先・拡張） vs じゃぶじゃぶマネー（後）: 通常側勝利 Turn 16 HP 先-1 / 後10
[420/900] 爆弾魔（先） vs じゃぶじゃぶマネー（後・拡張）: 通常側勝利 Turn 7 HP 先20 / 後0
[421/900] じゃぶじゃぶマネー（先・拡張） vs メガトンハンマー（後）: 通常側勝利 Turn 16 HP 先0 / 後10
[422/900] じゃぶじゃぶマネー（先） vs メガトンハンマー（後・拡張）: 通常側勝利 Turn 23 HP 先18 / 後-1
[423/900] じゃぶじゃぶマネー（先・拡張） vs メガトンハンマー（後）: 拡張側勝利 Turn 13 HP 先7 / 後0
[424/900] じゃぶじゃぶマネー（先） vs メガトンハンマー（後・拡張）: 通常側勝利 Turn 11 HP 先5 / 後-2
[425/900] じゃぶじゃぶマネー（先・拡張） vs メガトンハンマー（後）: 通常側勝利 Turn 8 HP 先0 / 後8
[426/900] じゃぶじゃぶマネー（先） vs メガトンハンマー（後・拡張）: 通常側勝利 Turn 13 HP 先2 / 後-11
[427/900] じゃぶじゃぶマネー（先・拡張） vs メガトンハンマー（後）: 拡張側勝利 Turn 13 HP 先6 / 後0
[428/900] じゃぶじゃぶマネー（先） vs メガトンハンマー（後・拡張）: 通常側勝利 Turn 13 HP 先7 / 後-1
[429/900] じゃぶじゃぶマネー（先・拡張） vs メガトンハンマー（後）: 拡張側勝利 Turn 13 HP 先5 / 後0
[430/900] じゃぶじゃぶマネー（先） vs メガトンハンマー（後・拡張）: 通常側勝利 Turn 15 HP 先14 / 後0
[431/900] じゃぶじゃぶマネー（先・拡張） vs メガトンハンマー（後）: 通常側勝利 Turn 10 HP 先0 / 後10
[432/900] じゃぶじゃぶマネー（先） vs メガトンハンマー（後・拡張）: 拡張側勝利 Turn 10 HP 先0 / 後13
[433/900] じゃぶじゃぶマネー（先・拡張） vs メガトンハンマー（後）: 通常側勝利 Turn 14 HP 先-17 / 後2
[434/900] じゃぶじゃぶマネー（先） vs メガトンハンマー（後・拡張）: 拡張側勝利 Turn 12 HP 先0 / 後10
[435/900] じゃぶじゃぶマネー（先・拡張） vs メガトンハンマー（後）: 拡張側勝利 Turn 21 HP 先8 / 後0
[436/900] じゃぶじゃぶマネー（先） vs メガトンハンマー（後・拡張）: 拡張側勝利 Turn 16 HP 先-2 / 後12
[437/900] じゃぶじゃぶマネー（先・拡張） vs メガトンハンマー（後）: 拡張側勝利 Turn 21 HP 先16 / 後-1
[438/900] じゃぶじゃぶマネー（先） vs メガトンハンマー（後・拡張）: 拡張側勝利 Turn 10 HP 先0 / 後14
[439/900] じゃぶじゃぶマネー（先・拡張） vs メガトンハンマー（後）: 拡張側勝利 Turn 17 HP 先5 / 後-1
[440/900] じゃぶじゃぶマネー（先） vs メガトンハンマー（後・拡張）: 通常側勝利 Turn 13 HP 先7 / 後0
[441/900] じゃぶじゃぶマネー（先・拡張） vs メガトンハンマー（後）: 通常側勝利 Turn 14 HP 先-1 / 後10
[442/900] じゃぶじゃぶマネー（先） vs メガトンハンマー（後・拡張）: 通常側勝利 Turn 15 HP 先3 / 後-1
[443/900] じゃぶじゃぶマネー（先・拡張） vs メガトンハンマー（後）: 拡張側勝利 Turn 21 HP 先18 / 後-7
[444/900] じゃぶじゃぶマネー（先） vs メガトンハンマー（後・拡張）: 通常側勝利 Turn 21 HP 先9 / 後-1
[445/900] じゃぶじゃぶマネー（先・拡張） vs メガトンハンマー（後）: 拡張側勝利 Turn 11 HP 先15 / 後-2
[446/900] じゃぶじゃぶマネー（先） vs メガトンハンマー（後・拡張）: 通常側勝利 Turn 15 HP 先1 / 後0
[447/900] じゃぶじゃぶマネー（先・拡張） vs メガトンハンマー（後）: 通常側勝利 Turn 10 HP 先-1 / 後14
[448/900] じゃぶじゃぶマネー（先） vs メガトンハンマー（後・拡張）: 拡張側勝利 Turn 10 HP 先-2 / 後13
[449/900] じゃぶじゃぶマネー（先・拡張） vs メガトンハンマー（後）: 拡張側勝利 Turn 13 HP 先10 / 後-1
[450/900] じゃぶじゃぶマネー（先） vs メガトンハンマー（後・拡張）: 通常側勝利 Turn 21 HP 先4 / 後-3
[451/900] メガトンハンマー（先・拡張） vs じゃぶじゃぶマネー（後）: 拡張側勝利 Turn 11 HP 先9 / 後-1
[452/900] メガトンハンマー（先） vs じゃぶじゃぶマネー（後・拡張）: 通常側勝利 Turn 13 HP 先13 / 後0
[453/900] メガトンハンマー（先・拡張） vs じゃぶじゃぶマネー（後）: 拡張側勝利 Turn 17 HP 先5 / 後0
[454/900] メガトンハンマー（先） vs じゃぶじゃぶマネー（後・拡張）: 通常側勝利 Turn 19 HP 先5 / 後-1
[455/900] メガトンハンマー（先・拡張） vs じゃぶじゃぶマネー（後）: 通常側勝利 Turn 18 HP 先-10 / 後13
[456/900] メガトンハンマー（先） vs じゃぶじゃぶマネー（後・拡張）: 通常側勝利 Turn 15 HP 先7 / 後-1
[457/900] メガトンハンマー（先・拡張） vs じゃぶじゃぶマネー（後）: 通常側勝利 Turn 12 HP 先0 / 後9
[458/900] メガトンハンマー（先） vs じゃぶじゃぶマネー（後・拡張）: 拡張側勝利 Turn 14 HP 先-1 / 後4
[459/900] メガトンハンマー（先・拡張） vs じゃぶじゃぶマネー（後）: 拡張側勝利 Turn 11 HP 先10 / 後-1
[460/900] メガトンハンマー（先） vs じゃぶじゃぶマネー（後・拡張）: 拡張側勝利 Turn 14 HP 先0 / 後15
[461/900] メガトンハンマー（先・拡張） vs じゃぶじゃぶマネー（後）: 拡張側勝利 Turn 11 HP 先5 / 後-2
[462/900] メガトンハンマー（先） vs じゃぶじゃぶマネー（後・拡張）: 通常側勝利 Turn 9 HP 先6 / 後0
[463/900] メガトンハンマー（先・拡張） vs じゃぶじゃぶマネー（後）: 拡張側勝利 Turn 17 HP 先6 / 後0
[464/900] メガトンハンマー（先） vs じゃぶじゃぶマネー（後・拡張）: 通常側勝利 Turn 15 HP 先10 / 後0
[465/900] メガトンハンマー（先・拡張） vs じゃぶじゃぶマネー（後）: 拡張側勝利 Turn 17 HP 先2 / 後0
[466/900] メガトンハンマー（先） vs じゃぶじゃぶマネー（後・拡張）: 通常側勝利 Turn 15 HP 先10 / 後-2
[467/900] メガトンハンマー（先・拡張） vs じゃぶじゃぶマネー（後）: 拡張側勝利 Turn 15 HP 先12 / 後-2
[468/900] メガトンハンマー（先） vs じゃぶじゃぶマネー（後・拡張）: 通常側勝利 Turn 15 HP 先10 / 後0
[469/900] メガトンハンマー（先・拡張） vs じゃぶじゃぶマネー（後）: 拡張側勝利 Turn 17 HP 先3 / 後-6
[470/900] メガトンハンマー（先） vs じゃぶじゃぶマネー（後・拡張）: 拡張側勝利 Turn 12 HP 先-9 / 後14
[471/900] メガトンハンマー（先・拡張） vs じゃぶじゃぶマネー（後）: 通常側勝利 Turn 12 HP 先-1 / 後9
[472/900] メガトンハンマー（先） vs じゃぶじゃぶマネー（後・拡張）: 拡張側勝利 Turn 14 HP 先0 / 後10
[473/900] メガトンハンマー（先・拡張） vs じゃぶじゃぶマネー（後）: 通常側勝利 Turn 12 HP 先-1 / 後12
[474/900] メガトンハンマー（先） vs じゃぶじゃぶマネー（後・拡張）: 通常側勝利 Turn 17 HP 先3 / 後-1
[475/900] メガトンハンマー（先・拡張） vs じゃぶじゃぶマネー（後）: 通常側勝利 Turn 18 HP 先-1 / 後10
[476/900] メガトンハンマー（先） vs じゃぶじゃぶマネー（後・拡張）: 拡張側勝利 Turn 14 HP 先0 / 後5
[477/900] メガトンハンマー（先・拡張） vs じゃぶじゃぶマネー（後）: 通常側勝利 Turn 14 HP 先-5 / 後3
[478/900] メガトンハンマー（先） vs じゃぶじゃぶマネー（後・拡張）: 拡張側勝利 Turn 12 HP 先-1 / 後5
[479/900] メガトンハンマー（先・拡張） vs じゃぶじゃぶマネー（後）: 通常側勝利 Turn 16 HP 先-8 / 後3
[480/900] メガトンハンマー（先） vs じゃぶじゃぶマネー（後・拡張）: 拡張側勝利 Turn 14 HP 先-2 / 後15
[481/900] じゃぶじゃぶマネー（先・拡張） vs 真綿（後）: 拡張側勝利 Turn 17 HP 先3 / 後-3
[482/900] じゃぶじゃぶマネー（先） vs 真綿（後・拡張）: 拡張側勝利 Turn 10 HP 先0 / 後15
[483/900] じゃぶじゃぶマネー（先・拡張） vs 真綿（後）: 通常側勝利 Turn 24 HP 先-3 / 後4
[484/900] じゃぶじゃぶマネー（先） vs 真綿（後・拡張）: 拡張側勝利 Turn 14 HP 先-2 / 後5
[485/900] じゃぶじゃぶマネー（先・拡張） vs 真綿（後）: 拡張側勝利 Turn 19 HP 先7 / 後0
[486/900] じゃぶじゃぶマネー（先） vs 真綿（後・拡張）: 通常側勝利 Turn 13 HP 先11 / 後-3
[487/900] じゃぶじゃぶマネー（先・拡張） vs 真綿（後）: 拡張側勝利 Turn 13 HP 先13 / 後0
[488/900] じゃぶじゃぶマネー（先） vs 真綿（後・拡張）: 拡張側勝利 Turn 12 HP 先0 / 後12
[489/900] じゃぶじゃぶマネー（先・拡張） vs 真綿（後）: 通常側勝利 Turn 16 HP 先-3 / 後7
[490/900] じゃぶじゃぶマネー（先） vs 真綿（後・拡張）: 通常側勝利 Turn 13 HP 先9 / 後-1
[491/900] じゃぶじゃぶマネー（先・拡張） vs 真綿（後）: 通常側勝利 Turn 14 HP 先-7 / 後16
[492/900] じゃぶじゃぶマネー（先） vs 真綿（後・拡張）: 拡張側勝利 Turn 14 HP 先0 / 後4
[493/900] じゃぶじゃぶマネー（先・拡張） vs 真綿（後）: 拡張側勝利 Turn 11 HP 先14 / 後0
[494/900] じゃぶじゃぶマネー（先） vs 真綿（後・拡張）: 通常側勝利 Turn 19 HP 先13 / 後0
[495/900] じゃぶじゃぶマネー（先・拡張） vs 真綿（後）: 拡張側勝利 Turn 11 HP 先6 / 後0
[496/900] じゃぶじゃぶマネー（先） vs 真綿（後・拡張）: 通常側勝利 Turn 11 HP 先9 / 後0
[497/900] じゃぶじゃぶマネー（先・拡張） vs 真綿（後）: 通常側勝利 Turn 14 HP 先-4 / 後3
[498/900] じゃぶじゃぶマネー（先） vs 真綿（後・拡張）: 拡張側勝利 Turn 16 HP 先0 / 後18
[499/900] じゃぶじゃぶマネー（先・拡張） vs 真綿（後）: 拡張側勝利 Turn 9 HP 先15 / 後0
[500/900] じゃぶじゃぶマネー（先） vs 真綿（後・拡張）: 通常側勝利 Turn 15 HP 先10 / 後-1
[501/900] じゃぶじゃぶマネー（先・拡張） vs 真綿（後）: 拡張側勝利 Turn 13 HP 先9 / 後0
[502/900] じゃぶじゃぶマネー（先） vs 真綿（後・拡張）: 拡張側勝利 Turn 12 HP 先-1 / 後10
[503/900] じゃぶじゃぶマネー（先・拡張） vs 真綿（後）: 通常側勝利 Turn 12 HP 先0 / 後10
[504/900] じゃぶじゃぶマネー（先） vs 真綿（後・拡張）: 拡張側勝利 Turn 16 HP 先0 / 後12
[505/900] じゃぶじゃぶマネー（先・拡張） vs 真綿（後）: 拡張側勝利 Turn 11 HP 先9 / 後-3
[506/900] じゃぶじゃぶマネー（先） vs 真綿（後・拡張）: 拡張側勝利 Turn 16 HP 先-1 / 後6
[507/900] じゃぶじゃぶマネー（先・拡張） vs 真綿（後）: 通常側勝利 Turn 14 HP 先0 / 後8
[508/900] じゃぶじゃぶマネー（先） vs 真綿（後・拡張）: 通常側勝利 Turn 19 HP 先15 / 後0
[509/900] じゃぶじゃぶマネー（先・拡張） vs 真綿（後）: 通常側勝利 Turn 14 HP 先-8 / 後3
[510/900] じゃぶじゃぶマネー（先） vs 真綿（後・拡張）: 通常側勝利 Turn 15 HP 先13 / 後0
[511/900] 真綿（先・拡張） vs じゃぶじゃぶマネー（後）: 拡張側勝利 Turn 11 HP 先18 / 後-3
[512/900] 真綿（先） vs じゃぶじゃぶマネー（後・拡張）: 拡張側勝利 Turn 18 HP 先-6 / 後1
[513/900] 真綿（先・拡張） vs じゃぶじゃぶマネー（後）: 拡張側勝利 Turn 19 HP 先7 / 後0
[514/900] 真綿（先） vs じゃぶじゃぶマネー（後・拡張）: 拡張側勝利 Turn 14 HP 先-1 / 後4
[515/900] 真綿（先・拡張） vs じゃぶじゃぶマネー（後）: 通常側勝利 Turn 14 HP 先0 / 後3
[516/900] 真綿（先） vs じゃぶじゃぶマネー（後・拡張）: 通常側勝利 Turn 11 HP 先16 / 後0
[517/900] 真綿（先・拡張） vs じゃぶじゃぶマネー（後）: 拡張側勝利 Turn 11 HP 先11 / 後-3
[518/900] 真綿（先） vs じゃぶじゃぶマネー（後・拡張）: 拡張側勝利 Turn 16 HP 先-8 / 後8
[519/900] 真綿（先・拡張） vs じゃぶじゃぶマネー（後）: 通常側勝利 Turn 12 HP 先-1 / 後11
[520/900] 真綿（先） vs じゃぶじゃぶマネー（後・拡張）: 通常側勝利 Turn 13 HP 先12 / 後-1
[521/900] 真綿（先・拡張） vs じゃぶじゃぶマネー（後）: 通常側勝利 Turn 14 HP 先0 / 後12
[522/900] 真綿（先） vs じゃぶじゃぶマネー（後・拡張）: 通常側勝利 Turn 15 HP 先9 / 後0
[523/900] 真綿（先・拡張） vs じゃぶじゃぶマネー（後）: 通常側勝利 Turn 18 HP 先-6 / 後14
[524/900] 真綿（先） vs じゃぶじゃぶマネー（後・拡張）: 拡張側勝利 Turn 12 HP 先-1 / 後10
[525/900] 真綿（先・拡張） vs じゃぶじゃぶマネー（後）: 通常側勝利 Turn 22 HP 先-6 / 後8
[526/900] 真綿（先） vs じゃぶじゃぶマネー（後・拡張）: 通常側勝利 Turn 19 HP 先6 / 後-1
[527/900] 真綿（先・拡張） vs じゃぶじゃぶマネー（後）: 通常側勝利 Turn 12 HP 先-1 / 後6
[528/900] 真綿（先） vs じゃぶじゃぶマネー（後・拡張）: 通常側勝利 Turn 15 HP 先10 / 後-1
[529/900] 真綿（先・拡張） vs じゃぶじゃぶマネー（後）: 拡張側勝利 Turn 15 HP 先7 / 後-3
[530/900] 真綿（先） vs じゃぶじゃぶマネー（後・拡張）: 通常側勝利 Turn 13 HP 先9 / 後0
[531/900] 真綿（先・拡張） vs じゃぶじゃぶマネー（後）: 拡張側勝利 Turn 11 HP 先10 / 後0
[532/900] 真綿（先） vs じゃぶじゃぶマネー（後・拡張）: 拡張側勝利 Turn 10 HP 先-1 / 後15
[533/900] 真綿（先・拡張） vs じゃぶじゃぶマネー（後）: 拡張側勝利 Turn 15 HP 先14 / 後-2
[534/900] 真綿（先） vs じゃぶじゃぶマネー（後・拡張）: 拡張側勝利 Turn 22 HP 先0 / 後4
[535/900] 真綿（先・拡張） vs じゃぶじゃぶマネー（後）: 拡張側勝利 Turn 11 HP 先8 / 後0
[536/900] 真綿（先） vs じゃぶじゃぶマネー（後・拡張）: 拡張側勝利 Turn 16 HP 先0 / 後9
[537/900] 真綿（先・拡張） vs じゃぶじゃぶマネー（後）: 拡張側勝利 Turn 15 HP 先18 / 後0
[538/900] 真綿（先） vs じゃぶじゃぶマネー（後・拡張）: 通常側勝利 Turn 11 HP 先14 / 後0
[539/900] 真綿（先・拡張） vs じゃぶじゃぶマネー（後）: 通常側勝利 Turn 16 HP 先-9 / 後9
[540/900] 真綿（先） vs じゃぶじゃぶマネー（後・拡張）: 拡張側勝利 Turn 14 HP 先0 / 後10
[541/900] 急襲レールウェイ（先・拡張） vs 爆弾魔（後）: 拡張側勝利 Turn 11 HP 先13 / 後0
[542/900] 急襲レールウェイ（先） vs 爆弾魔（後・拡張）: 拡張側勝利 Turn 8 HP 先-1 / 後7
[543/900] 急襲レールウェイ（先・拡張） vs 爆弾魔（後）: 通常側勝利 Turn 10 HP 先-9 / 後14
[544/900] 急襲レールウェイ（先） vs 爆弾魔（後・拡張）: 拡張側勝利 Turn 14 HP 先-1 / 後13
[545/900] 急襲レールウェイ（先・拡張） vs 爆弾魔（後）: 通常側勝利 Turn 12 HP 先-1 / 後14
[546/900] 急襲レールウェイ（先） vs 爆弾魔（後・拡張）: 拡張側勝利 Turn 12 HP 先0 / 後11
[547/900] 急襲レールウェイ（先・拡張） vs 爆弾魔（後）: 拡張側勝利 Turn 11 HP 先15 / 後-1
[548/900] 急襲レールウェイ（先） vs 爆弾魔（後・拡張）: 拡張側勝利 Turn 10 HP 先-3 / 後3
[549/900] 急襲レールウェイ（先・拡張） vs 爆弾魔（後）: 拡張側勝利 Turn 11 HP 先3 / 後0
[550/900] 急襲レールウェイ（先） vs 爆弾魔（後・拡張）: 拡張側勝利 Turn 8 HP 先0 / 後16
[551/900] 急襲レールウェイ（先・拡張） vs 爆弾魔（後）: 通常側勝利 Turn 10 HP 先0 / 後10
[552/900] 急襲レールウェイ（先） vs 爆弾魔（後・拡張）: 通常側勝利 Turn 15 HP 先7 / 後0
[553/900] 急襲レールウェイ（先・拡張） vs 爆弾魔（後）: 通常側勝利 Turn 10 HP 先0 / 後10
[554/900] 急襲レールウェイ（先） vs 爆弾魔（後・拡張）: 拡張側勝利 Turn 8 HP 先0 / 後15
[555/900] 急襲レールウェイ（先・拡張） vs 爆弾魔（後）: 通常側勝利 Turn 10 HP 先0 / 後12
[556/900] 急襲レールウェイ（先） vs 爆弾魔（後・拡張）: 拡張側勝利 Turn 16 HP 先0 / 後16
[557/900] 急襲レールウェイ（先・拡張） vs 爆弾魔（後）: 通常側勝利 Turn 12 HP 先-1 / 後9
[558/900] 急襲レールウェイ（先） vs 爆弾魔（後・拡張）: 通常側勝利 Turn 9 HP 先1 / 後0
[559/900] 急襲レールウェイ（先・拡張） vs 爆弾魔（後）: 拡張側勝利 Turn 11 HP 先1 / 後0
[560/900] 急襲レールウェイ（先） vs 爆弾魔（後・拡張）: 拡張側勝利 Turn 10 HP 先0 / 後4
[561/900] 急襲レールウェイ（先・拡張） vs 爆弾魔（後）: 通常側勝利 Turn 8 HP 先0 / 後8
[562/900] 急襲レールウェイ（先） vs 爆弾魔（後・拡張）: 拡張側勝利 Turn 10 HP 先0 / 後13
[563/900] 急襲レールウェイ（先・拡張） vs 爆弾魔（後）: 通常側勝利 Turn 10 HP 先0 / 後8
[564/900] 急襲レールウェイ（先） vs 爆弾魔（後・拡張）: 通常側勝利 Turn 9 HP 先12 / 後0
[565/900] 急襲レールウェイ（先・拡張） vs 爆弾魔（後）: 通常側勝利 Turn 12 HP 先-2 / 後13
[566/900] 急襲レールウェイ（先） vs 爆弾魔（後・拡張）: 拡張側勝利 Turn 10 HP 先-1 / 後13
[567/900] 急襲レールウェイ（先・拡張） vs 爆弾魔（後）: 拡張側勝利 Turn 13 HP 先7 / 後0
[568/900] 急襲レールウェイ（先） vs 爆弾魔（後・拡張）: 拡張側勝利 Turn 10 HP 先-7 / 後5
[569/900] 急襲レールウェイ（先・拡張） vs 爆弾魔（後）: 通常側勝利 Turn 10 HP 先0 / 後4
[570/900] 急襲レールウェイ（先） vs 爆弾魔（後・拡張）: 通常側勝利 Turn 9 HP 先6 / 後0
[571/900] 爆弾魔（先・拡張） vs 急襲レールウェイ（後）: 拡張側勝利 Turn 13 HP 先3 / 後0
[572/900] 爆弾魔（先） vs 急襲レールウェイ（後・拡張）: 通常側勝利 Turn 7 HP 先8 / 後-1
[573/900] 爆弾魔（先・拡張） vs 急襲レールウェイ（後）: 拡張側勝利 Turn 13 HP 先8 / 後-1
[574/900] 爆弾魔（先） vs 急襲レールウェイ（後・拡張）: 通常側勝利 Turn 13 HP 先5 / 後-4
[575/900] 爆弾魔（先・拡張） vs 急襲レールウェイ（後）: 拡張側勝利 Turn 11 HP 先10 / 後0
[576/900] 爆弾魔（先） vs 急襲レールウェイ（後・拡張）: 通常側勝利 Turn 9 HP 先10 / 後0
[577/900] 爆弾魔（先・拡張） vs 急襲レールウェイ（後）: 拡張側勝利 Turn 9 HP 先10 / 後-1
[578/900] 爆弾魔（先） vs 急襲レールウェイ（後・拡張）: 拡張側勝利 Turn 16 HP 先-2 / 後10
[579/900] 爆弾魔（先・拡張） vs 急襲レールウェイ（後）: 拡張側勝利 Turn 7 HP 先11 / 後0
[580/900] 爆弾魔（先） vs 急襲レールウェイ（後・拡張）: 通常側勝利 Turn 9 HP 先8 / 後-1
[581/900] 爆弾魔（先・拡張） vs 急襲レールウェイ（後）: 通常側勝利 Turn 12 HP 先0 / 後3
[582/900] 爆弾魔（先） vs 急襲レールウェイ（後・拡張）: 拡張側勝利 Turn 10 HP 先0 / 後8
[583/900] 爆弾魔（先・拡張） vs 急襲レールウェイ（後）: 拡張側勝利 Turn 9 HP 先10 / 後0
[584/900] 爆弾魔（先） vs 急襲レールウェイ（後・拡張）: 通常側勝利 Turn 9 HP 先7 / 後0
[585/900] 爆弾魔（先・拡張） vs 急襲レールウェイ（後）: 拡張側勝利 Turn 15 HP 先2 / 後-3
[586/900] 爆弾魔（先） vs 急襲レールウェイ（後・拡張）: 拡張側勝利 Turn 10 HP 先0 / 後13
[587/900] 爆弾魔（先・拡張） vs 急襲レールウェイ（後）: 通常側勝利 Turn 8 HP 先0 / 後8
[588/900] 爆弾魔（先） vs 急襲レールウェイ（後・拡張）: 拡張側勝利 Turn 10 HP 先-5 / 後10
[589/900] 爆弾魔（先・拡張） vs 急襲レールウェイ（後）: 拡張側勝利 Turn 11 HP 先7 / 後0
[590/900] 爆弾魔（先） vs 急襲レールウェイ（後・拡張）: 通常側勝利 Turn 9 HP 先17 / 後0
[591/900] 爆弾魔（先・拡張） vs 急襲レールウェイ（後）: 拡張側勝利 Turn 7 HP 先14 / 後0
[592/900] 爆弾魔（先） vs 急襲レールウェイ（後・拡張）: 通常側勝利 Turn 9 HP 先5 / 後-6
[593/900] 爆弾魔（先・拡張） vs 急襲レールウェイ（後）: 拡張側勝利 Turn 13 HP 先13 / 後-2
[594/900] 爆弾魔（先） vs 急襲レールウェイ（後・拡張）: 拡張側勝利 Turn 10 HP 先0 / 後10
[595/900] 爆弾魔（先・拡張） vs 急襲レールウェイ（後）: 通常側勝利 Turn 12 HP 先0 / 後7
[596/900] 爆弾魔（先） vs 急襲レールウェイ（後・拡張）: 通常側勝利 Turn 11 HP 先8 / 後-3
[597/900] 爆弾魔（先・拡張） vs 急襲レールウェイ（後）: 拡張側勝利 Turn 7 HP 先14 / 後-2
[598/900] 爆弾魔（先） vs 急襲レールウェイ（後・拡張）: 通常側勝利 Turn 9 HP 先7 / 後-2
[599/900] 爆弾魔（先・拡張） vs 急襲レールウェイ（後）: 通常側勝利 Turn 16 HP 先-1 / 後4
[600/900] 爆弾魔（先） vs 急襲レールウェイ（後・拡張）: 拡張側勝利 Turn 10 HP 先0 / 後11
[601/900] 急襲レールウェイ（先・拡張） vs メガトンハンマー（後）: 拡張側勝利 Turn 9 HP 先7 / 後0
[602/900] 急襲レールウェイ（先） vs メガトンハンマー（後・拡張）: 拡張側勝利 Turn 24 HP 先0 / 後1
[603/900] 急襲レールウェイ（先・拡張） vs メガトンハンマー（後）: 拡張側勝利 Turn 11 HP 先17 / 後0
[604/900] 急襲レールウェイ（先） vs メガトンハンマー（後・拡張）: 通常側勝利 Turn 11 HP 先15 / 後-1
[605/900] 急襲レールウェイ（先・拡張） vs メガトンハンマー（後）: 通常側勝利 Turn 12 HP 先0 / 後6
[606/900] 急襲レールウェイ（先） vs メガトンハンマー（後・拡張）: 拡張側勝利 Turn 10 HP 先-6 / 後4
[607/900] 急襲レールウェイ（先・拡張） vs メガトンハンマー（後）: 拡張側勝利 Turn 13 HP 先13 / 後0
[608/900] 急襲レールウェイ（先） vs メガトンハンマー（後・拡張）: 通常側勝利 Turn 11 HP 先13 / 後0
[609/900] 急襲レールウェイ（先・拡張） vs メガトンハンマー（後）: 拡張側勝利 Turn 11 HP 先17 / 後-1
[610/900] 急襲レールウェイ（先） vs メガトンハンマー（後・拡張）: 拡張側勝利 Turn 16 HP 先-4 / 後9
[611/900] 急襲レールウェイ（先・拡張） vs メガトンハンマー（後）: 拡張側勝利 Turn 15 HP 先10 / 後-1
[612/900] 急襲レールウェイ（先） vs メガトンハンマー（後・拡張）: 通常側勝利 Turn 11 HP 先16 / 後-6
[613/900] 急襲レールウェイ（先・拡張） vs メガトンハンマー（後）: 拡張側勝利 Turn 13 HP 先6 / 後-5
[614/900] 急襲レールウェイ（先） vs メガトンハンマー（後・拡張）: 拡張側勝利 Turn 14 HP 先0 / 後5
[615/900] 急襲レールウェイ（先・拡張） vs メガトンハンマー（後）: 拡張側勝利 Turn 11 HP 先4 / 後-1
[616/900] 急襲レールウェイ（先） vs メガトンハンマー（後・拡張）: 拡張側勝利 Turn 10 HP 先0 / 後6
[617/900] 急襲レールウェイ（先・拡張） vs メガトンハンマー（後）: 通常側勝利 Turn 14 HP 先0 / 後10
[618/900] 急襲レールウェイ（先） vs メガトンハンマー（後・拡張）: 拡張側勝利 Turn 12 HP 先0 / 後14
[619/900] 急襲レールウェイ（先・拡張） vs メガトンハンマー（後）: 拡張側勝利 Turn 13 HP 先11 / 後-2
[620/900] 急襲レールウェイ（先） vs メガトンハンマー（後・拡張）: 通常側勝利 Turn 11 HP 先17 / 後0
[621/900] 急襲レールウェイ（先・拡張） vs メガトンハンマー（後）: 拡張側勝利 Turn 11 HP 先10 / 後-1
[622/900] 急襲レールウェイ（先） vs メガトンハンマー（後・拡張）: 通常側勝利 Turn 13 HP 先4 / 後-2
[623/900] 急襲レールウェイ（先・拡張） vs メガトンハンマー（後）: 拡張側勝利 Turn 13 HP 先20 / 後-8
[624/900] 急襲レールウェイ（先） vs メガトンハンマー（後・拡張）: 通常側勝利 Turn 9 HP 先6 / 後0
[625/900] 急襲レールウェイ（先・拡張） vs メガトンハンマー（後）: 通常側勝利 Turn 14 HP 先-1 / 後6
[626/900] 急襲レールウェイ（先） vs メガトンハンマー（後・拡張）: 通常側勝利 Turn 9 HP 先5 / 後0
[627/900] 急襲レールウェイ（先・拡張） vs メガトンハンマー（後）: 通常側勝利 Turn 14 HP 先0 / 後12
[628/900] 急襲レールウェイ（先） vs メガトンハンマー（後・拡張）: 通常側勝利 Turn 13 HP 先8 / 後0
[629/900] 急襲レールウェイ（先・拡張） vs メガトンハンマー（後）: 通常側勝利 Turn 12 HP 先-6 / 後8
[630/900] 急襲レールウェイ（先） vs メガトンハンマー（後・拡張）: 拡張側勝利 Turn 10 HP 先-3 / 後13
[631/900] メガトンハンマー（先・拡張） vs 急襲レールウェイ（後）: 拡張側勝利 Turn 9 HP 先14 / 後0
[632/900] メガトンハンマー（先） vs 急襲レールウェイ（後・拡張）: 拡張側勝利 Turn 10 HP 先0 / 後7
[633/900] メガトンハンマー（先・拡張） vs 急襲レールウェイ（後）: 通常側勝利 Turn 14 HP 先0 / 後21
[634/900] メガトンハンマー（先） vs 急襲レールウェイ（後・拡張）: 拡張側勝利 Turn 8 HP 先-3 / 後17
[635/900] メガトンハンマー（先・拡張） vs 急襲レールウェイ（後）: 拡張側勝利 Turn 13 HP 先9 / 後0
[636/900] メガトンハンマー（先） vs 急襲レールウェイ（後・拡張）: 通常側勝利 Turn 13 HP 先11 / 後0
[637/900] メガトンハンマー（先・拡張） vs 急襲レールウェイ（後）: 拡張側勝利 Turn 11 HP 先11 / 後0
[638/900] メガトンハンマー（先） vs 急襲レールウェイ（後・拡張）: 拡張側勝利 Turn 8 HP 先0 / 後14
[639/900] メガトンハンマー（先・拡張） vs 急襲レールウェイ（後）: 拡張側勝利 Turn 7 HP 先13 / 後0
[640/900] メガトンハンマー（先） vs 急襲レールウェイ（後・拡張）: 通常側勝利 Turn 13 HP 先2 / 後-1
[641/900] メガトンハンマー（先・拡張） vs 急襲レールウェイ（後）: 通常側勝利 Turn 16 HP 先-3 / 後15
[642/900] メガトンハンマー（先） vs 急襲レールウェイ（後・拡張）: 通常側勝利 Turn 11 HP 先11 / 後-1
[643/900] メガトンハンマー（先・拡張） vs 急襲レールウェイ（後）: 拡張側勝利 Turn 11 HP 先16 / 後-1
[644/900] メガトンハンマー（先） vs 急襲レールウェイ（後・拡張）: 拡張側勝利 Turn 14 HP 先-4 / 後12
[645/900] メガトンハンマー（先・拡張） vs 急襲レールウェイ（後）: 通常側勝利 Turn 10 HP 先-1 / 後4
[646/900] メガトンハンマー（先） vs 急襲レールウェイ（後・拡張）: 拡張側勝利 Turn 10 HP 先-2 / 後8
[647/900] メガトンハンマー（先・拡張） vs 急襲レールウェイ（後）: 通常側勝利 Turn 12 HP 先-3 / 後1
[648/900] メガトンハンマー（先） vs 急襲レールウェイ（後・拡張）: 通常側勝利 Turn 15 HP 先6 / 後-4
[649/900] メガトンハンマー（先・拡張） vs 急襲レールウェイ（後）: 通常側勝利 Turn 12 HP 先0 / 後19
[650/900] メガトンハンマー（先） vs 急襲レールウェイ（後・拡張）: 通常側勝利 Turn 13 HP 先13 / 後-4
[651/900] メガトンハンマー（先・拡張） vs 急襲レールウェイ（後）: 通常側勝利 Turn 14 HP 先-1 / 後7
[652/900] メガトンハンマー（先） vs 急襲レールウェイ（後・拡張）: 拡張側勝利 Turn 12 HP 先-1 / 後12
[653/900] メガトンハンマー（先・拡張） vs 急襲レールウェイ（後）: 通常側勝利 Turn 10 HP 先0 / 後12
[654/900] メガトンハンマー（先） vs 急襲レールウェイ（後・拡張）: 拡張側勝利 Turn 14 HP 先-3 / 後4
[655/900] メガトンハンマー（先・拡張） vs 急襲レールウェイ（後）: 通常側勝利 Turn 12 HP 先0 / 後5
[656/900] メガトンハンマー（先） vs 急襲レールウェイ（後・拡張）: 拡張側勝利 Turn 14 HP 先0 / 後4
[657/900] メガトンハンマー（先・拡張） vs 急襲レールウェイ（後）: 通常側勝利 Turn 12 HP 先-1 / 後8
[658/900] メガトンハンマー（先） vs 急襲レールウェイ（後・拡張）: 拡張側勝利 Turn 12 HP 先-9 / 後2
[659/900] メガトンハンマー（先・拡張） vs 急襲レールウェイ（後）: 通常側勝利 Turn 16 HP 先0 / 後3
[660/900] メガトンハンマー（先） vs 急襲レールウェイ（後・拡張）: 通常側勝利 Turn 13 HP 先3 / 後0
[661/900] 急襲レールウェイ（先・拡張） vs 真綿（後）: 拡張側勝利 Turn 11 HP 先9 / 後0
[662/900] 急襲レールウェイ（先） vs 真綿（後・拡張）: 拡張側勝利 Turn 12 HP 先-1 / 後9
[663/900] 急襲レールウェイ（先・拡張） vs 真綿（後）: 拡張側勝利 Turn 13 HP 先12 / 後-1
[664/900] 急襲レールウェイ（先） vs 真綿（後・拡張）: 拡張側勝利 Turn 16 HP 先0 / 後10
[665/900] 急襲レールウェイ（先・拡張） vs 真綿（後）: 拡張側勝利 Turn 11 HP 先15 / 後-1
[666/900] 急襲レールウェイ（先） vs 真綿（後・拡張）: 拡張側勝利 Turn 10 HP 先-1 / 後11
[667/900] 急襲レールウェイ（先・拡張） vs 真綿（後）: 拡張側勝利 Turn 13 HP 先6 / 後-1
[668/900] 急襲レールウェイ（先） vs 真綿（後・拡張）: 拡張側勝利 Turn 12 HP 先-1 / 後2
[669/900] 急襲レールウェイ（先・拡張） vs 真綿（後）: 通常側勝利 Turn 12 HP 先-3 / 後4
[670/900] 急襲レールウェイ（先） vs 真綿（後・拡張）: 拡張側勝利 Turn 12 HP 先-4 / 後12
[671/900] 急襲レールウェイ（先・拡張） vs 真綿（後）: 通常側勝利 Turn 10 HP 先-6 / 後3
[672/900] 急襲レールウェイ（先） vs 真綿（後・拡張）: 拡張側勝利 Turn 12 HP 先0 / 後13
[673/900] 急襲レールウェイ（先・拡張） vs 真綿（後）: 通常側勝利 Turn 12 HP 先0 / 後12
[674/900] 急襲レールウェイ（先） vs 真綿（後・拡張）: 拡張側勝利 Turn 10 HP 先0 / 後16
[675/900] 急襲レールウェイ（先・拡張） vs 真綿（後）: 拡張側勝利 Turn 15 HP 先3 / 後-1
[676/900] 急襲レールウェイ（先） vs 真綿（後・拡張）: 拡張側勝利 Turn 12 HP 先0 / 後6
[677/900] 急襲レールウェイ（先・拡張） vs 真綿（後）: 通常側勝利 Turn 12 HP 先0 / 後6
[678/900] 急襲レールウェイ（先） vs 真綿（後・拡張）: 通常側勝利 Turn 11 HP 先4 / 後-1
[679/900] 急襲レールウェイ（先・拡張） vs 真綿（後）: 通常側勝利 Turn 10 HP 先0 / 後15
[680/900] 急襲レールウェイ（先） vs 真綿（後・拡張）: 通常側勝利 Turn 13 HP 先4 / 後0
[681/900] 急襲レールウェイ（先・拡張） vs 真綿（後）: 拡張側勝利 Turn 19 HP 先11 / 後-2
[682/900] 急襲レールウェイ（先） vs 真綿（後・拡張）: 拡張側勝利 Turn 10 HP 先0 / 後13
[683/900] 急襲レールウェイ（先・拡張） vs 真綿（後）: 拡張側勝利 Turn 13 HP 先14 / 後-2
[684/900] 急襲レールウェイ（先） vs 真綿（後・拡張）: 拡張側勝利 Turn 14 HP 先0 / 後14
[685/900] 急襲レールウェイ（先・拡張） vs 真綿（後）: 拡張側勝利 Turn 11 HP 先8 / 後-4
[686/900] 急襲レールウェイ（先） vs 真綿（後・拡張）: 通常側勝利 Turn 11 HP 先9 / 後-2
[687/900] 急襲レールウェイ（先・拡張） vs 真綿（後）: 拡張側勝利 Turn 15 HP 先6 / 後0
[688/900] 急襲レールウェイ（先） vs 真綿（後・拡張）: 拡張側勝利 Turn 10 HP 先-1 / 後10
[689/900] 急襲レールウェイ（先・拡張） vs 真綿（後）: 拡張側勝利 Turn 9 HP 先16 / 後0
[690/900] 急襲レールウェイ（先） vs 真綿（後・拡張）: 通常側勝利 Turn 9 HP 先13 / 後0
[691/900] 真綿（先・拡張） vs 急襲レールウェイ（後）: 通常側勝利 Turn 12 HP 先-2 / 後11
[692/900] 真綿（先） vs 急襲レールウェイ（後・拡張）: 通常側勝利 Turn 13 HP 先7 / 後-4
[693/900] 真綿（先・拡張） vs 急襲レールウェイ（後）: 拡張側勝利 Turn 13 HP 先15 / 後0
[694/900] 真綿（先） vs 急襲レールウェイ（後・拡張）: 通常側勝利 Turn 9 HP 先11 / 後0
[695/900] 真綿（先・拡張） vs 急襲レールウェイ（後）: 拡張側勝利 Turn 9 HP 先11 / 後-1
[696/900] 真綿（先） vs 急襲レールウェイ（後・拡張）: 拡張側勝利 Turn 14 HP 先0 / 後6
[697/900] 真綿（先・拡張） vs 急襲レールウェイ（後）: 通常側勝利 Turn 12 HP 先-2 / 後7
[698/900] 真綿（先） vs 急襲レールウェイ（後・拡張）: 拡張側勝利 Turn 10 HP 先-2 / 後9
[699/900] 真綿（先・拡張） vs 急襲レールウェイ（後）: 拡張側勝利 Turn 13 HP 先7 / 後-1
[700/900] 真綿（先） vs 急襲レールウェイ（後・拡張）: 拡張側勝利 Turn 12 HP 先0 / 後8
[701/900] 真綿（先・拡張） vs 急襲レールウェイ（後）: 通常側勝利 Turn 14 HP 先-1 / 後4
[702/900] 真綿（先） vs 急襲レールウェイ（後・拡張）: 通常側勝利 Turn 11 HP 先1 / 後0
[703/900] 真綿（先・拡張） vs 急襲レールウェイ（後）: 拡張側勝利 Turn 11 HP 先8 / 後-4
[704/900] 真綿（先） vs 急襲レールウェイ（後・拡張）: 拡張側勝利 Turn 12 HP 先0 / 後4
[705/900] 真綿（先・拡張） vs 急襲レールウェイ（後）: 拡張側勝利 Turn 11 HP 先9 / 後-2
[706/900] 真綿（先） vs 急襲レールウェイ（後・拡張）: 拡張側勝利 Turn 14 HP 先-3 / 後7
[707/900] 真綿（先・拡張） vs 急襲レールウェイ（後）: 通常側勝利 Turn 10 HP 先0 / 後8
[708/900] 真綿（先） vs 急襲レールウェイ（後・拡張）: 拡張側勝利 Turn 10 HP 先0 / 後5
[709/900] 真綿（先・拡張） vs 急襲レールウェイ（後）: 通常側勝利 Turn 24 HP 先-2 / 後19
[710/900] 真綿（先） vs 急襲レールウェイ（後・拡張）: 通常側勝利 Turn 9 HP 先8 / 後-1
[711/900] 真綿（先・拡張） vs 急襲レールウェイ（後）: 通常側勝利 Turn 14 HP 先0 / 後6
[712/900] 真綿（先） vs 急襲レールウェイ（後・拡張）: 拡張側勝利 Turn 12 HP 先-2 / 後11
[713/900] 真綿（先・拡張） vs 急襲レールウェイ（後）: 通常側勝利 Turn 14 HP 先0 / 後6
[714/900] 真綿（先） vs 急襲レールウェイ（後・拡張）: 拡張側勝利 Turn 14 HP 先-1 / 後12
[715/900] 真綿（先・拡張） vs 急襲レールウェイ（後）: 通常側勝利 Turn 10 HP 先0 / 後9
[716/900] 真綿（先） vs 急襲レールウェイ（後・拡張）: 拡張側勝利 Turn 12 HP 先0 / 後11
[717/900] 真綿（先・拡張） vs 急襲レールウェイ（後）: 拡張側勝利 Turn 15 HP 先9 / 後-2
[718/900] 真綿（先） vs 急襲レールウェイ（後・拡張）: 拡張側勝利 Turn 18 HP 先0 / 後7
[719/900] 真綿（先・拡張） vs 急襲レールウェイ（後）: 通常側勝利 Turn 16 HP 先-2 / 後5
[720/900] 真綿（先） vs 急襲レールウェイ（後・拡張）: 通常側勝利 Turn 11 HP 先7 / 後-2
[721/900] 爆弾魔（先・拡張） vs メガトンハンマー（後）: 拡張側勝利 Turn 11 HP 先3 / 後-4
[722/900] 爆弾魔（先） vs メガトンハンマー（後・拡張）: 通常側勝利 Turn 13 HP 先5 / 後-1
[723/900] 爆弾魔（先・拡張） vs メガトンハンマー（後）: 拡張側勝利 Turn 5 HP 先18 / 後0
[724/900] 爆弾魔（先） vs メガトンハンマー（後・拡張）: 通常側勝利 Turn 11 HP 先14 / 後-1
[725/900] 爆弾魔（先・拡張） vs メガトンハンマー（後）: 通常側勝利 Turn 10 HP 先0 / 後7
[726/900] 爆弾魔（先） vs メガトンハンマー（後・拡張）: 通常側勝利 Turn 9 HP 先12 / 後-1
[727/900] 爆弾魔（先・拡張） vs メガトンハンマー（後）: 拡張側勝利 Turn 17 HP 先7 / 後-1
[728/900] 爆弾魔（先） vs メガトンハンマー（後・拡張）: 拡張側勝利 Turn 14 HP 先0 / 後1
[729/900] 爆弾魔（先・拡張） vs メガトンハンマー（後）: 拡張側勝利 Turn 9 HP 先11 / 後0
[730/900] 爆弾魔（先） vs メガトンハンマー（後・拡張）: 通常側勝利 Turn 9 HP 先16 / 後-2
[731/900] 爆弾魔（先・拡張） vs メガトンハンマー（後）: 通常側勝利 Turn 12 HP 先0 / 後4
[732/900] 爆弾魔（先） vs メガトンハンマー（後・拡張）: 通常側勝利 Turn 11 HP 先10 / 後0
[733/900] 爆弾魔（先・拡張） vs メガトンハンマー（後）: 拡張側勝利 Turn 9 HP 先15 / 後-1
[734/900] 爆弾魔（先） vs メガトンハンマー（後・拡張）: 通常側勝利 Turn 11 HP 先5 / 後0
[735/900] 爆弾魔（先・拡張） vs メガトンハンマー（後）: 通常側勝利 Turn 10 HP 先0 / 後6
[736/900] 爆弾魔（先） vs メガトンハンマー（後・拡張）: 拡張側勝利 Turn 10 HP 先0 / 後15
[737/900] 爆弾魔（先・拡張） vs メガトンハンマー（後）: 通常側勝利 Turn 16 HP 先0 / 後5
[738/900] 爆弾魔（先） vs メガトンハンマー（後・拡張）: 通常側勝利 Turn 11 HP 先13 / 後0
[739/900] 爆弾魔（先・拡張） vs メガトンハンマー（後）: 拡張側勝利 Turn 9 HP 先19 / 後0
[740/900] 爆弾魔（先） vs メガトンハンマー（後・拡張）: 通常側勝利 Turn 11 HP 先6 / 後-1
[741/900] 爆弾魔（先・拡張） vs メガトンハンマー（後）: 拡張側勝利 Turn 11 HP 先11 / 後0
[742/900] 爆弾魔（先） vs メガトンハンマー（後・拡張）: 通常側勝利 Turn 9 HP 先12 / 後0
[743/900] 爆弾魔（先・拡張） vs メガトンハンマー（後）: 拡張側勝利 Turn 9 HP 先7 / 後-3
[744/900] 爆弾魔（先） vs メガトンハンマー（後・拡張）: 通常側勝利 Turn 13 HP 先11 / 後-2
[745/900] 爆弾魔（先・拡張） vs メガトンハンマー（後）: 拡張側勝利 Turn 13 HP 先10 / 後0
[746/900] 爆弾魔（先） vs メガトンハンマー（後・拡張）: 通常側勝利 Turn 11 HP 先6 / 後0
[747/900] 爆弾魔（先・拡張） vs メガトンハンマー（後）: 拡張側勝利 Turn 9 HP 先15 / 後-8
[748/900] 爆弾魔（先） vs メガトンハンマー（後・拡張）: 通常側勝利 Turn 11 HP 先9 / 後-1
[749/900] 爆弾魔（先・拡張） vs メガトンハンマー（後）: 通常側勝利 Turn 12 HP 先0 / 後1
[750/900] 爆弾魔（先） vs メガトンハンマー（後・拡張）: 通常側勝利 Turn 9 HP 先14 / 後-1
[751/900] メガトンハンマー（先・拡張） vs 爆弾魔（後）: 通常側勝利 Turn 10 HP 先0 / 後9
[752/900] メガトンハンマー（先） vs 爆弾魔（後・拡張）: 通常側勝利 Turn 9 HP 先10 / 後0
[753/900] メガトンハンマー（先・拡張） vs 爆弾魔（後）: 通常側勝利 Turn 10 HP 先0 / 後9
[754/900] メガトンハンマー（先） vs 爆弾魔（後・拡張）: 拡張側勝利 Turn 8 HP 先-1 / 後14
[755/900] メガトンハンマー（先・拡張） vs 爆弾魔（後）: 通常側勝利 Turn 8 HP 先0 / 後13
[756/900] メガトンハンマー（先） vs 爆弾魔（後・拡張）: 拡張側勝利 Turn 12 HP 先-1 / 後7
[757/900] メガトンハンマー（先・拡張） vs 爆弾魔（後）: 通常側勝利 Turn 8 HP 先0 / 後6
[758/900] メガトンハンマー（先） vs 爆弾魔（後・拡張）: 拡張側勝利 Turn 10 HP 先-1 / 後4
[759/900] メガトンハンマー（先・拡張） vs 爆弾魔（後）: 通常側勝利 Turn 12 HP 先-1 / 後5
[760/900] メガトンハンマー（先） vs 爆弾魔（後・拡張）: 拡張側勝利 Turn 18 HP 先0 / 後2
[761/900] メガトンハンマー（先・拡張） vs 爆弾魔（後）: 通常側勝利 Turn 10 HP 先-3 / 後5
[762/900] メガトンハンマー（先） vs 爆弾魔（後・拡張）: 拡張側勝利 Turn 10 HP 先-1 / 後10
[763/900] メガトンハンマー（先・拡張） vs 爆弾魔（後）: 通常側勝利 Turn 8 HP 先-1 / 後9
[764/900] メガトンハンマー（先） vs 爆弾魔（後・拡張）: 拡張側勝利 Turn 12 HP 先0 / 後7
[765/900] メガトンハンマー（先・拡張） vs 爆弾魔（後）: 拡張側勝利 Turn 9 HP 先11 / 後-1
[766/900] メガトンハンマー（先） vs 爆弾魔（後・拡張）: 通常側勝利 Turn 9 HP 先11 / 後-1
[767/900] メガトンハンマー（先・拡張） vs 爆弾魔（後）: 通常側勝利 Turn 12 HP 先-4 / 後8
[768/900] メガトンハンマー（先） vs 爆弾魔（後・拡張）: 拡張側勝利 Turn 14 HP 先0 / 後8
[769/900] メガトンハンマー（先・拡張） vs 爆弾魔（後）: 通常側勝利 Turn 14 HP 先-1 / 後6
[770/900] メガトンハンマー（先） vs 爆弾魔（後・拡張）: 拡張側勝利 Turn 16 HP 先0 / 後1
[771/900] メガトンハンマー（先・拡張） vs 爆弾魔（後）: 通常側勝利 Turn 10 HP 先0 / 後6
[772/900] メガトンハンマー（先） vs 爆弾魔（後・拡張）: 拡張側勝利 Turn 14 HP 先-1 / 後12
[773/900] メガトンハンマー（先・拡張） vs 爆弾魔（後）: 通常側勝利 Turn 8 HP 先0 / 後13
[774/900] メガトンハンマー（先） vs 爆弾魔（後・拡張）: 通常側勝利 Turn 11 HP 先13 / 後0
[775/900] メガトンハンマー（先・拡張） vs 爆弾魔（後）: 拡張側勝利 Turn 9 HP 先5 / 後-1
[776/900] メガトンハンマー（先） vs 爆弾魔（後・拡張）: 拡張側勝利 Turn 8 HP 先0 / 後7
[777/900] メガトンハンマー（先・拡張） vs 爆弾魔（後）: 拡張側勝利 Turn 11 HP 先17 / 後-1
[778/900] メガトンハンマー（先） vs 爆弾魔（後・拡張）: 拡張側勝利 Turn 8 HP 先-2 / 後12
[779/900] メガトンハンマー（先・拡張） vs 爆弾魔（後）: 拡張側勝利 Turn 9 HP 先8 / 後0
[780/900] メガトンハンマー（先） vs 爆弾魔（後・拡張）: 通常側勝利 Turn 9 HP 先5 / 後0
[781/900] 爆弾魔（先・拡張） vs 真綿（後）: 拡張側勝利 Turn 11 HP 先12 / 後-1
[782/900] 爆弾魔（先） vs 真綿（後・拡張）: 通常側勝利 Turn 9 HP 先14 / 後-3
[783/900] 爆弾魔（先・拡張） vs 真綿（後）: 通常側勝利 Turn 14 HP 先-1 / 後3
[784/900] 爆弾魔（先） vs 真綿（後・拡張）: 拡張側勝利 Turn 12 HP 先0 / 後4
[785/900] 爆弾魔（先・拡張） vs 真綿（後）: 拡張側勝利 Turn 11 HP 先8 / 後0
[786/900] 爆弾魔（先） vs 真綿（後・拡張）: 通常側勝利 Turn 11 HP 先20 / 後-6
[787/900] 爆弾魔（先・拡張） vs 真綿（後）: 拡張側勝利 Turn 13 HP 先10 / 後-1
[788/900] 爆弾魔（先） vs 真綿（後・拡張）: 通常側勝利 Turn 11 HP 先11 / 後0
[789/900] 爆弾魔（先・拡張） vs 真綿（後）: 通常側勝利 Turn 14 HP 先-1 / 後9
[790/900] 爆弾魔（先） vs 真綿（後・拡張）: 通常側勝利 Turn 9 HP 先17 / 後-3
[791/900] 爆弾魔（先・拡張） vs 真綿（後）: 通常側勝利 Turn 10 HP 先-1 / 後4
[792/900] 爆弾魔（先） vs 真綿（後・拡張）: 拡張側勝利 Turn 12 HP 先-1 / 後11
[793/900] 爆弾魔（先・拡張） vs 真綿（後）: 拡張側勝利 Turn 13 HP 先11 / 後0
[794/900] 爆弾魔（先） vs 真綿（後・拡張）: 拡張側勝利 Turn 12 HP 先0 / 後6
[795/900] 爆弾魔（先・拡張） vs 真綿（後）: 拡張側勝利 Turn 11 HP 先8 / 後0
[796/900] 爆弾魔（先） vs 真綿（後・拡張）: 通常側勝利 Turn 11 HP 先9 / 後0
[797/900] 爆弾魔（先・拡張） vs 真綿（後）: 拡張側勝利 Turn 9 HP 先16 / 後-3
[798/900] 爆弾魔（先） vs 真綿（後・拡張）: 拡張側勝利 Turn 12 HP 先0 / 後9
[799/900] 爆弾魔（先・拡張） vs 真綿（後）: 通常側勝利 Turn 10 HP 先-1 / 後9
[800/900] 爆弾魔（先） vs 真綿（後・拡張）: 拡張側勝利 Turn 14 HP 先0 / 後2
[801/900] 爆弾魔（先・拡張） vs 真綿（後）: 拡張側勝利 Turn 9 HP 先13 / 後-1
[802/900] 爆弾魔（先） vs 真綿（後・拡張）: 通常側勝利 Turn 13 HP 先6 / 後-2
[803/900] 爆弾魔（先・拡張） vs 真綿（後）: 通常側勝利 Turn 10 HP 先0 / 後5
[804/900] 爆弾魔（先） vs 真綿（後・拡張）: 通常側勝利 Turn 11 HP 先16 / 後0
[805/900] 爆弾魔（先・拡張） vs 真綿（後）: 通常側勝利 Turn 8 HP 先0 / 後14
[806/900] 爆弾魔（先） vs 真綿（後・拡張）: 通常側勝利 Turn 9 HP 先9 / 後-1
[807/900] 爆弾魔（先・拡張） vs 真綿（後）: 拡張側勝利 Turn 7 HP 先21 / 後0
[808/900] 爆弾魔（先） vs 真綿（後・拡張）: 通常側勝利 Turn 13 HP 先11 / 後-3
[809/900] 爆弾魔（先・拡張） vs 真綿（後）: 拡張側勝利 Turn 11 HP 先9 / 後-2
[810/900] 爆弾魔（先） vs 真綿（後・拡張）: 通常側勝利 Turn 9 HP 先14 / 後-1
[811/900] 真綿（先・拡張） vs 爆弾魔（後）: 通常側勝利 Turn 8 HP 先0 / 後14
[812/900] 真綿（先） vs 爆弾魔（後・拡張）: 拡張側勝利 Turn 12 HP 先-1 / 後5
[813/900] 真綿（先・拡張） vs 爆弾魔（後）: 通常側勝利 Turn 8 HP 先0 / 後10
[814/900] 真綿（先） vs 爆弾魔（後・拡張）: 通常側勝利 Turn 9 HP 先6 / 後0
[815/900] 真綿（先・拡張） vs 爆弾魔（後）: 拡張側勝利 Turn 17 HP 先1 / 後-2
[816/900] 真綿（先） vs 爆弾魔（後・拡張）: 拡張側勝利 Turn 10 HP 先-1 / 後15
[817/900] 真綿（先・拡張） vs 爆弾魔（後）: 通常側勝利 Turn 14 HP 先0 / 後6
[818/900] 真綿（先） vs 爆弾魔（後・拡張）: 拡張側勝利 Turn 14 HP 先0 / 後14
[819/900] 真綿（先・拡張） vs 爆弾魔（後）: 通常側勝利 Turn 10 HP 先0 / 後17
[820/900] 真綿（先） vs 爆弾魔（後・拡張）: 拡張側勝利 Turn 14 HP 先0 / 後15
[821/900] 真綿（先・拡張） vs 爆弾魔（後）: 拡張側勝利 Turn 13 HP 先5 / 後-3
[822/900] 真綿（先） vs 爆弾魔（後・拡張）: 通常側勝利 Turn 13 HP 先1 / 後0
[823/900] 真綿（先・拡張） vs 爆弾魔（後）: 通常側勝利 Turn 8 HP 先0 / 後12
[824/900] 真綿（先） vs 爆弾魔（後・拡張）: 通常側勝利 Turn 13 HP 先12 / 後0
[825/900] 真綿（先・拡張） vs 爆弾魔（後）: 通常側勝利 Turn 10 HP 先-1 / 後5
[826/900] 真綿（先） vs 爆弾魔（後・拡張）: 拡張側勝利 Turn 10 HP 先-4 / 後17
[827/900] 真綿（先・拡張） vs 爆弾魔（後）: 拡張側勝利 Turn 15 HP 先12 / 後-6
[828/900] 真綿（先） vs 爆弾魔（後・拡張）: 拡張側勝利 Turn 10 HP 先-10 / 後6
[829/900] 真綿（先・拡張） vs 爆弾魔（後）: 通常側勝利 Turn 10 HP 先-1 / 後11
[830/900] 真綿（先） vs 爆弾魔（後・拡張）: 通常側勝利 Turn 13 HP 先9 / 後-2
[831/900] 真綿（先・拡張） vs 爆弾魔（後）: 拡張側勝利 Turn 13 HP 先15 / 後-3
[832/900] 真綿（先） vs 爆弾魔（後・拡張）: 通常側勝利 Turn 11 HP 先6 / 後-1
[833/900] 真綿（先・拡張） vs 爆弾魔（後）: 通常側勝利 Turn 14 HP 先0 / 後5
[834/900] 真綿（先） vs 爆弾魔（後・拡張）: 拡張側勝利 Turn 10 HP 先0 / 後4
[835/900] 真綿（先・拡張） vs 爆弾魔（後）: 通常側勝利 Turn 14 HP 先-5 / 後18
[836/900] 真綿（先） vs 爆弾魔（後・拡張）: 通常側勝利 Turn 9 HP 先10 / 後0
[837/900] 真綿（先・拡張） vs 爆弾魔（後）: 通常側勝利 Turn 10 HP 先-1 / 後5
[838/900] 真綿（先） vs 爆弾魔（後・拡張）: 拡張側勝利 Turn 12 HP 先0 / 後18
[839/900] 真綿（先・拡張） vs 爆弾魔（後）: 通常側勝利 Turn 12 HP 先0 / 後5
[840/900] 真綿（先） vs 爆弾魔（後・拡張）: 通常側勝利 Turn 9 HP 先9 / 後-2
[841/900] メガトンハンマー（先・拡張） vs 真綿（後）: 通常側勝利 Turn 10 HP 先-6 / 後10
[842/900] メガトンハンマー（先） vs 真綿（後・拡張）: 拡張側勝利 Turn 12 HP 先-4 / 後14
[843/900] メガトンハンマー（先・拡張） vs 真綿（後）: 通常側勝利 Turn 14 HP 先-1 / 後5
[844/900] メガトンハンマー（先） vs 真綿（後・拡張）: 通常側勝利 Turn 9 HP 先12 / 後0
[845/900] メガトンハンマー（先・拡張） vs 真綿（後）: 拡張側勝利 Turn 11 HP 先8 / 後-1
[846/900] メガトンハンマー（先） vs 真綿（後・拡張）: 拡張側勝利 Turn 20 HP 先0 / 後10
[847/900] メガトンハンマー（先・拡張） vs 真綿（後）: 通常側勝利 Turn 28 HP 先-1 / 後5
[848/900] メガトンハンマー（先） vs 真綿（後・拡張）: 通常側勝利 Turn 15 HP 先12 / 後0
[849/900] メガトンハンマー（先・拡張） vs 真綿（後）: 通常側勝利 Turn 14 HP 先-12 / 後4
[850/900] メガトンハンマー（先） vs 真綿（後・拡張）: 拡張側勝利 Turn 12 HP 先0 / 後11
[851/900] メガトンハンマー（先・拡張） vs 真綿（後）: 拡張側勝利 Turn 11 HP 先7 / 後-1
[852/900] メガトンハンマー（先） vs 真綿（後・拡張）: 拡張側勝利 Turn 12 HP 先-1 / 後11
[853/900] メガトンハンマー（先・拡張） vs 真綿（後）: 拡張側勝利 Turn 9 HP 先11 / 後-3
[854/900] メガトンハンマー（先） vs 真綿（後・拡張）: 拡張側勝利 Turn 14 HP 先-1 / 後6
[855/900] メガトンハンマー（先・拡張） vs 真綿（後）: 拡張側勝利 Turn 7 HP 先14 / 後-1
[856/900] メガトンハンマー（先） vs 真綿（後・拡張）: 拡張側勝利 Turn 14 HP 先-3 / 後9
[857/900] メガトンハンマー（先・拡張） vs 真綿（後）: 拡張側勝利 Turn 17 HP 先4 / 後0
[858/900] メガトンハンマー（先） vs 真綿（後・拡張）: 通常側勝利 Turn 11 HP 先6 / 後-3
[859/900] メガトンハンマー（先・拡張） vs 真綿（後）: 通常側勝利 Turn 14 HP 先-2 / 後5
[860/900] メガトンハンマー（先） vs 真綿（後・拡張）: 通常側勝利 Turn 11 HP 先2 / 後-2
[861/900] メガトンハンマー（先・拡張） vs 真綿（後）: 拡張側勝利 Turn 15 HP 先19 / 後-2
[862/900] メガトンハンマー（先） vs 真綿（後・拡張）: 通常側勝利 Turn 9 HP 先12 / 後0
[863/900] メガトンハンマー（先・拡張） vs 真綿（後）: 通常側勝利 Turn 16 HP 先0 / 後13
[864/900] メガトンハンマー（先） vs 真綿（後・拡張）: 拡張側勝利 Turn 12 HP 先0 / 後8
[865/900] メガトンハンマー（先・拡張） vs 真綿（後）: 通常側勝利 Turn 12 HP 先0 / 後1
[866/900] メガトンハンマー（先） vs 真綿（後・拡張）: 通常側勝利 Turn 11 HP 先4 / 後-2
[867/900] メガトンハンマー（先・拡張） vs 真綿（後）: 通常側勝利 Turn 14 HP 先-9 / 後14
[868/900] メガトンハンマー（先） vs 真綿（後・拡張）: 拡張側勝利 Turn 14 HP 先-2 / 後11
[869/900] メガトンハンマー（先・拡張） vs 真綿（後）: 拡張側勝利 Turn 17 HP 先9 / 後-3
[870/900] メガトンハンマー（先） vs 真綿（後・拡張）: 拡張側勝利 Turn 10 HP 先0 / 後4
[871/900] 真綿（先・拡張） vs メガトンハンマー（後）: 拡張側勝利 Turn 15 HP 先8 / 後0
[872/900] 真綿（先） vs メガトンハンマー（後・拡張）: 通常側勝利 Turn 13 HP 先11 / 後0
[873/900] 真綿（先・拡張） vs メガトンハンマー（後）: 通常側勝利 Turn 14 HP 先0 / 後12
[874/900] 真綿（先） vs メガトンハンマー（後・拡張）: 拡張側勝利 Turn 10 HP 先0 / 後14
[875/900] 真綿（先・拡張） vs メガトンハンマー（後）: 拡張側勝利 Turn 13 HP 先4 / 後0
[876/900] 真綿（先） vs メガトンハンマー（後・拡張）: 通常側勝利 Turn 15 HP 先7 / 後-2
[877/900] 真綿（先・拡張） vs メガトンハンマー（後）: 通常側勝利 Turn 14 HP 先-2 / 後13
[878/900] 真綿（先） vs メガトンハンマー（後・拡張）: 拡張側勝利 Turn 12 HP 先-9 / 後5
[879/900] 真綿（先・拡張） vs メガトンハンマー（後）: 通常側勝利 Turn 14 HP 先-2 / 後3
[880/900] 真綿（先） vs メガトンハンマー（後・拡張）: 拡張側勝利 Turn 12 HP 先-1 / 後13
[881/900] 真綿（先・拡張） vs メガトンハンマー（後）: 通常側勝利 Turn 10 HP 先0 / 後10
[882/900] 真綿（先） vs メガトンハンマー（後・拡張）: 拡張側勝利 Turn 12 HP 先0 / 後8
[883/900] 真綿（先・拡張） vs メガトンハンマー（後）: 拡張側勝利 Turn 9 HP 先12 / 後-2
[884/900] 真綿（先） vs メガトンハンマー（後・拡張）: 通常側勝利 Turn 21 HP 先14 / 後0
[885/900] 真綿（先・拡張） vs メガトンハンマー（後）: 通常側勝利 Turn 10 HP 先0 / 後6
[886/900] 真綿（先） vs メガトンハンマー（後・拡張）: 拡張側勝利 Turn 16 HP 先0 / 後2
[887/900] 真綿（先・拡張） vs メガトンハンマー（後）: 通常側勝利 Turn 14 HP 先-1 / 後11
[888/900] 真綿（先） vs メガトンハンマー（後・拡張）: 拡張側勝利 Turn 10 HP 先-10 / 後14
[889/900] 真綿（先・拡張） vs メガトンハンマー（後）: 拡張側勝利 Turn 17 HP 先12 / 後0
[890/900] 真綿（先） vs メガトンハンマー（後・拡張）: 拡張側勝利 Turn 14 HP 先0 / 後7
[891/900] 真綿（先・拡張） vs メガトンハンマー（後）: 拡張側勝利 Turn 19 HP 先18 / 後-1
[892/900] 真綿（先） vs メガトンハンマー（後・拡張）: 拡張側勝利 Turn 16 HP 先-1 / 後9
[893/900] 真綿（先・拡張） vs メガトンハンマー（後）: 通常側勝利 Turn 12 HP 先-4 / 後6
[894/900] 真綿（先） vs メガトンハンマー（後・拡張）: 通常側勝利 Turn 9 HP 先8 / 後0
[895/900] 真綿（先・拡張） vs メガトンハンマー（後）: 拡張側勝利 Turn 13 HP 先9 / 後0
[896/900] 真綿（先） vs メガトンハンマー（後・拡張）: 拡張側勝利 Turn 10 HP 先0 / 後9
[897/900] 真綿（先・拡張） vs メガトンハンマー（後）: 拡張側勝利 Turn 9 HP 先6 / 後0
[898/900] 真綿（先） vs メガトンハンマー（後・拡張）: 拡張側勝利 Turn 16 HP 先0 / 後15
[899/900] 真綿（先・拡張） vs メガトンハンマー（後）: 拡張側勝利 Turn 17 HP 先8 / 後0
[900/900] 真綿（先） vs メガトンハンマー（後・拡張）: 通常側勝利 Turn 9 HP 先5 / 後-1

拡張カード追加側集計
全体: 473勝 427敗 0未決着 / 勝率 52.6%
ブンブンぶん殴り: 86勝 64敗 0未決着 / 勝率 57.3% （先 44/75、後 42/75）
じゃぶじゃぶマネー: 73勝 77敗 0未決着 / 勝率 48.7% （先 40/75、後 33/75）
急襲レールウェイ: 82勝 68敗 0未決着 / 勝率 54.7% （先 42/75、後 40/75）
爆弾魔: 100勝 50敗 0未決着 / 勝率 66.7% （先 51/75、後 49/75）
メガトンハンマー: 65勝 85敗 0未決着 / 勝率 43.3% （先 33/75、後 32/75）
真綿: 67勝 83敗 0未決着 / 勝率 44.7% （先 29/75、後 38/75）

同一条件ペア比較
拡張側が両方勝利 115組 / 通常側が両方勝利 92組 / 勝敗分割 243組 / 未決着を含む 0組
