AIテーマデッキ総当たり戦
15組 × 先後2通り × 30戦 = 900戦
固定シード: 20260816 / 未決着判定: 200ターン超過

[001/900] ブンブンぶん殴り（先） vs じゃぶじゃぶマネー（後）: じゃぶじゃぶマネー 勝利 Turn 14 HP 先-1 / 後11
[002/900] ブンブンぶん殴り（先） vs じゃぶじゃぶマネー（後）: じゃぶじゃぶマネー 勝利 Turn 10 HP 先0 / 後4
[003/900] ブンブンぶん殴り（先） vs じゃぶじゃぶマネー（後）: ブンブンぶん殴り 勝利 Turn 9 HP 先9 / 後0
[004/900] ブンブンぶん殴り（先） vs じゃぶじゃぶマネー（後）: ブンブンぶん殴り 勝利 Turn 11 HP 先8 / 後0
[005/900] ブンブンぶん殴り（先） vs じゃぶじゃぶマネー（後）: じゃぶじゃぶマネー 勝利 Turn 12 HP 先-1 / 後10
[006/900] ブンブンぶん殴り（先） vs じゃぶじゃぶマネー（後）: じゃぶじゃぶマネー 勝利 Turn 14 HP 先-4 / 後15
[007/900] ブンブンぶん殴り（先） vs じゃぶじゃぶマネー（後）: ブンブンぶん殴り 勝利 Turn 9 HP 先11 / 後0
[008/900] ブンブンぶん殴り（先） vs じゃぶじゃぶマネー（後）: ブンブンぶん殴り 勝利 Turn 9 HP 先16 / 後-1
[009/900] ブンブンぶん殴り（先） vs じゃぶじゃぶマネー（後）: じゃぶじゃぶマネー 勝利 Turn 10 HP 先-4 / 後8
[010/900] ブンブンぶん殴り（先） vs じゃぶじゃぶマネー（後）: ブンブンぶん殴り 勝利 Turn 9 HP 先7 / 後0
[011/900] ブンブンぶん殴り（先） vs じゃぶじゃぶマネー（後）: ブンブンぶん殴り 勝利 Turn 11 HP 先7 / 後-2
[012/900] ブンブンぶん殴り（先） vs じゃぶじゃぶマネー（後）: ブンブンぶん殴り 勝利 Turn 9 HP 先8 / 後0
[013/900] ブンブンぶん殴り（先） vs じゃぶじゃぶマネー（後）: じゃぶじゃぶマネー 勝利 Turn 12 HP 先0 / 後7
[014/900] ブンブンぶん殴り（先） vs じゃぶじゃぶマネー（後）: じゃぶじゃぶマネー 勝利 Turn 10 HP 先0 / 後7
[015/900] ブンブンぶん殴り（先） vs じゃぶじゃぶマネー（後）: ブンブンぶん殴り 勝利 Turn 9 HP 先4 / 後-1
[016/900] ブンブンぶん殴り（先） vs じゃぶじゃぶマネー（後）: じゃぶじゃぶマネー 勝利 Turn 16 HP 先-4 / 後8
[017/900] ブンブンぶん殴り（先） vs じゃぶじゃぶマネー（後）: ブンブンぶん殴り 勝利 Turn 13 HP 先3 / 後0
[018/900] ブンブンぶん殴り（先） vs じゃぶじゃぶマネー（後）: ブンブンぶん殴り 勝利 Turn 13 HP 先8 / 後-2
[019/900] ブンブンぶん殴り（先） vs じゃぶじゃぶマネー（後）: じゃぶじゃぶマネー 勝利 Turn 16 HP 先0 / 後11
[020/900] ブンブンぶん殴り（先） vs じゃぶじゃぶマネー（後）: じゃぶじゃぶマネー 勝利 Turn 10 HP 先0 / 後3
[021/900] ブンブンぶん殴り（先） vs じゃぶじゃぶマネー（後）: ブンブンぶん殴り 勝利 Turn 11 HP 先6 / 後0
[022/900] ブンブンぶん殴り（先） vs じゃぶじゃぶマネー（後）: じゃぶじゃぶマネー 勝利 Turn 12 HP 先0 / 後10
[023/900] ブンブンぶん殴り（先） vs じゃぶじゃぶマネー（後）: じゃぶじゃぶマネー 勝利 Turn 14 HP 先0 / 後14
[024/900] ブンブンぶん殴り（先） vs じゃぶじゃぶマネー（後）: じゃぶじゃぶマネー 勝利 Turn 12 HP 先0 / 後10
[025/900] ブンブンぶん殴り（先） vs じゃぶじゃぶマネー（後）: ブンブンぶん殴り 勝利 Turn 11 HP 先16 / 後-1
[026/900] ブンブンぶん殴り（先） vs じゃぶじゃぶマネー（後）: じゃぶじゃぶマネー 勝利 Turn 14 HP 先-1 / 後4
[027/900] ブンブンぶん殴り（先） vs じゃぶじゃぶマネー（後）: じゃぶじゃぶマネー 勝利 Turn 10 HP 先0 / 後4
[028/900] ブンブンぶん殴り（先） vs じゃぶじゃぶマネー（後）: ブンブンぶん殴り 勝利 Turn 13 HP 先4 / 後-1
[029/900] ブンブンぶん殴り（先） vs じゃぶじゃぶマネー（後）: じゃぶじゃぶマネー 勝利 Turn 12 HP 先-1 / 後7
[030/900] ブンブンぶん殴り（先） vs じゃぶじゃぶマネー（後）: ブンブンぶん殴り 勝利 Turn 9 HP 先16 / 後0
[031/900] じゃぶじゃぶマネー（先） vs ブンブンぶん殴り（後）: じゃぶじゃぶマネー 勝利 Turn 15 HP 先14 / 後-3
[032/900] じゃぶじゃぶマネー（先） vs ブンブンぶん殴り（後）: ブンブンぶん殴り 勝利 Turn 10 HP 先0 / 後13
[033/900] じゃぶじゃぶマネー（先） vs ブンブンぶん殴り（後）: ブンブンぶん殴り 勝利 Turn 12 HP 先-4 / 後16
[034/900] じゃぶじゃぶマネー（先） vs ブンブンぶん殴り（後）: ブンブンぶん殴り 勝利 Turn 10 HP 先-1 / 後15
[035/900] じゃぶじゃぶマネー（先） vs ブンブンぶん殴り（後）: じゃぶじゃぶマネー 勝利 Turn 19 HP 先14 / 後0
[036/900] じゃぶじゃぶマネー（先） vs ブンブンぶん殴り（後）: じゃぶじゃぶマネー 勝利 Turn 15 HP 先10 / 後0
[037/900] じゃぶじゃぶマネー（先） vs ブンブンぶん殴り（後）: ブンブンぶん殴り 勝利 Turn 8 HP 先-1 / 後17
[038/900] じゃぶじゃぶマネー（先） vs ブンブンぶん殴り（後）: ブンブンぶん殴り 勝利 Turn 12 HP 先0 / 後11
[039/900] じゃぶじゃぶマネー（先） vs ブンブンぶん殴り（後）: じゃぶじゃぶマネー 勝利 Turn 11 HP 先6 / 後-5
[040/900] じゃぶじゃぶマネー（先） vs ブンブンぶん殴り（後）: ブンブンぶん殴り 勝利 Turn 12 HP 先0 / 後11
[041/900] じゃぶじゃぶマネー（先） vs ブンブンぶん殴り（後）: じゃぶじゃぶマネー 勝利 Turn 13 HP 先8 / 後-2
[042/900] じゃぶじゃぶマネー（先） vs ブンブンぶん殴り（後）: じゃぶじゃぶマネー 勝利 Turn 13 HP 先6 / 後0
[043/900] じゃぶじゃぶマネー（先） vs ブンブンぶん殴り（後）: じゃぶじゃぶマネー 勝利 Turn 13 HP 先13 / 後-2
[044/900] じゃぶじゃぶマネー（先） vs ブンブンぶん殴り（後）: ブンブンぶん殴り 勝利 Turn 10 HP 先0 / 後8
[045/900] じゃぶじゃぶマネー（先） vs ブンブンぶん殴り（後）: ブンブンぶん殴り 勝利 Turn 10 HP 先-1 / 後11
[046/900] じゃぶじゃぶマネー（先） vs ブンブンぶん殴り（後）: じゃぶじゃぶマネー 勝利 Turn 15 HP 先9 / 後0
[047/900] じゃぶじゃぶマネー（先） vs ブンブンぶん殴り（後）: じゃぶじゃぶマネー 勝利 Turn 13 HP 先11 / 後-2
[048/900] じゃぶじゃぶマネー（先） vs ブンブンぶん殴り（後）: ブンブンぶん殴り 勝利 Turn 12 HP 先-1 / 後11
[049/900] じゃぶじゃぶマネー（先） vs ブンブンぶん殴り（後）: ブンブンぶん殴り 勝利 Turn 12 HP 先0 / 後8
[050/900] じゃぶじゃぶマネー（先） vs ブンブンぶん殴り（後）: ブンブンぶん殴り 勝利 Turn 10 HP 先-2 / 後6
[051/900] じゃぶじゃぶマネー（先） vs ブンブンぶん殴り（後）: じゃぶじゃぶマネー 勝利 Turn 9 HP 先12 / 後0
[052/900] じゃぶじゃぶマネー（先） vs ブンブンぶん殴り（後）: じゃぶじゃぶマネー 勝利 Turn 13 HP 先8 / 後-2
[053/900] じゃぶじゃぶマネー（先） vs ブンブンぶん殴り（後）: ブンブンぶん殴り 勝利 Turn 10 HP 先0 / 後10
[054/900] じゃぶじゃぶマネー（先） vs ブンブンぶん殴り（後）: ブンブンぶん殴り 勝利 Turn 12 HP 先0 / 後7
[055/900] じゃぶじゃぶマネー（先） vs ブンブンぶん殴り（後）: ブンブンぶん殴り 勝利 Turn 12 HP 先-1 / 後11
[056/900] じゃぶじゃぶマネー（先） vs ブンブンぶん殴り（後）: ブンブンぶん殴り 勝利 Turn 10 HP 先-1 / 後10
[057/900] じゃぶじゃぶマネー（先） vs ブンブンぶん殴り（後）: じゃぶじゃぶマネー 勝利 Turn 11 HP 先9 / 後-2
[058/900] じゃぶじゃぶマネー（先） vs ブンブンぶん殴り（後）: じゃぶじゃぶマネー 勝利 Turn 13 HP 先9 / 後-7
[059/900] じゃぶじゃぶマネー（先） vs ブンブンぶん殴り（後）: じゃぶじゃぶマネー 勝利 Turn 15 HP 先2 / 後0
[060/900] じゃぶじゃぶマネー（先） vs ブンブンぶん殴り（後）: ブンブンぶん殴り 勝利 Turn 10 HP 先0 / 後11
[061/900] ブンブンぶん殴り（先） vs 急襲レールウェイ（後）: 急襲レールウェイ 勝利 Turn 10 HP 先0 / 後6
[062/900] ブンブンぶん殴り（先） vs 急襲レールウェイ（後）: 急襲レールウェイ 勝利 Turn 10 HP 先-1 / 後7
[063/900] ブンブンぶん殴り（先） vs 急襲レールウェイ（後）: 急襲レールウェイ 勝利 Turn 8 HP 先0 / 後12
[064/900] ブンブンぶん殴り（先） vs 急襲レールウェイ（後）: ブンブンぶん殴り 勝利 Turn 9 HP 先11 / 後0
[065/900] ブンブンぶん殴り（先） vs 急襲レールウェイ（後）: ブンブンぶん殴り 勝利 Turn 9 HP 先8 / 後-1
[066/900] ブンブンぶん殴り（先） vs 急襲レールウェイ（後）: ブンブンぶん殴り 勝利 Turn 15 HP 先5 / 後-1
[067/900] ブンブンぶん殴り（先） vs 急襲レールウェイ（後）: ブンブンぶん殴り 勝利 Turn 9 HP 先14 / 後0
[068/900] ブンブンぶん殴り（先） vs 急襲レールウェイ（後）: ブンブンぶん殴り 勝利 Turn 11 HP 先11 / 後-1
[069/900] ブンブンぶん殴り（先） vs 急襲レールウェイ（後）: ブンブンぶん殴り 勝利 Turn 11 HP 先5 / 後-3
[070/900] ブンブンぶん殴り（先） vs 急襲レールウェイ（後）: ブンブンぶん殴り 勝利 Turn 11 HP 先4 / 後0
[071/900] ブンブンぶん殴り（先） vs 急襲レールウェイ（後）: ブンブンぶん殴り 勝利 Turn 11 HP 先11 / 後-1
[072/900] ブンブンぶん殴り（先） vs 急襲レールウェイ（後）: ブンブンぶん殴り 勝利 Turn 13 HP 先2 / 後0
[073/900] ブンブンぶん殴り（先） vs 急襲レールウェイ（後）: ブンブンぶん殴り 勝利 Turn 9 HP 先11 / 後0
[074/900] ブンブンぶん殴り（先） vs 急襲レールウェイ（後）: ブンブンぶん殴り 勝利 Turn 9 HP 先10 / 後-1
[075/900] ブンブンぶん殴り（先） vs 急襲レールウェイ（後）: ブンブンぶん殴り 勝利 Turn 9 HP 先12 / 後-1
[076/900] ブンブンぶん殴り（先） vs 急襲レールウェイ（後）: ブンブンぶん殴り 勝利 Turn 11 HP 先8 / 後0
[077/900] ブンブンぶん殴り（先） vs 急襲レールウェイ（後）: ブンブンぶん殴り 勝利 Turn 11 HP 先2 / 後-2
[078/900] ブンブンぶん殴り（先） vs 急襲レールウェイ（後）: ブンブンぶん殴り 勝利 Turn 9 HP 先8 / 後0
[079/900] ブンブンぶん殴り（先） vs 急襲レールウェイ（後）: ブンブンぶん殴り 勝利 Turn 11 HP 先1 / 後-1
[080/900] ブンブンぶん殴り（先） vs 急襲レールウェイ（後）: 急襲レールウェイ 勝利 Turn 8 HP 先-1 / 後7
[081/900] ブンブンぶん殴り（先） vs 急襲レールウェイ（後）: ブンブンぶん殴り 勝利 Turn 11 HP 先5 / 後0
[082/900] ブンブンぶん殴り（先） vs 急襲レールウェイ（後）: 急襲レールウェイ 勝利 Turn 10 HP 先-1 / 後10
[083/900] ブンブンぶん殴り（先） vs 急襲レールウェイ（後）: ブンブンぶん殴り 勝利 Turn 9 HP 先5 / 後0
[084/900] ブンブンぶん殴り（先） vs 急襲レールウェイ（後）: ブンブンぶん殴り 勝利 Turn 11 HP 先4 / 後-2
[085/900] ブンブンぶん殴り（先） vs 急襲レールウェイ（後）: ブンブンぶん殴り 勝利 Turn 7 HP 先14 / 後0
[086/900] ブンブンぶん殴り（先） vs 急襲レールウェイ（後）: 急襲レールウェイ 勝利 Turn 14 HP 先0 / 後6
[087/900] ブンブンぶん殴り（先） vs 急襲レールウェイ（後）: 急襲レールウェイ 勝利 Turn 10 HP 先0 / 後8
[088/900] ブンブンぶん殴り（先） vs 急襲レールウェイ（後）: ブンブンぶん殴り 勝利 Turn 9 HP 先3 / 後-1
[089/900] ブンブンぶん殴り（先） vs 急襲レールウェイ（後）: 急襲レールウェイ 勝利 Turn 12 HP 先0 / 後4
[090/900] ブンブンぶん殴り（先） vs 急襲レールウェイ（後）: ブンブンぶん殴り 勝利 Turn 11 HP 先5 / 後-2
[091/900] 急襲レールウェイ（先） vs ブンブンぶん殴り（後）: 急襲レールウェイ 勝利 Turn 11 HP 先7 / 後-1
[092/900] 急襲レールウェイ（先） vs ブンブンぶん殴り（後）: 急襲レールウェイ 勝利 Turn 13 HP 先7 / 後-1
[093/900] 急襲レールウェイ（先） vs ブンブンぶん殴り（後）: 急襲レールウェイ 勝利 Turn 13 HP 先8 / 後-1
[094/900] 急襲レールウェイ（先） vs ブンブンぶん殴り（後）: ブンブンぶん殴り 勝利 Turn 10 HP 先0 / 後6
[095/900] 急襲レールウェイ（先） vs ブンブンぶん殴り（後）: ブンブンぶん殴り 勝利 Turn 10 HP 先-8 / 後3
[096/900] 急襲レールウェイ（先） vs ブンブンぶん殴り（後）: 急襲レールウェイ 勝利 Turn 13 HP 先4 / 後0
[097/900] 急襲レールウェイ（先） vs ブンブンぶん殴り（後）: ブンブンぶん殴り 勝利 Turn 8 HP 先0 / 後13
[098/900] 急襲レールウェイ（先） vs ブンブンぶん殴り（後）: ブンブンぶん殴り 勝利 Turn 8 HP 先0 / 後7
[099/900] 急襲レールウェイ（先） vs ブンブンぶん殴り（後）: ブンブンぶん殴り 勝利 Turn 10 HP 先0 / 後8
[100/900] 急襲レールウェイ（先） vs ブンブンぶん殴り（後）: 急襲レールウェイ 勝利 Turn 9 HP 先1 / 後0
[101/900] 急襲レールウェイ（先） vs ブンブンぶん殴り（後）: 急襲レールウェイ 勝利 Turn 9 HP 先3 / 後0
[102/900] 急襲レールウェイ（先） vs ブンブンぶん殴り（後）: 急襲レールウェイ 勝利 Turn 9 HP 先13 / 後-3
[103/900] 急襲レールウェイ（先） vs ブンブンぶん殴り（後）: ブンブンぶん殴り 勝利 Turn 10 HP 先-4 / 後7
[104/900] 急襲レールウェイ（先） vs ブンブンぶん殴り（後）: ブンブンぶん殴り 勝利 Turn 10 HP 先-2 / 後3
[105/900] 急襲レールウェイ（先） vs ブンブンぶん殴り（後）: 急襲レールウェイ 勝利 Turn 9 HP 先9 / 後-3
[106/900] 急襲レールウェイ（先） vs ブンブンぶん殴り（後）: ブンブンぶん殴り 勝利 Turn 10 HP 先0 / 後8
[107/900] 急襲レールウェイ（先） vs ブンブンぶん殴り（後）: 急襲レールウェイ 勝利 Turn 7 HP 先14 / 後-1
[108/900] 急襲レールウェイ（先） vs ブンブンぶん殴り（後）: ブンブンぶん殴り 勝利 Turn 8 HP 先-2 / 後4
[109/900] 急襲レールウェイ（先） vs ブンブンぶん殴り（後）: 急襲レールウェイ 勝利 Turn 13 HP 先1 / 後-2
[110/900] 急襲レールウェイ（先） vs ブンブンぶん殴り（後）: 急襲レールウェイ 勝利 Turn 11 HP 先10 / 後-2
[111/900] 急襲レールウェイ（先） vs ブンブンぶん殴り（後）: 急襲レールウェイ 勝利 Turn 11 HP 先4 / 後0
[112/900] 急襲レールウェイ（先） vs ブンブンぶん殴り（後）: 急襲レールウェイ 勝利 Turn 9 HP 先12 / 後-2
[113/900] 急襲レールウェイ（先） vs ブンブンぶん殴り（後）: ブンブンぶん殴り 勝利 Turn 10 HP 先-1 / 後6
[114/900] 急襲レールウェイ（先） vs ブンブンぶん殴り（後）: 急襲レールウェイ 勝利 Turn 11 HP 先6 / 後-1
[115/900] 急襲レールウェイ（先） vs ブンブンぶん殴り（後）: ブンブンぶん殴り 勝利 Turn 8 HP 先0 / 後4
[116/900] 急襲レールウェイ（先） vs ブンブンぶん殴り（後）: 急襲レールウェイ 勝利 Turn 11 HP 先7 / 後-1
[117/900] 急襲レールウェイ（先） vs ブンブンぶん殴り（後）: 急襲レールウェイ 勝利 Turn 11 HP 先9 / 後0
[118/900] 急襲レールウェイ（先） vs ブンブンぶん殴り（後）: 急襲レールウェイ 勝利 Turn 9 HP 先12 / 後0
[119/900] 急襲レールウェイ（先） vs ブンブンぶん殴り（後）: ブンブンぶん殴り 勝利 Turn 10 HP 先0 / 後12
[120/900] 急襲レールウェイ（先） vs ブンブンぶん殴り（後）: ブンブンぶん殴り 勝利 Turn 8 HP 先0 / 後9
[121/900] ブンブンぶん殴り（先） vs 爆弾魔（後）: ブンブンぶん殴り 勝利 Turn 9 HP 先15 / 後0
[122/900] ブンブンぶん殴り（先） vs 爆弾魔（後）: ブンブンぶん殴り 勝利 Turn 9 HP 先3 / 後0
[123/900] ブンブンぶん殴り（先） vs 爆弾魔（後）: 爆弾魔 勝利 Turn 8 HP 先-1 / 後14
[124/900] ブンブンぶん殴り（先） vs 爆弾魔（後）: 爆弾魔 勝利 Turn 8 HP 先-2 / 後3
[125/900] ブンブンぶん殴り（先） vs 爆弾魔（後）: ブンブンぶん殴り 勝利 Turn 11 HP 先7 / 後-1
[126/900] ブンブンぶん殴り（先） vs 爆弾魔（後）: ブンブンぶん殴り 勝利 Turn 11 HP 先3 / 後0
[127/900] ブンブンぶん殴り（先） vs 爆弾魔（後）: ブンブンぶん殴り 勝利 Turn 11 HP 先7 / 後0
[128/900] ブンブンぶん殴り（先） vs 爆弾魔（後）: ブンブンぶん殴り 勝利 Turn 9 HP 先5 / 後-2
[129/900] ブンブンぶん殴り（先） vs 爆弾魔（後）: 爆弾魔 勝利 Turn 8 HP 先-1 / 後11
[130/900] ブンブンぶん殴り（先） vs 爆弾魔（後）: 爆弾魔 勝利 Turn 10 HP 先0 / 後8
[131/900] ブンブンぶん殴り（先） vs 爆弾魔（後）: 爆弾魔 勝利 Turn 8 HP 先-6 / 後15
[132/900] ブンブンぶん殴り（先） vs 爆弾魔（後）: ブンブンぶん殴り 勝利 Turn 9 HP 先10 / 後-1
[133/900] ブンブンぶん殴り（先） vs 爆弾魔（後）: 爆弾魔 勝利 Turn 6 HP 先-2 / 後5
[134/900] ブンブンぶん殴り（先） vs 爆弾魔（後）: 爆弾魔 勝利 Turn 10 HP 先-1 / 後9
[135/900] ブンブンぶん殴り（先） vs 爆弾魔（後）: 爆弾魔 勝利 Turn 6 HP 先0 / 後14
[136/900] ブンブンぶん殴り（先） vs 爆弾魔（後）: ブンブンぶん殴り 勝利 Turn 11 HP 先12 / 後-1
[137/900] ブンブンぶん殴り（先） vs 爆弾魔（後）: 爆弾魔 勝利 Turn 8 HP 先0 / 後9
[138/900] ブンブンぶん殴り（先） vs 爆弾魔（後）: ブンブンぶん殴り 勝利 Turn 11 HP 先2 / 後-2
[139/900] ブンブンぶん殴り（先） vs 爆弾魔（後）: 爆弾魔 勝利 Turn 10 HP 先-1 / 後6
[140/900] ブンブンぶん殴り（先） vs 爆弾魔（後）: 爆弾魔 勝利 Turn 10 HP 先-2 / 後7
[141/900] ブンブンぶん殴り（先） vs 爆弾魔（後）: ブンブンぶん殴り 勝利 Turn 9 HP 先11 / 後0
[142/900] ブンブンぶん殴り（先） vs 爆弾魔（後）: ブンブンぶん殴り 勝利 Turn 13 HP 先2 / 後-4
[143/900] ブンブンぶん殴り（先） vs 爆弾魔（後）: 爆弾魔 勝利 Turn 10 HP 先-1 / 後3
[144/900] ブンブンぶん殴り（先） vs 爆弾魔（後）: 爆弾魔 勝利 Turn 10 HP 先-1 / 後2
[145/900] ブンブンぶん殴り（先） vs 爆弾魔（後）: 爆弾魔 勝利 Turn 10 HP 先-1 / 後1
[146/900] ブンブンぶん殴り（先） vs 爆弾魔（後）: 爆弾魔 勝利 Turn 10 HP 先-2 / 後1
[147/900] ブンブンぶん殴り（先） vs 爆弾魔（後）: 爆弾魔 勝利 Turn 10 HP 先-3 / 後10
[148/900] ブンブンぶん殴り（先） vs 爆弾魔（後）: 爆弾魔 勝利 Turn 8 HP 先-1 / 後3
[149/900] ブンブンぶん殴り（先） vs 爆弾魔（後）: ブンブンぶん殴り 勝利 Turn 9 HP 先6 / 後-2
[150/900] ブンブンぶん殴り（先） vs 爆弾魔（後）: ブンブンぶん殴り 勝利 Turn 9 HP 先9 / 後-1
[151/900] 爆弾魔（先） vs ブンブンぶん殴り（後）: ブンブンぶん殴り 勝利 Turn 10 HP 先-5 / 後13
[152/900] 爆弾魔（先） vs ブンブンぶん殴り（後）: 爆弾魔 勝利 Turn 9 HP 先3 / 後-2
[153/900] 爆弾魔（先） vs ブンブンぶん殴り（後）: 爆弾魔 勝利 Turn 9 HP 先16 / 後-1
[154/900] 爆弾魔（先） vs ブンブンぶん殴り（後）: 爆弾魔 勝利 Turn 11 HP 先8 / 後0
[155/900] 爆弾魔（先） vs ブンブンぶん殴り（後）: ブンブンぶん殴り 勝利 Turn 10 HP 先0 / 後8
[156/900] 爆弾魔（先） vs ブンブンぶん殴り（後）: 爆弾魔 勝利 Turn 11 HP 先4 / 後-4
[157/900] 爆弾魔（先） vs ブンブンぶん殴り（後）: 爆弾魔 勝利 Turn 7 HP 先8 / 後0
[158/900] 爆弾魔（先） vs ブンブンぶん殴り（後）: ブンブンぶん殴り 勝利 Turn 10 HP 先-1 / 後10
[159/900] 爆弾魔（先） vs ブンブンぶん殴り（後）: ブンブンぶん殴り 勝利 Turn 8 HP 先-1 / 後8
[160/900] 爆弾魔（先） vs ブンブンぶん殴り（後）: 爆弾魔 勝利 Turn 9 HP 先7 / 後0
[161/900] 爆弾魔（先） vs ブンブンぶん殴り（後）: 爆弾魔 勝利 Turn 9 HP 先9 / 後-1
[162/900] 爆弾魔（先） vs ブンブンぶん殴り（後）: ブンブンぶん殴り 勝利 Turn 10 HP 先0 / 後16
[163/900] 爆弾魔（先） vs ブンブンぶん殴り（後）: 爆弾魔 勝利 Turn 9 HP 先7 / 後0
[164/900] 爆弾魔（先） vs ブンブンぶん殴り（後）: 爆弾魔 勝利 Turn 9 HP 先15 / 後0
[165/900] 爆弾魔（先） vs ブンブンぶん殴り（後）: 爆弾魔 勝利 Turn 7 HP 先14 / 後-2
[166/900] 爆弾魔（先） vs ブンブンぶん殴り（後）: 爆弾魔 勝利 Turn 11 HP 先12 / 後-1
[167/900] 爆弾魔（先） vs ブンブンぶん殴り（後）: 爆弾魔 勝利 Turn 7 HP 先10 / 後-2
[168/900] 爆弾魔（先） vs ブンブンぶん殴り（後）: ブンブンぶん殴り 勝利 Turn 12 HP 先-2 / 後1
[169/900] 爆弾魔（先） vs ブンブンぶん殴り（後）: 爆弾魔 勝利 Turn 11 HP 先3 / 後0
[170/900] 爆弾魔（先） vs ブンブンぶん殴り（後）: 爆弾魔 勝利 Turn 11 HP 先6 / 後0
[171/900] 爆弾魔（先） vs ブンブンぶん殴り（後）: ブンブンぶん殴り 勝利 Turn 10 HP 先-5 / 後2
[172/900] 爆弾魔（先） vs ブンブンぶん殴り（後）: ブンブンぶん殴り 勝利 Turn 16 HP 先0 / 後2
[173/900] 爆弾魔（先） vs ブンブンぶん殴り（後）: 爆弾魔 勝利 Turn 9 HP 先5 / 後0
[174/900] 爆弾魔（先） vs ブンブンぶん殴り（後）: 爆弾魔 勝利 Turn 11 HP 先1 / 後-1
[175/900] 爆弾魔（先） vs ブンブンぶん殴り（後）: ブンブンぶん殴り 勝利 Turn 10 HP 先0 / 後9
[176/900] 爆弾魔（先） vs ブンブンぶん殴り（後）: ブンブンぶん殴り 勝利 Turn 10 HP 先-3 / 後4
[177/900] 爆弾魔（先） vs ブンブンぶん殴り（後）: 爆弾魔 勝利 Turn 9 HP 先12 / 後0
[178/900] 爆弾魔（先） vs ブンブンぶん殴り（後）: 爆弾魔 勝利 Turn 11 HP 先10 / 後0
[179/900] 爆弾魔（先） vs ブンブンぶん殴り（後）: 爆弾魔 勝利 Turn 9 HP 先6 / 後-2
[180/900] 爆弾魔（先） vs ブンブンぶん殴り（後）: 爆弾魔 勝利 Turn 9 HP 先10 / 後-1
[181/900] ブンブンぶん殴り（先） vs メガトンハンマー（後）: メガトンハンマー 勝利 Turn 8 HP 先0 / 後14
[182/900] ブンブンぶん殴り（先） vs メガトンハンマー（後）: メガトンハンマー 勝利 Turn 10 HP 先0 / 後9
[183/900] ブンブンぶん殴り（先） vs メガトンハンマー（後）: ブンブンぶん殴り 勝利 Turn 9 HP 先11 / 後-1
[184/900] ブンブンぶん殴り（先） vs メガトンハンマー（後）: メガトンハンマー 勝利 Turn 10 HP 先0 / 後8
[185/900] ブンブンぶん殴り（先） vs メガトンハンマー（後）: ブンブンぶん殴り 勝利 Turn 11 HP 先4 / 後0
[186/900] ブンブンぶん殴り（先） vs メガトンハンマー（後）: メガトンハンマー 勝利 Turn 10 HP 先-3 / 後4
[187/900] ブンブンぶん殴り（先） vs メガトンハンマー（後）: ブンブンぶん殴り 勝利 Turn 7 HP 先9 / 後0
[188/900] ブンブンぶん殴り（先） vs メガトンハンマー（後）: ブンブンぶん殴り 勝利 Turn 11 HP 先5 / 後0
[189/900] ブンブンぶん殴り（先） vs メガトンハンマー（後）: メガトンハンマー 勝利 Turn 10 HP 先0 / 後9
[190/900] ブンブンぶん殴り（先） vs メガトンハンマー（後）: メガトンハンマー 勝利 Turn 10 HP 先0 / 後7
[191/900] ブンブンぶん殴り（先） vs メガトンハンマー（後）: ブンブンぶん殴り 勝利 Turn 11 HP 先3 / 後0
[192/900] ブンブンぶん殴り（先） vs メガトンハンマー（後）: メガトンハンマー 勝利 Turn 10 HP 先0 / 後12
[193/900] ブンブンぶん殴り（先） vs メガトンハンマー（後）: メガトンハンマー 勝利 Turn 12 HP 先-4 / 後8
[194/900] ブンブンぶん殴り（先） vs メガトンハンマー（後）: ブンブンぶん殴り 勝利 Turn 15 HP 先5 / 後-1
[195/900] ブンブンぶん殴り（先） vs メガトンハンマー（後）: メガトンハンマー 勝利 Turn 10 HP 先0 / 後3
[196/900] ブンブンぶん殴り（先） vs メガトンハンマー（後）: ブンブンぶん殴り 勝利 Turn 11 HP 先10 / 後0
[197/900] ブンブンぶん殴り（先） vs メガトンハンマー（後）: メガトンハンマー 勝利 Turn 10 HP 先-3 / 後5
[198/900] ブンブンぶん殴り（先） vs メガトンハンマー（後）: メガトンハンマー 勝利 Turn 12 HP 先0 / 後6
[199/900] ブンブンぶん殴り（先） vs メガトンハンマー（後）: ブンブンぶん殴り 勝利 Turn 11 HP 先7 / 後0
[200/900] ブンブンぶん殴り（先） vs メガトンハンマー（後）: ブンブンぶん殴り 勝利 Turn 11 HP 先1 / 後-3
[201/900] ブンブンぶん殴り（先） vs メガトンハンマー（後）: ブンブンぶん殴り 勝利 Turn 15 HP 先9 / 後-2
[202/900] ブンブンぶん殴り（先） vs メガトンハンマー（後）: ブンブンぶん殴り 勝利 Turn 9 HP 先7 / 後0
[203/900] ブンブンぶん殴り（先） vs メガトンハンマー（後）: メガトンハンマー 勝利 Turn 12 HP 先0 / 後7
[204/900] ブンブンぶん殴り（先） vs メガトンハンマー（後）: メガトンハンマー 勝利 Turn 8 HP 先0 / 後3
[205/900] ブンブンぶん殴り（先） vs メガトンハンマー（後）: ブンブンぶん殴り 勝利 Turn 11 HP 先10 / 後-2
[206/900] ブンブンぶん殴り（先） vs メガトンハンマー（後）: ブンブンぶん殴り 勝利 Turn 9 HP 先8 / 後-1
[207/900] ブンブンぶん殴り（先） vs メガトンハンマー（後）: メガトンハンマー 勝利 Turn 10 HP 先0 / 後12
[208/900] ブンブンぶん殴り（先） vs メガトンハンマー（後）: ブンブンぶん殴り 勝利 Turn 9 HP 先6 / 後-1
[209/900] ブンブンぶん殴り（先） vs メガトンハンマー（後）: ブンブンぶん殴り 勝利 Turn 9 HP 先8 / 後0
[210/900] ブンブンぶん殴り（先） vs メガトンハンマー（後）: ブンブンぶん殴り 勝利 Turn 9 HP 先9 / 後-2
[211/900] メガトンハンマー（先） vs ブンブンぶん殴り（後）: メガトンハンマー 勝利 Turn 9 HP 先12 / 後-2
[212/900] メガトンハンマー（先） vs ブンブンぶん殴り（後）: メガトンハンマー 勝利 Turn 9 HP 先12 / 後0
[213/900] メガトンハンマー（先） vs ブンブンぶん殴り（後）: ブンブンぶん殴り 勝利 Turn 10 HP 先0 / 後6
[214/900] メガトンハンマー（先） vs ブンブンぶん殴り（後）: メガトンハンマー 勝利 Turn 11 HP 先12 / 後-2
[215/900] メガトンハンマー（先） vs ブンブンぶん殴り（後）: ブンブンぶん殴り 勝利 Turn 10 HP 先0 / 後13
[216/900] メガトンハンマー（先） vs ブンブンぶん殴り（後）: ブンブンぶん殴り 勝利 Turn 10 HP 先0 / 後6
[217/900] メガトンハンマー（先） vs ブンブンぶん殴り（後）: ブンブンぶん殴り 勝利 Turn 10 HP 先-1 / 後11
[218/900] メガトンハンマー（先） vs ブンブンぶん殴り（後）: メガトンハンマー 勝利 Turn 9 HP 先5 / 後-3
[219/900] メガトンハンマー（先） vs ブンブンぶん殴り（後）: メガトンハンマー 勝利 Turn 11 HP 先7 / 後0
[220/900] メガトンハンマー（先） vs ブンブンぶん殴り（後）: ブンブンぶん殴り 勝利 Turn 12 HP 先-1 / 後4
[221/900] メガトンハンマー（先） vs ブンブンぶん殴り（後）: メガトンハンマー 勝利 Turn 11 HP 先2 / 後-6
[222/900] メガトンハンマー（先） vs ブンブンぶん殴り（後）: ブンブンぶん殴り 勝利 Turn 16 HP 先-2 / 後10
[223/900] メガトンハンマー（先） vs ブンブンぶん殴り（後）: ブンブンぶん殴り 勝利 Turn 8 HP 先-2 / 後11
[224/900] メガトンハンマー（先） vs ブンブンぶん殴り（後）: メガトンハンマー 勝利 Turn 9 HP 先9 / 後-2
[225/900] メガトンハンマー（先） vs ブンブンぶん殴り（後）: ブンブンぶん殴り 勝利 Turn 12 HP 先0 / 後10
[226/900] メガトンハンマー（先） vs ブンブンぶん殴り（後）: メガトンハンマー 勝利 Turn 13 HP 先4 / 後-4
[227/900] メガトンハンマー（先） vs ブンブンぶん殴り（後）: ブンブンぶん殴り 勝利 Turn 12 HP 先0 / 後6
[228/900] メガトンハンマー（先） vs ブンブンぶん殴り（後）: メガトンハンマー 勝利 Turn 15 HP 先4 / 後0
[229/900] メガトンハンマー（先） vs ブンブンぶん殴り（後）: ブンブンぶん殴り 勝利 Turn 10 HP 先-2 / 後5
[230/900] メガトンハンマー（先） vs ブンブンぶん殴り（後）: ブンブンぶん殴り 勝利 Turn 8 HP 先0 / 後7
[231/900] メガトンハンマー（先） vs ブンブンぶん殴り（後）: ブンブンぶん殴り 勝利 Turn 14 HP 先0 / 後14
[232/900] メガトンハンマー（先） vs ブンブンぶん殴り（後）: ブンブンぶん殴り 勝利 Turn 8 HP 先0 / 後13
[233/900] メガトンハンマー（先） vs ブンブンぶん殴り（後）: メガトンハンマー 勝利 Turn 11 HP 先13 / 後-4
[234/900] メガトンハンマー（先） vs ブンブンぶん殴り（後）: ブンブンぶん殴り 勝利 Turn 10 HP 先-7 / 後7
[235/900] メガトンハンマー（先） vs ブンブンぶん殴り（後）: メガトンハンマー 勝利 Turn 9 HP 先9 / 後-2
[236/900] メガトンハンマー（先） vs ブンブンぶん殴り（後）: ブンブンぶん殴り 勝利 Turn 10 HP 先-1 / 後9
[237/900] メガトンハンマー（先） vs ブンブンぶん殴り（後）: メガトンハンマー 勝利 Turn 13 HP 先6 / 後-1
[238/900] メガトンハンマー（先） vs ブンブンぶん殴り（後）: ブンブンぶん殴り 勝利 Turn 10 HP 先0 / 後5
[239/900] メガトンハンマー（先） vs ブンブンぶん殴り（後）: メガトンハンマー 勝利 Turn 11 HP 先4 / 後-1
[240/900] メガトンハンマー（先） vs ブンブンぶん殴り（後）: メガトンハンマー 勝利 Turn 9 HP 先4 / 後-2
[241/900] ブンブンぶん殴り（先） vs 真綿（後）: 真綿 勝利 Turn 10 HP 先0 / 後2
[242/900] ブンブンぶん殴り（先） vs 真綿（後）: ブンブンぶん殴り 勝利 Turn 9 HP 先11 / 後-3
[243/900] ブンブンぶん殴り（先） vs 真綿（後）: 真綿 勝利 Turn 14 HP 先-4 / 後8
[244/900] ブンブンぶん殴り（先） vs 真綿（後）: ブンブンぶん殴り 勝利 Turn 13 HP 先6 / 後0
[245/900] ブンブンぶん殴り（先） vs 真綿（後）: ブンブンぶん殴り 勝利 Turn 9 HP 先11 / 後0
[246/900] ブンブンぶん殴り（先） vs 真綿（後）: 真綿 勝利 Turn 12 HP 先-1 / 後3
[247/900] ブンブンぶん殴り（先） vs 真綿（後）: ブンブンぶん殴り 勝利 Turn 13 HP 先13 / 後0
[248/900] ブンブンぶん殴り（先） vs 真綿（後）: 真綿 勝利 Turn 12 HP 先-2 / 後5
[249/900] ブンブンぶん殴り（先） vs 真綿（後）: ブンブンぶん殴り 勝利 Turn 9 HP 先14 / 後0
[250/900] ブンブンぶん殴り（先） vs 真綿（後）: 真綿 勝利 Turn 14 HP 先-2 / 後10
[251/900] ブンブンぶん殴り（先） vs 真綿（後）: ブンブンぶん殴り 勝利 Turn 11 HP 先11 / 後-2
[252/900] ブンブンぶん殴り（先） vs 真綿（後）: 真綿 勝利 Turn 12 HP 先-2 / 後7
[253/900] ブンブンぶん殴り（先） vs 真綿（後）: ブンブンぶん殴り 勝利 Turn 9 HP 先7 / 後0
[254/900] ブンブンぶん殴り（先） vs 真綿（後）: 真綿 勝利 Turn 22 HP 先-1 / 後4
[255/900] ブンブンぶん殴り（先） vs 真綿（後）: 真綿 勝利 Turn 12 HP 先0 / 後10
[256/900] ブンブンぶん殴り（先） vs 真綿（後）: 真綿 勝利 Turn 14 HP 先-1 / 後11
[257/900] ブンブンぶん殴り（先） vs 真綿（後）: 真綿 勝利 Turn 12 HP 先-3 / 後12
[258/900] ブンブンぶん殴り（先） vs 真綿（後）: 真綿 勝利 Turn 14 HP 先0 / 後11
[259/900] ブンブンぶん殴り（先） vs 真綿（後）: 真綿 勝利 Turn 8 HP 先0 / 後4
[260/900] ブンブンぶん殴り（先） vs 真綿（後）: ブンブンぶん殴り 勝利 Turn 13 HP 先12 / 後-1
[261/900] ブンブンぶん殴り（先） vs 真綿（後）: ブンブンぶん殴り 勝利 Turn 9 HP 先12 / 後-1
[262/900] ブンブンぶん殴り（先） vs 真綿（後）: ブンブンぶん殴り 勝利 Turn 13 HP 先12 / 後0
[263/900] ブンブンぶん殴り（先） vs 真綿（後）: 真綿 勝利 Turn 10 HP 先0 / 後7
[264/900] ブンブンぶん殴り（先） vs 真綿（後）: 真綿 勝利 Turn 16 HP 先-4 / 後1
[265/900] ブンブンぶん殴り（先） vs 真綿（後）: ブンブンぶん殴り 勝利 Turn 9 HP 先11 / 後-6
[266/900] ブンブンぶん殴り（先） vs 真綿（後）: 真綿 勝利 Turn 12 HP 先-1 / 後9
[267/900] ブンブンぶん殴り（先） vs 真綿（後）: ブンブンぶん殴り 勝利 Turn 11 HP 先5 / 後-1
[268/900] ブンブンぶん殴り（先） vs 真綿（後）: ブンブンぶん殴り 勝利 Turn 7 HP 先8 / 後0
[269/900] ブンブンぶん殴り（先） vs 真綿（後）: ブンブンぶん殴り 勝利 Turn 9 HP 先5 / 後-1
[270/900] ブンブンぶん殴り（先） vs 真綿（後）: ブンブンぶん殴り 勝利 Turn 11 HP 先6 / 後0
[271/900] 真綿（先） vs ブンブンぶん殴り（後）: 真綿 勝利 Turn 15 HP 先5 / 後-1
[272/900] 真綿（先） vs ブンブンぶん殴り（後）: ブンブンぶん殴り 勝利 Turn 10 HP 先-2 / 後15
[273/900] 真綿（先） vs ブンブンぶん殴り（後）: 真綿 勝利 Turn 9 HP 先11 / 後-1
[274/900] 真綿（先） vs ブンブンぶん殴り（後）: 真綿 勝利 Turn 13 HP 先12 / 後-2
[275/900] 真綿（先） vs ブンブンぶん殴り（後）: 真綿 勝利 Turn 9 HP 先4 / 後-1
[276/900] 真綿（先） vs ブンブンぶん殴り（後）: ブンブンぶん殴り 勝利 Turn 10 HP 先-1 / 後15
[277/900] 真綿（先） vs ブンブンぶん殴り（後）: ブンブンぶん殴り 勝利 Turn 12 HP 先0 / 後7
[278/900] 真綿（先） vs ブンブンぶん殴り（後）: ブンブンぶん殴り 勝利 Turn 14 HP 先-2 / 後1
[279/900] 真綿（先） vs ブンブンぶん殴り（後）: 真綿 勝利 Turn 21 HP 先8 / 後-5
[280/900] 真綿（先） vs ブンブンぶん殴り（後）: ブンブンぶん殴り 勝利 Turn 14 HP 先-2 / 後5
[281/900] 真綿（先） vs ブンブンぶん殴り（後）: 真綿 勝利 Turn 15 HP 先4 / 後0
[282/900] 真綿（先） vs ブンブンぶん殴り（後）: 真綿 勝利 Turn 9 HP 先3 / 後-1
[283/900] 真綿（先） vs ブンブンぶん殴り（後）: ブンブンぶん殴り 勝利 Turn 10 HP 先-10 / 後3
[284/900] 真綿（先） vs ブンブンぶん殴り（後）: 真綿 勝利 Turn 13 HP 先14 / 後0
[285/900] 真綿（先） vs ブンブンぶん殴り（後）: 真綿 勝利 Turn 11 HP 先6 / 後-1
[286/900] 真綿（先） vs ブンブンぶん殴り（後）: 真綿 勝利 Turn 9 HP 先16 / 後-1
[287/900] 真綿（先） vs ブンブンぶん殴り（後）: 真綿 勝利 Turn 15 HP 先7 / 後0
[288/900] 真綿（先） vs ブンブンぶん殴り（後）: 真綿 勝利 Turn 11 HP 先8 / 後0
[289/900] 真綿（先） vs ブンブンぶん殴り（後）: 真綿 勝利 Turn 11 HP 先8 / 後0
[290/900] 真綿（先） vs ブンブンぶん殴り（後）: ブンブンぶん殴り 勝利 Turn 12 HP 先0 / 後5
[291/900] 真綿（先） vs ブンブンぶん殴り（後）: ブンブンぶん殴り 勝利 Turn 10 HP 先-1 / 後5
[292/900] 真綿（先） vs ブンブンぶん殴り（後）: ブンブンぶん殴り 勝利 Turn 8 HP 先0 / 後12
[293/900] 真綿（先） vs ブンブンぶん殴り（後）: ブンブンぶん殴り 勝利 Turn 12 HP 先-2 / 後8
[294/900] 真綿（先） vs ブンブンぶん殴り（後）: 真綿 勝利 Turn 11 HP 先5 / 後0
[295/900] 真綿（先） vs ブンブンぶん殴り（後）: ブンブンぶん殴り 勝利 Turn 10 HP 先0 / 後8
[296/900] 真綿（先） vs ブンブンぶん殴り（後）: ブンブンぶん殴り 勝利 Turn 10 HP 先-2 / 後9
[297/900] 真綿（先） vs ブンブンぶん殴り（後）: 真綿 勝利 Turn 9 HP 先16 / 後-2
[298/900] 真綿（先） vs ブンブンぶん殴り（後）: ブンブンぶん殴り 勝利 Turn 8 HP 先-1 / 後11
[299/900] 真綿（先） vs ブンブンぶん殴り（後）: ブンブンぶん殴り 勝利 Turn 8 HP 先0 / 後10
[300/900] 真綿（先） vs ブンブンぶん殴り（後）: ブンブンぶん殴り 勝利 Turn 14 HP 先-5 / 後13
[301/900] じゃぶじゃぶマネー（先） vs 急襲レールウェイ（後）: じゃぶじゃぶマネー 勝利 Turn 11 HP 先5 / 後0
[302/900] じゃぶじゃぶマネー（先） vs 急襲レールウェイ（後）: じゃぶじゃぶマネー 勝利 Turn 11 HP 先14 / 後0
[303/900] じゃぶじゃぶマネー（先） vs 急襲レールウェイ（後）: じゃぶじゃぶマネー 勝利 Turn 17 HP 先7 / 後-1
[304/900] じゃぶじゃぶマネー（先） vs 急襲レールウェイ（後）: 急襲レールウェイ 勝利 Turn 10 HP 先0 / 後11
[305/900] じゃぶじゃぶマネー（先） vs 急襲レールウェイ（後）: じゃぶじゃぶマネー 勝利 Turn 13 HP 先14 / 後-6
[306/900] じゃぶじゃぶマネー（先） vs 急襲レールウェイ（後）: 急襲レールウェイ 勝利 Turn 12 HP 先-3 / 後7
[307/900] じゃぶじゃぶマネー（先） vs 急襲レールウェイ（後）: じゃぶじゃぶマネー 勝利 Turn 13 HP 先3 / 後-1
[308/900] じゃぶじゃぶマネー（先） vs 急襲レールウェイ（後）: 急襲レールウェイ 勝利 Turn 8 HP 先-1 / 後13
[309/900] じゃぶじゃぶマネー（先） vs 急襲レールウェイ（後）: 急襲レールウェイ 勝利 Turn 16 HP 先-2 / 後3
[310/900] じゃぶじゃぶマネー（先） vs 急襲レールウェイ（後）: 急襲レールウェイ 勝利 Turn 12 HP 先-1 / 後5
[311/900] じゃぶじゃぶマネー（先） vs 急襲レールウェイ（後）: 急襲レールウェイ 勝利 Turn 12 HP 先-2 / 後8
[312/900] じゃぶじゃぶマネー（先） vs 急襲レールウェイ（後）: 急襲レールウェイ 勝利 Turn 10 HP 先-1 / 後12
[313/900] じゃぶじゃぶマネー（先） vs 急襲レールウェイ（後）: 急襲レールウェイ 勝利 Turn 10 HP 先-1 / 後11
[314/900] じゃぶじゃぶマネー（先） vs 急襲レールウェイ（後）: 急襲レールウェイ 勝利 Turn 20 HP 先-1 / 後9
[315/900] じゃぶじゃぶマネー（先） vs 急襲レールウェイ（後）: じゃぶじゃぶマネー 勝利 Turn 13 HP 先3 / 後-5
[316/900] じゃぶじゃぶマネー（先） vs 急襲レールウェイ（後）: じゃぶじゃぶマネー 勝利 Turn 13 HP 先1 / 後-10
[317/900] じゃぶじゃぶマネー（先） vs 急襲レールウェイ（後）: 急襲レールウェイ 勝利 Turn 14 HP 先0 / 後8
[318/900] じゃぶじゃぶマネー（先） vs 急襲レールウェイ（後）: じゃぶじゃぶマネー 勝利 Turn 13 HP 先13 / 後-1
[319/900] じゃぶじゃぶマネー（先） vs 急襲レールウェイ（後）: 急襲レールウェイ 勝利 Turn 12 HP 先0 / 後13
[320/900] じゃぶじゃぶマネー（先） vs 急襲レールウェイ（後）: じゃぶじゃぶマネー 勝利 Turn 13 HP 先13 / 後-3
[321/900] じゃぶじゃぶマネー（先） vs 急襲レールウェイ（後）: 急襲レールウェイ 勝利 Turn 16 HP 先-1 / 後6
[322/900] じゃぶじゃぶマネー（先） vs 急襲レールウェイ（後）: 急襲レールウェイ 勝利 Turn 20 HP 先-2 / 後8
[323/900] じゃぶじゃぶマネー（先） vs 急襲レールウェイ（後）: じゃぶじゃぶマネー 勝利 Turn 15 HP 先5 / 後0
[324/900] じゃぶじゃぶマネー（先） vs 急襲レールウェイ（後）: じゃぶじゃぶマネー 勝利 Turn 11 HP 先8 / 後-2
[325/900] じゃぶじゃぶマネー（先） vs 急襲レールウェイ（後）: 急襲レールウェイ 勝利 Turn 18 HP 先-1 / 後13
[326/900] じゃぶじゃぶマネー（先） vs 急襲レールウェイ（後）: 急襲レールウェイ 勝利 Turn 12 HP 先-2 / 後9
[327/900] じゃぶじゃぶマネー（先） vs 急襲レールウェイ（後）: 急襲レールウェイ 勝利 Turn 18 HP 先0 / 後18
[328/900] じゃぶじゃぶマネー（先） vs 急襲レールウェイ（後）: 急襲レールウェイ 勝利 Turn 12 HP 先-2 / 後12
[329/900] じゃぶじゃぶマネー（先） vs 急襲レールウェイ（後）: 急襲レールウェイ 勝利 Turn 12 HP 先0 / 後14
[330/900] じゃぶじゃぶマネー（先） vs 急襲レールウェイ（後）: 急襲レールウェイ 勝利 Turn 24 HP 先0 / 後10
[331/900] 急襲レールウェイ（先） vs じゃぶじゃぶマネー（後）: 急襲レールウェイ 勝利 Turn 17 HP 先5 / 後-1
[332/900] 急襲レールウェイ（先） vs じゃぶじゃぶマネー（後）: じゃぶじゃぶマネー 勝利 Turn 10 HP 先-5 / 後12
[333/900] 急襲レールウェイ（先） vs じゃぶじゃぶマネー（後）: じゃぶじゃぶマネー 勝利 Turn 16 HP 先0 / 後7
[334/900] 急襲レールウェイ（先） vs じゃぶじゃぶマネー（後）: 急襲レールウェイ 勝利 Turn 11 HP 先13 / 後-2
[335/900] 急襲レールウェイ（先） vs じゃぶじゃぶマネー（後）: じゃぶじゃぶマネー 勝利 Turn 12 HP 先0 / 後12
[336/900] 急襲レールウェイ（先） vs じゃぶじゃぶマネー（後）: 急襲レールウェイ 勝利 Turn 9 HP 先13 / 後-1
[337/900] 急襲レールウェイ（先） vs じゃぶじゃぶマネー（後）: 急襲レールウェイ 勝利 Turn 17 HP 先20 / 後0
[338/900] 急襲レールウェイ（先） vs じゃぶじゃぶマネー（後）: 急襲レールウェイ 勝利 Turn 11 HP 先9 / 後-1
[339/900] 急襲レールウェイ（先） vs じゃぶじゃぶマネー（後）: 急襲レールウェイ 勝利 Turn 11 HP 先14 / 後0
[340/900] 急襲レールウェイ（先） vs じゃぶじゃぶマネー（後）: 急襲レールウェイ 勝利 Turn 13 HP 先12 / 後0
[341/900] 急襲レールウェイ（先） vs じゃぶじゃぶマネー（後）: 急襲レールウェイ 勝利 Turn 9 HP 先19 / 後-2
[342/900] 急襲レールウェイ（先） vs じゃぶじゃぶマネー（後）: じゃぶじゃぶマネー 勝利 Turn 16 HP 先-1 / 後3
[343/900] 急襲レールウェイ（先） vs じゃぶじゃぶマネー（後）: 急襲レールウェイ 勝利 Turn 11 HP 先2 / 後-3
[344/900] 急襲レールウェイ（先） vs じゃぶじゃぶマネー（後）: 急襲レールウェイ 勝利 Turn 11 HP 先14 / 後-2
[345/900] 急襲レールウェイ（先） vs じゃぶじゃぶマネー（後）: 急襲レールウェイ 勝利 Turn 9 HP 先17 / 後-1
[346/900] 急襲レールウェイ（先） vs じゃぶじゃぶマネー（後）: じゃぶじゃぶマネー 勝利 Turn 12 HP 先-6 / 後6
[347/900] 急襲レールウェイ（先） vs じゃぶじゃぶマネー（後）: じゃぶじゃぶマネー 勝利 Turn 18 HP 先-3 / 後14
[348/900] 急襲レールウェイ（先） vs じゃぶじゃぶマネー（後）: じゃぶじゃぶマネー 勝利 Turn 10 HP 先0 / 後8
[349/900] 急襲レールウェイ（先） vs じゃぶじゃぶマネー（後）: 急襲レールウェイ 勝利 Turn 13 HP 先7 / 後-1
[350/900] 急襲レールウェイ（先） vs じゃぶじゃぶマネー（後）: じゃぶじゃぶマネー 勝利 Turn 12 HP 先0 / 後10
[351/900] 急襲レールウェイ（先） vs じゃぶじゃぶマネー（後）: 急襲レールウェイ 勝利 Turn 19 HP 先13 / 後-1
[352/900] 急襲レールウェイ（先） vs じゃぶじゃぶマネー（後）: じゃぶじゃぶマネー 勝利 Turn 14 HP 先-1 / 後8
[353/900] 急襲レールウェイ（先） vs じゃぶじゃぶマネー（後）: 急襲レールウェイ 勝利 Turn 13 HP 先9 / 後-1
[354/900] 急襲レールウェイ（先） vs じゃぶじゃぶマネー（後）: じゃぶじゃぶマネー 勝利 Turn 14 HP 先0 / 後9
[355/900] 急襲レールウェイ（先） vs じゃぶじゃぶマネー（後）: 急襲レールウェイ 勝利 Turn 13 HP 先12 / 後-2
[356/900] 急襲レールウェイ（先） vs じゃぶじゃぶマネー（後）: 急襲レールウェイ 勝利 Turn 9 HP 先13 / 後0
[357/900] 急襲レールウェイ（先） vs じゃぶじゃぶマネー（後）: 急襲レールウェイ 勝利 Turn 13 HP 先14 / 後-2
[358/900] 急襲レールウェイ（先） vs じゃぶじゃぶマネー（後）: 急襲レールウェイ 勝利 Turn 13 HP 先11 / 後0
[359/900] 急襲レールウェイ（先） vs じゃぶじゃぶマネー（後）: 急襲レールウェイ 勝利 Turn 9 HP 先10 / 後-1
[360/900] 急襲レールウェイ（先） vs じゃぶじゃぶマネー（後）: じゃぶじゃぶマネー 勝利 Turn 14 HP 先-1 / 後4
[361/900] じゃぶじゃぶマネー（先） vs 爆弾魔（後）: じゃぶじゃぶマネー 勝利 Turn 15 HP 先7 / 後-1
[362/900] じゃぶじゃぶマネー（先） vs 爆弾魔（後）: 爆弾魔 勝利 Turn 10 HP 先0 / 後11
[363/900] じゃぶじゃぶマネー（先） vs 爆弾魔（後）: じゃぶじゃぶマネー 勝利 Turn 17 HP 先5 / 後-1
[364/900] じゃぶじゃぶマネー（先） vs 爆弾魔（後）: じゃぶじゃぶマネー 勝利 Turn 11 HP 先5 / 後0
[365/900] じゃぶじゃぶマネー（先） vs 爆弾魔（後）: じゃぶじゃぶマネー 勝利 Turn 13 HP 先5 / 後-1
[366/900] じゃぶじゃぶマネー（先） vs 爆弾魔（後）: じゃぶじゃぶマネー 勝利 Turn 11 HP 先2 / 後0
[367/900] じゃぶじゃぶマネー（先） vs 爆弾魔（後）: 爆弾魔 勝利 Turn 14 HP 先0 / 後13
[368/900] じゃぶじゃぶマネー（先） vs 爆弾魔（後）: じゃぶじゃぶマネー 勝利 Turn 11 HP 先10 / 後0
[369/900] じゃぶじゃぶマネー（先） vs 爆弾魔（後）: じゃぶじゃぶマネー 勝利 Turn 13 HP 先7 / 後0
[370/900] じゃぶじゃぶマネー（先） vs 爆弾魔（後）: 爆弾魔 勝利 Turn 16 HP 先0 / 後9
[371/900] じゃぶじゃぶマネー（先） vs 爆弾魔（後）: 爆弾魔 勝利 Turn 10 HP 先-2 / 後13
[372/900] じゃぶじゃぶマネー（先） vs 爆弾魔（後）: 爆弾魔 勝利 Turn 14 HP 先0 / 後7
[373/900] じゃぶじゃぶマネー（先） vs 爆弾魔（後）: じゃぶじゃぶマネー 勝利 Turn 15 HP 先10 / 後-1
[374/900] じゃぶじゃぶマネー（先） vs 爆弾魔（後）: じゃぶじゃぶマネー 勝利 Turn 13 HP 先3 / 後-9
[375/900] じゃぶじゃぶマネー（先） vs 爆弾魔（後）: 爆弾魔 勝利 Turn 12 HP 先-1 / 後11
[376/900] じゃぶじゃぶマネー（先） vs 爆弾魔（後）: 爆弾魔 勝利 Turn 10 HP 先0 / 後7
[377/900] じゃぶじゃぶマネー（先） vs 爆弾魔（後）: 爆弾魔 勝利 Turn 12 HP 先-1 / 後3
[378/900] じゃぶじゃぶマネー（先） vs 爆弾魔（後）: じゃぶじゃぶマネー 勝利 Turn 11 HP 先8 / 後0
[379/900] じゃぶじゃぶマネー（先） vs 爆弾魔（後）: じゃぶじゃぶマネー 勝利 Turn 15 HP 先7 / 後0
[380/900] じゃぶじゃぶマネー（先） vs 爆弾魔（後）: 爆弾魔 勝利 Turn 10 HP 先0 / 後15
[381/900] じゃぶじゃぶマネー（先） vs 爆弾魔（後）: 爆弾魔 勝利 Turn 24 HP 先0 / 後22
[382/900] じゃぶじゃぶマネー（先） vs 爆弾魔（後）: 爆弾魔 勝利 Turn 16 HP 先0 / 後8
[383/900] じゃぶじゃぶマネー（先） vs 爆弾魔（後）: 爆弾魔 勝利 Turn 10 HP 先-1 / 後9
[384/900] じゃぶじゃぶマネー（先） vs 爆弾魔（後）: 爆弾魔 勝利 Turn 12 HP 先-1 / 後13
[385/900] じゃぶじゃぶマネー（先） vs 爆弾魔（後）: じゃぶじゃぶマネー 勝利 Turn 15 HP 先3 / 後-6
[386/900] じゃぶじゃぶマネー（先） vs 爆弾魔（後）: 爆弾魔 勝利 Turn 10 HP 先0 / 後9
[387/900] じゃぶじゃぶマネー（先） vs 爆弾魔（後）: 爆弾魔 勝利 Turn 10 HP 先0 / 後12
[388/900] じゃぶじゃぶマネー（先） vs 爆弾魔（後）: じゃぶじゃぶマネー 勝利 Turn 13 HP 先6 / 後0
[389/900] じゃぶじゃぶマネー（先） vs 爆弾魔（後）: じゃぶじゃぶマネー 勝利 Turn 17 HP 先2 / 後-3
[390/900] じゃぶじゃぶマネー（先） vs 爆弾魔（後）: 爆弾魔 勝利 Turn 14 HP 先-1 / 後14
[391/900] 爆弾魔（先） vs じゃぶじゃぶマネー（後）: じゃぶじゃぶマネー 勝利 Turn 12 HP 先0 / 後4
[392/900] 爆弾魔（先） vs じゃぶじゃぶマネー（後）: 爆弾魔 勝利 Turn 11 HP 先6 / 後-2
[393/900] 爆弾魔（先） vs じゃぶじゃぶマネー（後）: 爆弾魔 勝利 Turn 17 HP 先4 / 後-1
[394/900] 爆弾魔（先） vs じゃぶじゃぶマネー（後）: じゃぶじゃぶマネー 勝利 Turn 10 HP 先0 / 後9
[395/900] 爆弾魔（先） vs じゃぶじゃぶマネー（後）: 爆弾魔 勝利 Turn 9 HP 先15 / 後0
[396/900] 爆弾魔（先） vs じゃぶじゃぶマネー（後）: 爆弾魔 勝利 Turn 7 HP 先18 / 後0
[397/900] 爆弾魔（先） vs じゃぶじゃぶマネー（後）: 爆弾魔 勝利 Turn 11 HP 先10 / 後-1
[398/900] 爆弾魔（先） vs じゃぶじゃぶマネー（後）: じゃぶじゃぶマネー 勝利 Turn 16 HP 先0 / 後8
[399/900] 爆弾魔（先） vs じゃぶじゃぶマネー（後）: じゃぶじゃぶマネー 勝利 Turn 16 HP 先0 / 後4
[400/900] 爆弾魔（先） vs じゃぶじゃぶマネー（後）: 爆弾魔 勝利 Turn 13 HP 先14 / 後0
[401/900] 爆弾魔（先） vs じゃぶじゃぶマネー（後）: 爆弾魔 勝利 Turn 11 HP 先11 / 後0
[402/900] 爆弾魔（先） vs じゃぶじゃぶマネー（後）: じゃぶじゃぶマネー 勝利 Turn 14 HP 先-1 / 後9
[403/900] 爆弾魔（先） vs じゃぶじゃぶマネー（後）: じゃぶじゃぶマネー 勝利 Turn 12 HP 先0 / 後3
[404/900] 爆弾魔（先） vs じゃぶじゃぶマネー（後）: じゃぶじゃぶマネー 勝利 Turn 12 HP 先0 / 後12
[405/900] 爆弾魔（先） vs じゃぶじゃぶマネー（後）: 爆弾魔 勝利 Turn 9 HP 先13 / 後0
[406/900] 爆弾魔（先） vs じゃぶじゃぶマネー（後）: じゃぶじゃぶマネー 勝利 Turn 12 HP 先0 / 後5
[407/900] 爆弾魔（先） vs じゃぶじゃぶマネー（後）: 爆弾魔 勝利 Turn 9 HP 先14 / 後-2
[408/900] 爆弾魔（先） vs じゃぶじゃぶマネー（後）: じゃぶじゃぶマネー 勝利 Turn 16 HP 先-1 / 後6
[409/900] 爆弾魔（先） vs じゃぶじゃぶマネー（後）: 爆弾魔 勝利 Turn 9 HP 先20 / 後-4
[410/900] 爆弾魔（先） vs じゃぶじゃぶマネー（後）: 爆弾魔 勝利 Turn 11 HP 先13 / 後-1
[411/900] 爆弾魔（先） vs じゃぶじゃぶマネー（後）: 爆弾魔 勝利 Turn 13 HP 先8 / 後-2
[412/900] 爆弾魔（先） vs じゃぶじゃぶマネー（後）: 爆弾魔 勝利 Turn 9 HP 先15 / 後0
[413/900] 爆弾魔（先） vs じゃぶじゃぶマネー（後）: 爆弾魔 勝利 Turn 9 HP 先6 / 後-3
[414/900] 爆弾魔（先） vs じゃぶじゃぶマネー（後）: じゃぶじゃぶマネー 勝利 Turn 18 HP 先0 / 後7
[415/900] 爆弾魔（先） vs じゃぶじゃぶマネー（後）: 爆弾魔 勝利 Turn 15 HP 先2 / 後-1
[416/900] 爆弾魔（先） vs じゃぶじゃぶマネー（後）: 爆弾魔 勝利 Turn 13 HP 先10 / 後0
[417/900] 爆弾魔（先） vs じゃぶじゃぶマネー（後）: じゃぶじゃぶマネー 勝利 Turn 18 HP 先-1 / 後5
[418/900] 爆弾魔（先） vs じゃぶじゃぶマネー（後）: 爆弾魔 勝利 Turn 9 HP 先12 / 後0
[419/900] 爆弾魔（先） vs じゃぶじゃぶマネー（後）: じゃぶじゃぶマネー 勝利 Turn 14 HP 先0 / 後11
[420/900] 爆弾魔（先） vs じゃぶじゃぶマネー（後）: 爆弾魔 勝利 Turn 7 HP 先19 / 後0
[421/900] じゃぶじゃぶマネー（先） vs メガトンハンマー（後）: メガトンハンマー 勝利 Turn 10 HP 先0 / 後10
[422/900] じゃぶじゃぶマネー（先） vs メガトンハンマー（後）: じゃぶじゃぶマネー 勝利 Turn 11 HP 先8 / 後0
[423/900] じゃぶじゃぶマネー（先） vs メガトンハンマー（後）: じゃぶじゃぶマネー 勝利 Turn 11 HP 先15 / 後0
[424/900] じゃぶじゃぶマネー（先） vs メガトンハンマー（後）: じゃぶじゃぶマネー 勝利 Turn 19 HP 先15 / 後0
[425/900] じゃぶじゃぶマネー（先） vs メガトンハンマー（後）: メガトンハンマー 勝利 Turn 12 HP 先-3 / 後9
[426/900] じゃぶじゃぶマネー（先） vs メガトンハンマー（後）: メガトンハンマー 勝利 Turn 12 HP 先0 / 後14
[427/900] じゃぶじゃぶマネー（先） vs メガトンハンマー（後）: じゃぶじゃぶマネー 勝利 Turn 17 HP 先18 / 後-7
[428/900] じゃぶじゃぶマネー（先） vs メガトンハンマー（後）: メガトンハンマー 勝利 Turn 16 HP 先0 / 後19
[429/900] じゃぶじゃぶマネー（先） vs メガトンハンマー（後）: メガトンハンマー 勝利 Turn 10 HP 先0 / 後13
[430/900] じゃぶじゃぶマネー（先） vs メガトンハンマー（後）: メガトンハンマー 勝利 Turn 22 HP 先0 / 後3
[431/900] じゃぶじゃぶマネー（先） vs メガトンハンマー（後）: メガトンハンマー 勝利 Turn 14 HP 先0 / 後10
[432/900] じゃぶじゃぶマネー（先） vs メガトンハンマー（後）: メガトンハンマー 勝利 Turn 14 HP 先0 / 後10
[433/900] じゃぶじゃぶマネー（先） vs メガトンハンマー（後）: じゃぶじゃぶマネー 勝利 Turn 13 HP 先8 / 後0
[434/900] じゃぶじゃぶマネー（先） vs メガトンハンマー（後）: じゃぶじゃぶマネー 勝利 Turn 13 HP 先2 / 後0
[435/900] じゃぶじゃぶマネー（先） vs メガトンハンマー（後）: じゃぶじゃぶマネー 勝利 Turn 15 HP 先14 / 後0
[436/900] じゃぶじゃぶマネー（先） vs メガトンハンマー（後）: じゃぶじゃぶマネー 勝利 Turn 9 HP 先8 / 後0
[437/900] じゃぶじゃぶマネー（先） vs メガトンハンマー（後）: じゃぶじゃぶマネー 勝利 Turn 29 HP 先12 / 後-1
[438/900] じゃぶじゃぶマネー（先） vs メガトンハンマー（後）: メガトンハンマー 勝利 Turn 12 HP 先-1 / 後15
[439/900] じゃぶじゃぶマネー（先） vs メガトンハンマー（後）: じゃぶじゃぶマネー 勝利 Turn 13 HP 先1 / 後-1
[440/900] じゃぶじゃぶマネー（先） vs メガトンハンマー（後）: じゃぶじゃぶマネー 勝利 Turn 13 HP 先3 / 後-7
[441/900] じゃぶじゃぶマネー（先） vs メガトンハンマー（後）: じゃぶじゃぶマネー 勝利 Turn 13 HP 先12 / 後-12
[442/900] じゃぶじゃぶマネー（先） vs メガトンハンマー（後）: じゃぶじゃぶマネー 勝利 Turn 15 HP 先4 / 後-1
[443/900] じゃぶじゃぶマネー（先） vs メガトンハンマー（後）: じゃぶじゃぶマネー 勝利 Turn 17 HP 先6 / 後0
[444/900] じゃぶじゃぶマネー（先） vs メガトンハンマー（後）: じゃぶじゃぶマネー 勝利 Turn 11 HP 先14 / 後-11
[445/900] じゃぶじゃぶマネー（先） vs メガトンハンマー（後）: メガトンハンマー 勝利 Turn 26 HP 先0 / 後16
[446/900] じゃぶじゃぶマネー（先） vs メガトンハンマー（後）: じゃぶじゃぶマネー 勝利 Turn 15 HP 先4 / 後0
[447/900] じゃぶじゃぶマネー（先） vs メガトンハンマー（後）: メガトンハンマー 勝利 Turn 10 HP 先-1 / 後7
[448/900] じゃぶじゃぶマネー（先） vs メガトンハンマー（後）: じゃぶじゃぶマネー 勝利 Turn 13 HP 先6 / 後-1
[449/900] じゃぶじゃぶマネー（先） vs メガトンハンマー（後）: じゃぶじゃぶマネー 勝利 Turn 17 HP 先20 / 後-4
[450/900] じゃぶじゃぶマネー（先） vs メガトンハンマー（後）: じゃぶじゃぶマネー 勝利 Turn 19 HP 先19 / 後0
[451/900] メガトンハンマー（先） vs じゃぶじゃぶマネー（後）: メガトンハンマー 勝利 Turn 13 HP 先13 / 後0
[452/900] メガトンハンマー（先） vs じゃぶじゃぶマネー（後）: じゃぶじゃぶマネー 勝利 Turn 16 HP 先-6 / 後10
[453/900] メガトンハンマー（先） vs じゃぶじゃぶマネー（後）: じゃぶじゃぶマネー 勝利 Turn 24 HP 先0 / 後17
[454/900] メガトンハンマー（先） vs じゃぶじゃぶマネー（後）: じゃぶじゃぶマネー 勝利 Turn 16 HP 先-6 / 後5
[455/900] メガトンハンマー（先） vs じゃぶじゃぶマネー（後）: メガトンハンマー 勝利 Turn 13 HP 先5 / 後-2
[456/900] メガトンハンマー（先） vs じゃぶじゃぶマネー（後）: メガトンハンマー 勝利 Turn 9 HP 先6 / 後0
[457/900] メガトンハンマー（先） vs じゃぶじゃぶマネー（後）: じゃぶじゃぶマネー 勝利 Turn 24 HP 先-4 / 後18
[458/900] メガトンハンマー（先） vs じゃぶじゃぶマネー（後）: じゃぶじゃぶマネー 勝利 Turn 12 HP 先0 / 後10
[459/900] メガトンハンマー（先） vs じゃぶじゃぶマネー（後）: メガトンハンマー 勝利 Turn 15 HP 先13 / 後0
[460/900] メガトンハンマー（先） vs じゃぶじゃぶマネー（後）: じゃぶじゃぶマネー 勝利 Turn 20 HP 先-2 / 後12
[461/900] メガトンハンマー（先） vs じゃぶじゃぶマネー（後）: じゃぶじゃぶマネー 勝利 Turn 12 HP 先-1 / 後12
[462/900] メガトンハンマー（先） vs じゃぶじゃぶマネー（後）: じゃぶじゃぶマネー 勝利 Turn 26 HP 先-2 / 後7
[463/900] メガトンハンマー（先） vs じゃぶじゃぶマネー（後）: じゃぶじゃぶマネー 勝利 Turn 14 HP 先-1 / 後7
[464/900] メガトンハンマー（先） vs じゃぶじゃぶマネー（後）: メガトンハンマー 勝利 Turn 13 HP 先7 / 後0
[465/900] メガトンハンマー（先） vs じゃぶじゃぶマネー（後）: メガトンハンマー 勝利 Turn 11 HP 先18 / 後0
[466/900] メガトンハンマー（先） vs じゃぶじゃぶマネー（後）: じゃぶじゃぶマネー 勝利 Turn 18 HP 先-1 / 後9
[467/900] メガトンハンマー（先） vs じゃぶじゃぶマネー（後）: じゃぶじゃぶマネー 勝利 Turn 14 HP 先-1 / 後3
[468/900] メガトンハンマー（先） vs じゃぶじゃぶマネー（後）: メガトンハンマー 勝利 Turn 11 HP 先6 / 後-2
[469/900] メガトンハンマー（先） vs じゃぶじゃぶマネー（後）: メガトンハンマー 勝利 Turn 11 HP 先10 / 後-1
[470/900] メガトンハンマー（先） vs じゃぶじゃぶマネー（後）: じゃぶじゃぶマネー 勝利 Turn 14 HP 先0 / 後14
[471/900] メガトンハンマー（先） vs じゃぶじゃぶマネー（後）: じゃぶじゃぶマネー 勝利 Turn 10 HP 先-1 / 後5
[472/900] メガトンハンマー（先） vs じゃぶじゃぶマネー（後）: じゃぶじゃぶマネー 勝利 Turn 14 HP 先-2 / 後1
[473/900] メガトンハンマー（先） vs じゃぶじゃぶマネー（後）: じゃぶじゃぶマネー 勝利 Turn 16 HP 先0 / 後13
[474/900] メガトンハンマー（先） vs じゃぶじゃぶマネー（後）: じゃぶじゃぶマネー 勝利 Turn 14 HP 先0 / 後18
[475/900] メガトンハンマー（先） vs じゃぶじゃぶマネー（後）: じゃぶじゃぶマネー 勝利 Turn 14 HP 先0 / 後6
[476/900] メガトンハンマー（先） vs じゃぶじゃぶマネー（後）: じゃぶじゃぶマネー 勝利 Turn 16 HP 先-1 / 後12
[477/900] メガトンハンマー（先） vs じゃぶじゃぶマネー（後）: じゃぶじゃぶマネー 勝利 Turn 12 HP 先-3 / 後2
[478/900] メガトンハンマー（先） vs じゃぶじゃぶマネー（後）: じゃぶじゃぶマネー 勝利 Turn 16 HP 先-7 / 後11
[479/900] メガトンハンマー（先） vs じゃぶじゃぶマネー（後）: じゃぶじゃぶマネー 勝利 Turn 22 HP 先0 / 後10
[480/900] メガトンハンマー（先） vs じゃぶじゃぶマネー（後）: じゃぶじゃぶマネー 勝利 Turn 14 HP 先-3 / 後15
[481/900] じゃぶじゃぶマネー（先） vs 真綿（後）: 真綿 勝利 Turn 18 HP 先-2 / 後12
[482/900] じゃぶじゃぶマネー（先） vs 真綿（後）: 真綿 勝利 Turn 20 HP 先-1 / 後5
[483/900] じゃぶじゃぶマネー（先） vs 真綿（後）: 真綿 勝利 Turn 14 HP 先0 / 後1
[484/900] じゃぶじゃぶマネー（先） vs 真綿（後）: じゃぶじゃぶマネー 勝利 Turn 15 HP 先9 / 後-8
[485/900] じゃぶじゃぶマネー（先） vs 真綿（後）: じゃぶじゃぶマネー 勝利 Turn 13 HP 先10 / 後-1
[486/900] じゃぶじゃぶマネー（先） vs 真綿（後）: 真綿 勝利 Turn 14 HP 先-1 / 後9
[487/900] じゃぶじゃぶマネー（先） vs 真綿（後）: じゃぶじゃぶマネー 勝利 Turn 11 HP 先10 / 後-1
[488/900] じゃぶじゃぶマネー（先） vs 真綿（後）: じゃぶじゃぶマネー 勝利 Turn 11 HP 先5 / 後0
[489/900] じゃぶじゃぶマネー（先） vs 真綿（後）: 真綿 勝利 Turn 14 HP 先-1 / 後4
[490/900] じゃぶじゃぶマネー（先） vs 真綿（後）: 真綿 勝利 Turn 16 HP 先0 / 後18
[491/900] じゃぶじゃぶマネー（先） vs 真綿（後）: 真綿 勝利 Turn 14 HP 先0 / 後6
[492/900] じゃぶじゃぶマネー（先） vs 真綿（後）: 真綿 勝利 Turn 14 HP 先-1 / 後10
[493/900] じゃぶじゃぶマネー（先） vs 真綿（後）: 真綿 勝利 Turn 12 HP 先-1 / 後15
[494/900] じゃぶじゃぶマネー（先） vs 真綿（後）: 真綿 勝利 Turn 12 HP 先0 / 後19
[495/900] じゃぶじゃぶマネー（先） vs 真綿（後）: じゃぶじゃぶマネー 勝利 Turn 11 HP 先5 / 後-1
[496/900] じゃぶじゃぶマネー（先） vs 真綿（後）: 真綿 勝利 Turn 14 HP 先-1 / 後18
[497/900] じゃぶじゃぶマネー（先） vs 真綿（後）: 真綿 勝利 Turn 10 HP 先0 / 後11
[498/900] じゃぶじゃぶマネー（先） vs 真綿（後）: 真綿 勝利 Turn 12 HP 先-6 / 後13
[499/900] じゃぶじゃぶマネー（先） vs 真綿（後）: 真綿 勝利 Turn 12 HP 先-7 / 後14
[500/900] じゃぶじゃぶマネー（先） vs 真綿（後）: 真綿 勝利 Turn 12 HP 先0 / 後2
[501/900] じゃぶじゃぶマネー（先） vs 真綿（後）: 真綿 勝利 Turn 16 HP 先0 / 後9
[502/900] じゃぶじゃぶマネー（先） vs 真綿（後）: じゃぶじゃぶマネー 勝利 Turn 11 HP 先3 / 後-5
[503/900] じゃぶじゃぶマネー（先） vs 真綿（後）: じゃぶじゃぶマネー 勝利 Turn 23 HP 先19 / 後-1
[504/900] じゃぶじゃぶマネー（先） vs 真綿（後）: 真綿 勝利 Turn 12 HP 先0 / 後6
[505/900] じゃぶじゃぶマネー（先） vs 真綿（後）: じゃぶじゃぶマネー 勝利 Turn 13 HP 先5 / 後0
[506/900] じゃぶじゃぶマネー（先） vs 真綿（後）: じゃぶじゃぶマネー 勝利 Turn 13 HP 先10 / 後0
[507/900] じゃぶじゃぶマネー（先） vs 真綿（後）: じゃぶじゃぶマネー 勝利 Turn 11 HP 先1 / 後0
[508/900] じゃぶじゃぶマネー（先） vs 真綿（後）: じゃぶじゃぶマネー 勝利 Turn 13 HP 先9 / 後0
[509/900] じゃぶじゃぶマネー（先） vs 真綿（後）: 真綿 勝利 Turn 20 HP 先-2 / 後2
[510/900] じゃぶじゃぶマネー（先） vs 真綿（後）: じゃぶじゃぶマネー 勝利 Turn 13 HP 先18 / 後-10
[511/900] 真綿（先） vs じゃぶじゃぶマネー（後）: 真綿 勝利 Turn 13 HP 先18 / 後0
[512/900] 真綿（先） vs じゃぶじゃぶマネー（後）: 真綿 勝利 Turn 15 HP 先13 / 後-2
[513/900] 真綿（先） vs じゃぶじゃぶマネー（後）: 真綿 勝利 Turn 11 HP 先7 / 後0
[514/900] 真綿（先） vs じゃぶじゃぶマネー（後）: じゃぶじゃぶマネー 勝利 Turn 12 HP 先-1 / 後12
[515/900] 真綿（先） vs じゃぶじゃぶマネー（後）: じゃぶじゃぶマネー 勝利 Turn 14 HP 先-1 / 後17
[516/900] 真綿（先） vs じゃぶじゃぶマネー（後）: じゃぶじゃぶマネー 勝利 Turn 14 HP 先0 / 後10
[517/900] 真綿（先） vs じゃぶじゃぶマネー（後）: じゃぶじゃぶマネー 勝利 Turn 16 HP 先-1 / 後5
[518/900] 真綿（先） vs じゃぶじゃぶマネー（後）: じゃぶじゃぶマネー 勝利 Turn 12 HP 先-4 / 後12
[519/900] 真綿（先） vs じゃぶじゃぶマネー（後）: じゃぶじゃぶマネー 勝利 Turn 12 HP 先0 / 後3
[520/900] 真綿（先） vs じゃぶじゃぶマネー（後）: 真綿 勝利 Turn 13 HP 先15 / 後-1
[521/900] 真綿（先） vs じゃぶじゃぶマネー（後）: じゃぶじゃぶマネー 勝利 Turn 12 HP 先-1 / 後8
[522/900] 真綿（先） vs じゃぶじゃぶマネー（後）: 真綿 勝利 Turn 19 HP 先4 / 後0
[523/900] 真綿（先） vs じゃぶじゃぶマネー（後）: じゃぶじゃぶマネー 勝利 Turn 16 HP 先0 / 後8
[524/900] 真綿（先） vs じゃぶじゃぶマネー（後）: 真綿 勝利 Turn 13 HP 先20 / 後0
[525/900] 真綿（先） vs じゃぶじゃぶマネー（後）: じゃぶじゃぶマネー 勝利 Turn 18 HP 先0 / 後8
[526/900] 真綿（先） vs じゃぶじゃぶマネー（後）: 真綿 勝利 Turn 13 HP 先13 / 後0
[527/900] 真綿（先） vs じゃぶじゃぶマネー（後）: 真綿 勝利 Turn 15 HP 先12 / 後-1
[528/900] 真綿（先） vs じゃぶじゃぶマネー（後）: 真綿 勝利 Turn 11 HP 先20 / 後-1
[529/900] 真綿（先） vs じゃぶじゃぶマネー（後）: 真綿 勝利 Turn 21 HP 先14 / 後0
[530/900] 真綿（先） vs じゃぶじゃぶマネー（後）: 真綿 勝利 Turn 13 HP 先7 / 後0
[531/900] 真綿（先） vs じゃぶじゃぶマネー（後）: 真綿 勝利 Turn 13 HP 先14 / 後0
[532/900] 真綿（先） vs じゃぶじゃぶマネー（後）: じゃぶじゃぶマネー 勝利 Turn 10 HP 先-4 / 後5
[533/900] 真綿（先） vs じゃぶじゃぶマネー（後）: 真綿 勝利 Turn 15 HP 先18 / 後-1
[534/900] 真綿（先） vs じゃぶじゃぶマネー（後）: 真綿 勝利 Turn 11 HP 先5 / 後0
[535/900] 真綿（先） vs じゃぶじゃぶマネー（後）: じゃぶじゃぶマネー 勝利 Turn 14 HP 先0 / 後11
[536/900] 真綿（先） vs じゃぶじゃぶマネー（後）: じゃぶじゃぶマネー 勝利 Turn 14 HP 先-2 / 後1
[537/900] 真綿（先） vs じゃぶじゃぶマネー（後）: 真綿 勝利 Turn 11 HP 先5 / 後-1
[538/900] 真綿（先） vs じゃぶじゃぶマネー（後）: じゃぶじゃぶマネー 勝利 Turn 16 HP 先-12 / 後18
[539/900] 真綿（先） vs じゃぶじゃぶマネー（後）: じゃぶじゃぶマネー 勝利 Turn 24 HP 先-2 / 後8
[540/900] 真綿（先） vs じゃぶじゃぶマネー（後）: じゃぶじゃぶマネー 勝利 Turn 20 HP 先-11 / 後8
[541/900] 急襲レールウェイ（先） vs 爆弾魔（後）: 爆弾魔 勝利 Turn 10 HP 先0 / 後3
[542/900] 急襲レールウェイ（先） vs 爆弾魔（後）: 爆弾魔 勝利 Turn 10 HP 先-1 / 後11
[543/900] 急襲レールウェイ（先） vs 爆弾魔（後）: 爆弾魔 勝利 Turn 12 HP 先-2 / 後15
[544/900] 急襲レールウェイ（先） vs 爆弾魔（後）: 急襲レールウェイ 勝利 Turn 9 HP 先14 / 後-1
[545/900] 急襲レールウェイ（先） vs 爆弾魔（後）: 急襲レールウェイ 勝利 Turn 11 HP 先6 / 後-3
[546/900] 急襲レールウェイ（先） vs 爆弾魔（後）: 急襲レールウェイ 勝利 Turn 11 HP 先3 / 後0
[547/900] 急襲レールウェイ（先） vs 爆弾魔（後）: 急襲レールウェイ 勝利 Turn 9 HP 先12 / 後0
[548/900] 急襲レールウェイ（先） vs 爆弾魔（後）: 爆弾魔 勝利 Turn 12 HP 先-1 / 後14
[549/900] 急襲レールウェイ（先） vs 爆弾魔（後）: 急襲レールウェイ 勝利 Turn 9 HP 先6 / 後0
[550/900] 急襲レールウェイ（先） vs 爆弾魔（後）: 爆弾魔 勝利 Turn 10 HP 先-1 / 後7
[551/900] 急襲レールウェイ（先） vs 爆弾魔（後）: 爆弾魔 勝利 Turn 10 HP 先-3 / 後13
[552/900] 急襲レールウェイ（先） vs 爆弾魔（後）: 急襲レールウェイ 勝利 Turn 11 HP 先3 / 後-6
[553/900] 急襲レールウェイ（先） vs 爆弾魔（後）: 爆弾魔 勝利 Turn 8 HP 先0 / 後14
[554/900] 急襲レールウェイ（先） vs 爆弾魔（後）: 爆弾魔 勝利 Turn 10 HP 先-3 / 後1
[555/900] 急襲レールウェイ（先） vs 爆弾魔（後）: 急襲レールウェイ 勝利 Turn 9 HP 先13 / 後0
[556/900] 急襲レールウェイ（先） vs 爆弾魔（後）: 爆弾魔 勝利 Turn 8 HP 先-3 / 後13
[557/900] 急襲レールウェイ（先） vs 爆弾魔（後）: 爆弾魔 勝利 Turn 8 HP 先0 / 後13
[558/900] 急襲レールウェイ（先） vs 爆弾魔（後）: 爆弾魔 勝利 Turn 8 HP 先0 / 後7
[559/900] 急襲レールウェイ（先） vs 爆弾魔（後）: 急襲レールウェイ 勝利 Turn 9 HP 先3 / 後0
[560/900] 急襲レールウェイ（先） vs 爆弾魔（後）: 爆弾魔 勝利 Turn 8 HP 先0 / 後9
[561/900] 急襲レールウェイ（先） vs 爆弾魔（後）: 爆弾魔 勝利 Turn 12 HP 先-1 / 後9
[562/900] 急襲レールウェイ（先） vs 爆弾魔（後）: 急襲レールウェイ 勝利 Turn 9 HP 先11 / 後0
[563/900] 急襲レールウェイ（先） vs 爆弾魔（後）: 爆弾魔 勝利 Turn 12 HP 先-2 / 後16
[564/900] 急襲レールウェイ（先） vs 爆弾魔（後）: 急襲レールウェイ 勝利 Turn 11 HP 先4 / 後0
[565/900] 急襲レールウェイ（先） vs 爆弾魔（後）: 急襲レールウェイ 勝利 Turn 13 HP 先7 / 後-2
[566/900] 急襲レールウェイ（先） vs 爆弾魔（後）: 爆弾魔 勝利 Turn 10 HP 先-2 / 後13
[567/900] 急襲レールウェイ（先） vs 爆弾魔（後）: 爆弾魔 勝利 Turn 10 HP 先-1 / 後13
[568/900] 急襲レールウェイ（先） vs 爆弾魔（後）: 爆弾魔 勝利 Turn 8 HP 先-1 / 後15
[569/900] 急襲レールウェイ（先） vs 爆弾魔（後）: 爆弾魔 勝利 Turn 10 HP 先0 / 後15
[570/900] 急襲レールウェイ（先） vs 爆弾魔（後）: 爆弾魔 勝利 Turn 8 HP 先0 / 後18
[571/900] 爆弾魔（先） vs 急襲レールウェイ（後）: 急襲レールウェイ 勝利 Turn 10 HP 先-1 / 後3
[572/900] 爆弾魔（先） vs 急襲レールウェイ（後）: 爆弾魔 勝利 Turn 11 HP 先14 / 後-3
[573/900] 爆弾魔（先） vs 急襲レールウェイ（後）: 爆弾魔 勝利 Turn 7 HP 先14 / 後0
[574/900] 爆弾魔（先） vs 急襲レールウェイ（後）: 爆弾魔 勝利 Turn 13 HP 先4 / 後-3
[575/900] 爆弾魔（先） vs 急襲レールウェイ（後）: 爆弾魔 勝利 Turn 7 HP 先11 / 後0
[576/900] 爆弾魔（先） vs 急襲レールウェイ（後）: 急襲レールウェイ 勝利 Turn 12 HP 先-1 / 後6
[577/900] 爆弾魔（先） vs 急襲レールウェイ（後）: 急襲レールウェイ 勝利 Turn 12 HP 先-3 / 後5
[578/900] 爆弾魔（先） vs 急襲レールウェイ（後）: 爆弾魔 勝利 Turn 11 HP 先11 / 後0
[579/900] 爆弾魔（先） vs 急襲レールウェイ（後）: 爆弾魔 勝利 Turn 11 HP 先1 / 後0
[580/900] 爆弾魔（先） vs 急襲レールウェイ（後）: 爆弾魔 勝利 Turn 11 HP 先14 / 後-1
[581/900] 爆弾魔（先） vs 急襲レールウェイ（後）: 爆弾魔 勝利 Turn 7 HP 先14 / 後0
[582/900] 爆弾魔（先） vs 急襲レールウェイ（後）: 急襲レールウェイ 勝利 Turn 12 HP 先-1 / 後13
[583/900] 爆弾魔（先） vs 急襲レールウェイ（後）: 爆弾魔 勝利 Turn 11 HP 先11 / 後-1
[584/900] 爆弾魔（先） vs 急襲レールウェイ（後）: 急襲レールウェイ 勝利 Turn 10 HP 先-6 / 後9
[585/900] 爆弾魔（先） vs 急襲レールウェイ（後）: 急襲レールウェイ 勝利 Turn 8 HP 先-1 / 後11
[586/900] 爆弾魔（先） vs 急襲レールウェイ（後）: 爆弾魔 勝利 Turn 15 HP 先12 / 後-3
[587/900] 爆弾魔（先） vs 急襲レールウェイ（後）: 急襲レールウェイ 勝利 Turn 10 HP 先-2 / 後6
[588/900] 爆弾魔（先） vs 急襲レールウェイ（後）: 爆弾魔 勝利 Turn 9 HP 先20 / 後-1
[589/900] 爆弾魔（先） vs 急襲レールウェイ（後）: 急襲レールウェイ 勝利 Turn 10 HP 先0 / 後9
[590/900] 爆弾魔（先） vs 急襲レールウェイ（後）: 急襲レールウェイ 勝利 Turn 10 HP 先0 / 後6
[591/900] 爆弾魔（先） vs 急襲レールウェイ（後）: 爆弾魔 勝利 Turn 13 HP 先11 / 後-3
[592/900] 爆弾魔（先） vs 急襲レールウェイ（後）: 爆弾魔 勝利 Turn 13 HP 先3 / 後0
[593/900] 爆弾魔（先） vs 急襲レールウェイ（後）: 爆弾魔 勝利 Turn 11 HP 先15 / 後-1
[594/900] 爆弾魔（先） vs 急襲レールウェイ（後）: 爆弾魔 勝利 Turn 11 HP 先6 / 後0
[595/900] 爆弾魔（先） vs 急襲レールウェイ（後）: 爆弾魔 勝利 Turn 13 HP 先3 / 後0
[596/900] 爆弾魔（先） vs 急襲レールウェイ（後）: 爆弾魔 勝利 Turn 11 HP 先5 / 後-1
[597/900] 爆弾魔（先） vs 急襲レールウェイ（後）: 爆弾魔 勝利 Turn 7 HP 先7 / 後0
[598/900] 爆弾魔（先） vs 急襲レールウェイ（後）: 爆弾魔 勝利 Turn 9 HP 先15 / 後-2
[599/900] 爆弾魔（先） vs 急襲レールウェイ（後）: 爆弾魔 勝利 Turn 11 HP 先9 / 後-1
[600/900] 爆弾魔（先） vs 急襲レールウェイ（後）: 爆弾魔 勝利 Turn 9 HP 先11 / 後0
[601/900] 急襲レールウェイ（先） vs メガトンハンマー（後）: メガトンハンマー 勝利 Turn 10 HP 先0 / 後7
[602/900] 急襲レールウェイ（先） vs メガトンハンマー（後）: 急襲レールウェイ 勝利 Turn 9 HP 先9 / 後0
[603/900] 急襲レールウェイ（先） vs メガトンハンマー（後）: メガトンハンマー 勝利 Turn 12 HP 先0 / 後11
[604/900] 急襲レールウェイ（先） vs メガトンハンマー（後）: 急襲レールウェイ 勝利 Turn 11 HP 先17 / 後-3
[605/900] 急襲レールウェイ（先） vs メガトンハンマー（後）: 急襲レールウェイ 勝利 Turn 11 HP 先12 / 後0
[606/900] 急襲レールウェイ（先） vs メガトンハンマー（後）: 急襲レールウェイ 勝利 Turn 11 HP 先7 / 後0
[607/900] 急襲レールウェイ（先） vs メガトンハンマー（後）: 急襲レールウェイ 勝利 Turn 13 HP 先15 / 後0
[608/900] 急襲レールウェイ（先） vs メガトンハンマー（後）: 急襲レールウェイ 勝利 Turn 11 HP 先7 / 後-2
[609/900] 急襲レールウェイ（先） vs メガトンハンマー（後）: 急襲レールウェイ 勝利 Turn 11 HP 先4 / 後0
[610/900] 急襲レールウェイ（先） vs メガトンハンマー（後）: 急襲レールウェイ 勝利 Turn 9 HP 先18 / 後-2
[611/900] 急襲レールウェイ（先） vs メガトンハンマー（後）: 急襲レールウェイ 勝利 Turn 11 HP 先4 / 後0
[612/900] 急襲レールウェイ（先） vs メガトンハンマー（後）: 急襲レールウェイ 勝利 Turn 11 HP 先8 / 後-1
[613/900] 急襲レールウェイ（先） vs メガトンハンマー（後）: 急襲レールウェイ 勝利 Turn 9 HP 先14 / 後0
[614/900] 急襲レールウェイ（先） vs メガトンハンマー（後）: メガトンハンマー 勝利 Turn 12 HP 先-5 / 後7
[615/900] 急襲レールウェイ（先） vs メガトンハンマー（後）: 急襲レールウェイ 勝利 Turn 15 HP 先9 / 後-1
[616/900] 急襲レールウェイ（先） vs メガトンハンマー（後）: 急襲レールウェイ 勝利 Turn 11 HP 先15 / 後-1
[617/900] 急襲レールウェイ（先） vs メガトンハンマー（後）: メガトンハンマー 勝利 Turn 12 HP 先-1 / 後7
[618/900] 急襲レールウェイ（先） vs メガトンハンマー（後）: メガトンハンマー 勝利 Turn 12 HP 先-8 / 後10
[619/900] 急襲レールウェイ（先） vs メガトンハンマー（後）: 急襲レールウェイ 勝利 Turn 11 HP 先6 / 後0
[620/900] 急襲レールウェイ（先） vs メガトンハンマー（後）: メガトンハンマー 勝利 Turn 12 HP 先0 / 後12
[621/900] 急襲レールウェイ（先） vs メガトンハンマー（後）: 急襲レールウェイ 勝利 Turn 11 HP 先9 / 後-3
[622/900] 急襲レールウェイ（先） vs メガトンハンマー（後）: 急襲レールウェイ 勝利 Turn 11 HP 先12 / 後0
[623/900] 急襲レールウェイ（先） vs メガトンハンマー（後）: メガトンハンマー 勝利 Turn 10 HP 先-2 / 後8
[624/900] 急襲レールウェイ（先） vs メガトンハンマー（後）: メガトンハンマー 勝利 Turn 10 HP 先0 / 後9
[625/900] 急襲レールウェイ（先） vs メガトンハンマー（後）: メガトンハンマー 勝利 Turn 16 HP 先0 / 後3
[626/900] 急襲レールウェイ（先） vs メガトンハンマー（後）: 急襲レールウェイ 勝利 Turn 9 HP 先17 / 後-1
[627/900] 急襲レールウェイ（先） vs メガトンハンマー（後）: 急襲レールウェイ 勝利 Turn 11 HP 先12 / 後0
[628/900] 急襲レールウェイ（先） vs メガトンハンマー（後）: 急襲レールウェイ 勝利 Turn 9 HP 先4 / 後-1
[629/900] 急襲レールウェイ（先） vs メガトンハンマー（後）: メガトンハンマー 勝利 Turn 12 HP 先0 / 後9
[630/900] 急襲レールウェイ（先） vs メガトンハンマー（後）: 急襲レールウェイ 勝利 Turn 19 HP 先5 / 後-3
[631/900] メガトンハンマー（先） vs 急襲レールウェイ（後）: メガトンハンマー 勝利 Turn 9 HP 先11 / 後0
[632/900] メガトンハンマー（先） vs 急襲レールウェイ（後）: 急襲レールウェイ 勝利 Turn 10 HP 先0 / 後12
[633/900] メガトンハンマー（先） vs 急襲レールウェイ（後）: 急襲レールウェイ 勝利 Turn 12 HP 先-1 / 後7
[634/900] メガトンハンマー（先） vs 急襲レールウェイ（後）: 急襲レールウェイ 勝利 Turn 14 HP 先-1 / 後14
[635/900] メガトンハンマー（先） vs 急襲レールウェイ（後）: メガトンハンマー 勝利 Turn 11 HP 先5 / 後0
[636/900] メガトンハンマー（先） vs 急襲レールウェイ（後）: 急襲レールウェイ 勝利 Turn 14 HP 先-1 / 後16
[637/900] メガトンハンマー（先） vs 急襲レールウェイ（後）: 急襲レールウェイ 勝利 Turn 14 HP 先-1 / 後7
[638/900] メガトンハンマー（先） vs 急襲レールウェイ（後）: 急襲レールウェイ 勝利 Turn 10 HP 先0 / 後11
[639/900] メガトンハンマー（先） vs 急襲レールウェイ（後）: 急襲レールウェイ 勝利 Turn 12 HP 先-1 / 後13
[640/900] メガトンハンマー（先） vs 急襲レールウェイ（後）: 急襲レールウェイ 勝利 Turn 14 HP 先-1 / 後13
[641/900] メガトンハンマー（先） vs 急襲レールウェイ（後）: メガトンハンマー 勝利 Turn 11 HP 先4 / 後-5
[642/900] メガトンハンマー（先） vs 急襲レールウェイ（後）: 急襲レールウェイ 勝利 Turn 10 HP 先-1 / 後7
[643/900] メガトンハンマー（先） vs 急襲レールウェイ（後）: 急襲レールウェイ 勝利 Turn 14 HP 先-1 / 後16
[644/900] メガトンハンマー（先） vs 急襲レールウェイ（後）: 急襲レールウェイ 勝利 Turn 12 HP 先-1 / 後5
[645/900] メガトンハンマー（先） vs 急襲レールウェイ（後）: 急襲レールウェイ 勝利 Turn 16 HP 先-2 / 後7
[646/900] メガトンハンマー（先） vs 急襲レールウェイ（後）: 急襲レールウェイ 勝利 Turn 14 HP 先-7 / 後10
[647/900] メガトンハンマー（先） vs 急襲レールウェイ（後）: メガトンハンマー 勝利 Turn 13 HP 先12 / 後-2
[648/900] メガトンハンマー（先） vs 急襲レールウェイ（後）: メガトンハンマー 勝利 Turn 11 HP 先9 / 後-1
[649/900] メガトンハンマー（先） vs 急襲レールウェイ（後）: 急襲レールウェイ 勝利 Turn 12 HP 先-1 / 後3
[650/900] メガトンハンマー（先） vs 急襲レールウェイ（後）: メガトンハンマー 勝利 Turn 11 HP 先4 / 後-1
[651/900] メガトンハンマー（先） vs 急襲レールウェイ（後）: メガトンハンマー 勝利 Turn 11 HP 先11 / 後-3
[652/900] メガトンハンマー（先） vs 急襲レールウェイ（後）: 急襲レールウェイ 勝利 Turn 8 HP 先0 / 後11
[653/900] メガトンハンマー（先） vs 急襲レールウェイ（後）: 急襲レールウェイ 勝利 Turn 14 HP 先-1 / 後8
[654/900] メガトンハンマー（先） vs 急襲レールウェイ（後）: 急襲レールウェイ 勝利 Turn 12 HP 先-1 / 後3
[655/900] メガトンハンマー（先） vs 急襲レールウェイ（後）: メガトンハンマー 勝利 Turn 15 HP 先8 / 後0
[656/900] メガトンハンマー（先） vs 急襲レールウェイ（後）: 急襲レールウェイ 勝利 Turn 12 HP 先-4 / 後5
[657/900] メガトンハンマー（先） vs 急襲レールウェイ（後）: メガトンハンマー 勝利 Turn 11 HP 先12 / 後-1
[658/900] メガトンハンマー（先） vs 急襲レールウェイ（後）: 急襲レールウェイ 勝利 Turn 10 HP 先0 / 後9
[659/900] メガトンハンマー（先） vs 急襲レールウェイ（後）: メガトンハンマー 勝利 Turn 9 HP 先15 / 後0
[660/900] メガトンハンマー（先） vs 急襲レールウェイ（後）: メガトンハンマー 勝利 Turn 9 HP 先15 / 後0
[661/900] 急襲レールウェイ（先） vs 真綿（後）: 真綿 勝利 Turn 16 HP 先-1 / 後12
[662/900] 急襲レールウェイ（先） vs 真綿（後）: 急襲レールウェイ 勝利 Turn 19 HP 先9 / 後-4
[663/900] 急襲レールウェイ（先） vs 真綿（後）: 真綿 勝利 Turn 12 HP 先-3 / 後7
[664/900] 急襲レールウェイ（先） vs 真綿（後）: 急襲レールウェイ 勝利 Turn 11 HP 先8 / 後-1
[665/900] 急襲レールウェイ（先） vs 真綿（後）: 急襲レールウェイ 勝利 Turn 15 HP 先6 / 後-2
[666/900] 急襲レールウェイ（先） vs 真綿（後）: 真綿 勝利 Turn 10 HP 先0 / 後11
[667/900] 急襲レールウェイ（先） vs 真綿（後）: 真綿 勝利 Turn 14 HP 先-5 / 後13
[668/900] 急襲レールウェイ（先） vs 真綿（後）: 急襲レールウェイ 勝利 Turn 13 HP 先11 / 後-2
[669/900] 急襲レールウェイ（先） vs 真綿（後）: 急襲レールウェイ 勝利 Turn 9 HP 先3 / 後-1
[670/900] 急襲レールウェイ（先） vs 真綿（後）: 急襲レールウェイ 勝利 Turn 13 HP 先4 / 後-2
[671/900] 急襲レールウェイ（先） vs 真綿（後）: 真綿 勝利 Turn 12 HP 先-1 / 後11
[672/900] 急襲レールウェイ（先） vs 真綿（後）: 急襲レールウェイ 勝利 Turn 13 HP 先13 / 後0
[673/900] 急襲レールウェイ（先） vs 真綿（後）: 急襲レールウェイ 勝利 Turn 11 HP 先14 / 後0
[674/900] 急襲レールウェイ（先） vs 真綿（後）: 急襲レールウェイ 勝利 Turn 9 HP 先1 / 後0
[675/900] 急襲レールウェイ（先） vs 真綿（後）: 急襲レールウェイ 勝利 Turn 11 HP 先12 / 後-1
[676/900] 急襲レールウェイ（先） vs 真綿（後）: 急襲レールウェイ 勝利 Turn 11 HP 先10 / 後-1
[677/900] 急襲レールウェイ（先） vs 真綿（後）: 真綿 勝利 Turn 12 HP 先-2 / 後3
[678/900] 急襲レールウェイ（先） vs 真綿（後）: 急襲レールウェイ 勝利 Turn 11 HP 先7 / 後-2
[679/900] 急襲レールウェイ（先） vs 真綿（後）: 急襲レールウェイ 勝利 Turn 9 HP 先19 / 後-1
[680/900] 急襲レールウェイ（先） vs 真綿（後）: 急襲レールウェイ 勝利 Turn 13 HP 先6 / 後0
[681/900] 急襲レールウェイ（先） vs 真綿（後）: 真綿 勝利 Turn 10 HP 先-1 / 後13
[682/900] 急襲レールウェイ（先） vs 真綿（後）: 急襲レールウェイ 勝利 Turn 11 HP 先6 / 後0
[683/900] 急襲レールウェイ（先） vs 真綿（後）: 急襲レールウェイ 勝利 Turn 11 HP 先10 / 後0
[684/900] 急襲レールウェイ（先） vs 真綿（後）: 急襲レールウェイ 勝利 Turn 11 HP 先11 / 後0
[685/900] 急襲レールウェイ（先） vs 真綿（後）: 急襲レールウェイ 勝利 Turn 11 HP 先4 / 後0
[686/900] 急襲レールウェイ（先） vs 真綿（後）: 真綿 勝利 Turn 14 HP 先0 / 後10
[687/900] 急襲レールウェイ（先） vs 真綿（後）: 急襲レールウェイ 勝利 Turn 11 HP 先12 / 後-1
[688/900] 急襲レールウェイ（先） vs 真綿（後）: 急襲レールウェイ 勝利 Turn 15 HP 先5 / 後-5
[689/900] 急襲レールウェイ（先） vs 真綿（後）: 真綿 勝利 Turn 12 HP 先0 / 後16
[690/900] 急襲レールウェイ（先） vs 真綿（後）: 急襲レールウェイ 勝利 Turn 13 HP 先3 / 後-1
[691/900] 真綿（先） vs 急襲レールウェイ（後）: 真綿 勝利 Turn 13 HP 先15 / 後0
[692/900] 真綿（先） vs 急襲レールウェイ（後）: 真綿 勝利 Turn 9 HP 先11 / 後0
[693/900] 真綿（先） vs 急襲レールウェイ（後）: 急襲レールウェイ 勝利 Turn 10 HP 先0 / 後3
[694/900] 真綿（先） vs 急襲レールウェイ（後）: 急襲レールウェイ 勝利 Turn 12 HP 先0 / 後9
[695/900] 真綿（先） vs 急襲レールウェイ（後）: 真綿 勝利 Turn 13 HP 先9 / 後-5
[696/900] 真綿（先） vs 急襲レールウェイ（後）: 急襲レールウェイ 勝利 Turn 10 HP 先-1 / 後1
[697/900] 真綿（先） vs 急襲レールウェイ（後）: 真綿 勝利 Turn 15 HP 先14 / 後-1
[698/900] 真綿（先） vs 急襲レールウェイ（後）: 急襲レールウェイ 勝利 Turn 12 HP 先0 / 後18
[699/900] 真綿（先） vs 急襲レールウェイ（後）: 真綿 勝利 Turn 9 HP 先8 / 後0
[700/900] 真綿（先） vs 急襲レールウェイ（後）: 真綿 勝利 Turn 13 HP 先7 / 後-1
[701/900] 真綿（先） vs 急襲レールウェイ（後）: 急襲レールウェイ 勝利 Turn 10 HP 先-1 / 後10
[702/900] 真綿（先） vs 急襲レールウェイ（後）: 急襲レールウェイ 勝利 Turn 12 HP 先-1 / 後18
[703/900] 真綿（先） vs 急襲レールウェイ（後）: 急襲レールウェイ 勝利 Turn 12 HP 先0 / 後7
[704/900] 真綿（先） vs 急襲レールウェイ（後）: 真綿 勝利 Turn 13 HP 先3 / 後-1
[705/900] 真綿（先） vs 急襲レールウェイ（後）: 真綿 勝利 Turn 11 HP 先10 / 後0
[706/900] 真綿（先） vs 急襲レールウェイ（後）: 急襲レールウェイ 勝利 Turn 12 HP 先-3 / 後5
[707/900] 真綿（先） vs 急襲レールウェイ（後）: 真綿 勝利 Turn 13 HP 先8 / 後0
[708/900] 真綿（先） vs 急襲レールウェイ（後）: 真綿 勝利 Turn 11 HP 先5 / 後0
[709/900] 真綿（先） vs 急襲レールウェイ（後）: 急襲レールウェイ 勝利 Turn 12 HP 先-2 / 後5
[710/900] 真綿（先） vs 急襲レールウェイ（後）: 急襲レールウェイ 勝利 Turn 12 HP 先-2 / 後5
[711/900] 真綿（先） vs 急襲レールウェイ（後）: 真綿 勝利 Turn 11 HP 先5 / 後0
[712/900] 真綿（先） vs 急襲レールウェイ（後）: 急襲レールウェイ 勝利 Turn 12 HP 先-1 / 後9
[713/900] 真綿（先） vs 急襲レールウェイ（後）: 急襲レールウェイ 勝利 Turn 8 HP 先0 / 後17
[714/900] 真綿（先） vs 急襲レールウェイ（後）: 急襲レールウェイ 勝利 Turn 14 HP 先0 / 後16
[715/900] 真綿（先） vs 急襲レールウェイ（後）: 急襲レールウェイ 勝利 Turn 12 HP 先0 / 後13
[716/900] 真綿（先） vs 急襲レールウェイ（後）: 急襲レールウェイ 勝利 Turn 12 HP 先0 / 後7
[717/900] 真綿（先） vs 急襲レールウェイ（後）: 急襲レールウェイ 勝利 Turn 12 HP 先-1 / 後5
[718/900] 真綿（先） vs 急襲レールウェイ（後）: 急襲レールウェイ 勝利 Turn 14 HP 先0 / 後7
[719/900] 真綿（先） vs 急襲レールウェイ（後）: 真綿 勝利 Turn 11 HP 先15 / 後-3
[720/900] 真綿（先） vs 急襲レールウェイ（後）: 真綿 勝利 Turn 11 HP 先6 / 後-3
[721/900] 爆弾魔（先） vs メガトンハンマー（後）: メガトンハンマー 勝利 Turn 12 HP 先0 / 後12
[722/900] 爆弾魔（先） vs メガトンハンマー（後）: 爆弾魔 勝利 Turn 7 HP 先18 / 後0
[723/900] 爆弾魔（先） vs メガトンハンマー（後）: 爆弾魔 勝利 Turn 9 HP 先4 / 後0
[724/900] 爆弾魔（先） vs メガトンハンマー（後）: 爆弾魔 勝利 Turn 7 HP 先18 / 後-1
[725/900] 爆弾魔（先） vs メガトンハンマー（後）: メガトンハンマー 勝利 Turn 14 HP 先-2 / 後2
[726/900] 爆弾魔（先） vs メガトンハンマー（後）: メガトンハンマー 勝利 Turn 12 HP 先0 / 後5
[727/900] 爆弾魔（先） vs メガトンハンマー（後）: 爆弾魔 勝利 Turn 7 HP 先20 / 後0
[728/900] 爆弾魔（先） vs メガトンハンマー（後）: 爆弾魔 勝利 Turn 13 HP 先2 / 後0
[729/900] 爆弾魔（先） vs メガトンハンマー（後）: 爆弾魔 勝利 Turn 9 HP 先11 / 後0
[730/900] 爆弾魔（先） vs メガトンハンマー（後）: 爆弾魔 勝利 Turn 9 HP 先13 / 後0
[731/900] 爆弾魔（先） vs メガトンハンマー（後）: 爆弾魔 勝利 Turn 7 HP 先16 / 後0
[732/900] 爆弾魔（先） vs メガトンハンマー（後）: 爆弾魔 勝利 Turn 9 HP 先10 / 後-1
[733/900] 爆弾魔（先） vs メガトンハンマー（後）: 爆弾魔 勝利 Turn 11 HP 先8 / 後0
[734/900] 爆弾魔（先） vs メガトンハンマー（後）: メガトンハンマー 勝利 Turn 14 HP 先-4 / 後3
[735/900] 爆弾魔（先） vs メガトンハンマー（後）: 爆弾魔 勝利 Turn 9 HP 先15 / 後-1
[736/900] 爆弾魔（先） vs メガトンハンマー（後）: メガトンハンマー 勝利 Turn 12 HP 先-1 / 後11
[737/900] 爆弾魔（先） vs メガトンハンマー（後）: 爆弾魔 勝利 Turn 9 HP 先18 / 後-1
[738/900] 爆弾魔（先） vs メガトンハンマー（後）: 爆弾魔 勝利 Turn 9 HP 先3 / 後-1
[739/900] 爆弾魔（先） vs メガトンハンマー（後）: 爆弾魔 勝利 Turn 11 HP 先9 / 後0
[740/900] 爆弾魔（先） vs メガトンハンマー（後）: 爆弾魔 勝利 Turn 11 HP 先12 / 後-2
[741/900] 爆弾魔（先） vs メガトンハンマー（後）: 爆弾魔 勝利 Turn 9 HP 先9 / 後0
[742/900] 爆弾魔（先） vs メガトンハンマー（後）: 爆弾魔 勝利 Turn 7 HP 先14 / 後0
[743/900] 爆弾魔（先） vs メガトンハンマー（後）: 爆弾魔 勝利 Turn 7 HP 先14 / 後-1
[744/900] 爆弾魔（先） vs メガトンハンマー（後）: 爆弾魔 勝利 Turn 9 HP 先11 / 後-1
[745/900] 爆弾魔（先） vs メガトンハンマー（後）: メガトンハンマー 勝利 Turn 12 HP 先-1 / 後4
[746/900] 爆弾魔（先） vs メガトンハンマー（後）: メガトンハンマー 勝利 Turn 10 HP 先0 / 後10
[747/900] 爆弾魔（先） vs メガトンハンマー（後）: メガトンハンマー 勝利 Turn 12 HP 先-8 / 後4
[748/900] 爆弾魔（先） vs メガトンハンマー（後）: 爆弾魔 勝利 Turn 13 HP 先15 / 後0
[749/900] 爆弾魔（先） vs メガトンハンマー（後）: 爆弾魔 勝利 Turn 9 HP 先9 / 後-2
[750/900] 爆弾魔（先） vs メガトンハンマー（後）: 爆弾魔 勝利 Turn 11 HP 先10 / 後-1
[751/900] メガトンハンマー（先） vs 爆弾魔（後）: メガトンハンマー 勝利 Turn 11 HP 先9 / 後-3
[752/900] メガトンハンマー（先） vs 爆弾魔（後）: 爆弾魔 勝利 Turn 12 HP 先-1 / 後7
[753/900] メガトンハンマー（先） vs 爆弾魔（後）: 爆弾魔 勝利 Turn 12 HP 先0 / 後12
[754/900] メガトンハンマー（先） vs 爆弾魔（後）: 爆弾魔 勝利 Turn 8 HP 先0 / 後10
[755/900] メガトンハンマー（先） vs 爆弾魔（後）: 爆弾魔 勝利 Turn 10 HP 先-1 / 後13
[756/900] メガトンハンマー（先） vs 爆弾魔（後）: メガトンハンマー 勝利 Turn 11 HP 先5 / 後0
[757/900] メガトンハンマー（先） vs 爆弾魔（後）: 爆弾魔 勝利 Turn 8 HP 先-1 / 後7
[758/900] メガトンハンマー（先） vs 爆弾魔（後）: 爆弾魔 勝利 Turn 22 HP 先0 / 後10
[759/900] メガトンハンマー（先） vs 爆弾魔（後）: メガトンハンマー 勝利 Turn 11 HP 先10 / 後-1
[760/900] メガトンハンマー（先） vs 爆弾魔（後）: 爆弾魔 勝利 Turn 10 HP 先0 / 後11
[761/900] メガトンハンマー（先） vs 爆弾魔（後）: 爆弾魔 勝利 Turn 8 HP 先0 / 後19
[762/900] メガトンハンマー（先） vs 爆弾魔（後）: 爆弾魔 勝利 Turn 10 HP 先-2 / 後10
[763/900] メガトンハンマー（先） vs 爆弾魔（後）: 爆弾魔 勝利 Turn 10 HP 先-1 / 後7
[764/900] メガトンハンマー（先） vs 爆弾魔（後）: メガトンハンマー 勝利 Turn 11 HP 先10 / 後0
[765/900] メガトンハンマー（先） vs 爆弾魔（後）: 爆弾魔 勝利 Turn 8 HP 先0 / 後3
[766/900] メガトンハンマー（先） vs 爆弾魔（後）: メガトンハンマー 勝利 Turn 11 HP 先9 / 後-1
[767/900] メガトンハンマー（先） vs 爆弾魔（後）: 爆弾魔 勝利 Turn 14 HP 先-1 / 後5
[768/900] メガトンハンマー（先） vs 爆弾魔（後）: メガトンハンマー 勝利 Turn 11 HP 先1 / 後-4
[769/900] メガトンハンマー（先） vs 爆弾魔（後）: 爆弾魔 勝利 Turn 10 HP 先-5 / 後1
[770/900] メガトンハンマー（先） vs 爆弾魔（後）: 爆弾魔 勝利 Turn 10 HP 先0 / 後5
[771/900] メガトンハンマー（先） vs 爆弾魔（後）: 爆弾魔 勝利 Turn 8 HP 先-1 / 後10
[772/900] メガトンハンマー（先） vs 爆弾魔（後）: 爆弾魔 勝利 Turn 8 HP 先0 / 後12
[773/900] メガトンハンマー（先） vs 爆弾魔（後）: 爆弾魔 勝利 Turn 8 HP 先-2 / 後7
[774/900] メガトンハンマー（先） vs 爆弾魔（後）: 爆弾魔 勝利 Turn 10 HP 先0 / 後12
[775/900] メガトンハンマー（先） vs 爆弾魔（後）: 爆弾魔 勝利 Turn 18 HP 先0 / 後13
[776/900] メガトンハンマー（先） vs 爆弾魔（後）: 爆弾魔 勝利 Turn 10 HP 先0 / 後7
[777/900] メガトンハンマー（先） vs 爆弾魔（後）: メガトンハンマー 勝利 Turn 11 HP 先3 / 後-1
[778/900] メガトンハンマー（先） vs 爆弾魔（後）: メガトンハンマー 勝利 Turn 11 HP 先12 / 後-4
[779/900] メガトンハンマー（先） vs 爆弾魔（後）: 爆弾魔 勝利 Turn 12 HP 先0 / 後6
[780/900] メガトンハンマー（先） vs 爆弾魔（後）: 爆弾魔 勝利 Turn 8 HP 先0 / 後12
[781/900] 爆弾魔（先） vs 真綿（後）: 爆弾魔 勝利 Turn 9 HP 先9 / 後-1
[782/900] 爆弾魔（先） vs 真綿（後）: 真綿 勝利 Turn 18 HP 先-1 / 後4
[783/900] 爆弾魔（先） vs 真綿（後）: 真綿 勝利 Turn 14 HP 先0 / 後9
[784/900] 爆弾魔（先） vs 真綿（後）: 爆弾魔 勝利 Turn 13 HP 先3 / 後0
[785/900] 爆弾魔（先） vs 真綿（後）: 爆弾魔 勝利 Turn 11 HP 先13 / 後-1
[786/900] 爆弾魔（先） vs 真綿（後）: 真綿 勝利 Turn 10 HP 先-1 / 後7
[787/900] 爆弾魔（先） vs 真綿（後）: 爆弾魔 勝利 Turn 13 HP 先10 / 後-1
[788/900] 爆弾魔（先） vs 真綿（後）: 爆弾魔 勝利 Turn 11 HP 先8 / 後-2
[789/900] 爆弾魔（先） vs 真綿（後）: 真綿 勝利 Turn 16 HP 先-2 / 後8
[790/900] 爆弾魔（先） vs 真綿（後）: 真綿 勝利 Turn 12 HP 先-1 / 後8
[791/900] 爆弾魔（先） vs 真綿（後）: 真綿 勝利 Turn 14 HP 先0 / 後7
[792/900] 爆弾魔（先） vs 真綿（後）: 爆弾魔 勝利 Turn 11 HP 先4 / 後-1
[793/900] 爆弾魔（先） vs 真綿（後）: 爆弾魔 勝利 Turn 9 HP 先6 / 後0
[794/900] 爆弾魔（先） vs 真綿（後）: 爆弾魔 勝利 Turn 11 HP 先8 / 後-1
[795/900] 爆弾魔（先） vs 真綿（後）: 爆弾魔 勝利 Turn 9 HP 先11 / 後0
[796/900] 爆弾魔（先） vs 真綿（後）: 爆弾魔 勝利 Turn 15 HP 先2 / 後-1
[797/900] 爆弾魔（先） vs 真綿（後）: 爆弾魔 勝利 Turn 13 HP 先15 / 後0
[798/900] 爆弾魔（先） vs 真綿（後）: 爆弾魔 勝利 Turn 13 HP 先8 / 後0
[799/900] 爆弾魔（先） vs 真綿（後）: 真綿 勝利 Turn 14 HP 先0 / 後7
[800/900] 爆弾魔（先） vs 真綿（後）: 爆弾魔 勝利 Turn 9 HP 先14 / 後-2
[801/900] 爆弾魔（先） vs 真綿（後）: 爆弾魔 勝利 Turn 11 HP 先7 / 後0
[802/900] 爆弾魔（先） vs 真綿（後）: 爆弾魔 勝利 Turn 9 HP 先8 / 後0
[803/900] 爆弾魔（先） vs 真綿（後）: 真綿 勝利 Turn 16 HP 先0 / 後16
[804/900] 爆弾魔（先） vs 真綿（後）: 爆弾魔 勝利 Turn 9 HP 先16 / 後0
[805/900] 爆弾魔（先） vs 真綿（後）: 真綿 勝利 Turn 12 HP 先-2 / 後9
[806/900] 爆弾魔（先） vs 真綿（後）: 真綿 勝利 Turn 12 HP 先-1 / 後7
[807/900] 爆弾魔（先） vs 真綿（後）: 爆弾魔 勝利 Turn 11 HP 先8 / 後-1
[808/900] 爆弾魔（先） vs 真綿（後）: 真綿 勝利 Turn 10 HP 先-4 / 後17
[809/900] 爆弾魔（先） vs 真綿（後）: 真綿 勝利 Turn 18 HP 先0 / 後6
[810/900] 爆弾魔（先） vs 真綿（後）: 真綿 勝利 Turn 8 HP 先0 / 後14
[811/900] 真綿（先） vs 爆弾魔（後）: 真綿 勝利 Turn 13 HP 先3 / 後0
[812/900] 真綿（先） vs 爆弾魔（後）: 爆弾魔 勝利 Turn 8 HP 先0 / 後7
[813/900] 真綿（先） vs 爆弾魔（後）: 爆弾魔 勝利 Turn 12 HP 先0 / 後16
[814/900] 真綿（先） vs 爆弾魔（後）: 真綿 勝利 Turn 13 HP 先3 / 後-2
[815/900] 真綿（先） vs 爆弾魔（後）: 爆弾魔 勝利 Turn 12 HP 先0 / 後14
[816/900] 真綿（先） vs 爆弾魔（後）: 真綿 勝利 Turn 11 HP 先10 / 後0
[817/900] 真綿（先） vs 爆弾魔（後）: 真綿 勝利 Turn 13 HP 先11 / 後-1
[818/900] 真綿（先） vs 爆弾魔（後）: 爆弾魔 勝利 Turn 14 HP 先0 / 後15
[819/900] 真綿（先） vs 爆弾魔（後）: 真綿 勝利 Turn 13 HP 先15 / 後0
[820/900] 真綿（先） vs 爆弾魔（後）: 真綿 勝利 Turn 11 HP 先14 / 後0
[821/900] 真綿（先） vs 爆弾魔（後）: 爆弾魔 勝利 Turn 8 HP 先0 / 後12
[822/900] 真綿（先） vs 爆弾魔（後）: 真綿 勝利 Turn 11 HP 先7 / 後0
[823/900] 真綿（先） vs 爆弾魔（後）: 爆弾魔 勝利 Turn 10 HP 先0 / 後11
[824/900] 真綿（先） vs 爆弾魔（後）: 爆弾魔 勝利 Turn 12 HP 先0 / 後14
[825/900] 真綿（先） vs 爆弾魔（後）: 爆弾魔 勝利 Turn 8 HP 先0 / 後10
[826/900] 真綿（先） vs 爆弾魔（後）: 爆弾魔 勝利 Turn 14 HP 先0 / 後10
[827/900] 真綿（先） vs 爆弾魔（後）: 爆弾魔 勝利 Turn 14 HP 先-2 / 後14
[828/900] 真綿（先） vs 爆弾魔（後）: 爆弾魔 勝利 Turn 10 HP 先-7 / 後7
[829/900] 真綿（先） vs 爆弾魔（後）: 真綿 勝利 Turn 11 HP 先5 / 後-5
[830/900] 真綿（先） vs 爆弾魔（後）: 爆弾魔 勝利 Turn 10 HP 先-1 / 後7
[831/900] 真綿（先） vs 爆弾魔（後）: 真綿 勝利 Turn 11 HP 先10 / 後-1
[832/900] 真綿（先） vs 爆弾魔（後）: 爆弾魔 勝利 Turn 10 HP 先0 / 後15
[833/900] 真綿（先） vs 爆弾魔（後）: 爆弾魔 勝利 Turn 14 HP 先-1 / 後7
[834/900] 真綿（先） vs 爆弾魔（後）: 爆弾魔 勝利 Turn 10 HP 先0 / 後21
[835/900] 真綿（先） vs 爆弾魔（後）: 真綿 勝利 Turn 15 HP 先1 / 後-1
[836/900] 真綿（先） vs 爆弾魔（後）: 爆弾魔 勝利 Turn 14 HP 先0 / 後4
[837/900] 真綿（先） vs 爆弾魔（後）: 真綿 勝利 Turn 11 HP 先11 / 後-2
[838/900] 真綿（先） vs 爆弾魔（後）: 真綿 勝利 Turn 11 HP 先7 / 後-1
[839/900] 真綿（先） vs 爆弾魔（後）: 爆弾魔 勝利 Turn 16 HP 先0 / 後6
[840/900] 真綿（先） vs 爆弾魔（後）: 真綿 勝利 Turn 11 HP 先8 / 後0
[841/900] メガトンハンマー（先） vs 真綿（後）: 真綿 勝利 Turn 14 HP 先-2 / 後3
[842/900] メガトンハンマー（先） vs 真綿（後）: メガトンハンマー 勝利 Turn 7 HP 先13 / 後0
[843/900] メガトンハンマー（先） vs 真綿（後）: メガトンハンマー 勝利 Turn 11 HP 先2 / 後-3
[844/900] メガトンハンマー（先） vs 真綿（後）: メガトンハンマー 勝利 Turn 21 HP 先8 / 後-1
[845/900] メガトンハンマー（先） vs 真綿（後）: 真綿 勝利 Turn 20 HP 先0 / 後12
[846/900] メガトンハンマー（先） vs 真綿（後）: 真綿 勝利 Turn 14 HP 先-6 / 後1
[847/900] メガトンハンマー（先） vs 真綿（後）: 真綿 勝利 Turn 16 HP 先-1 / 後4
[848/900] メガトンハンマー（先） vs 真綿（後）: 真綿 勝利 Turn 16 HP 先-1 / 後5
[849/900] メガトンハンマー（先） vs 真綿（後）: メガトンハンマー 勝利 Turn 13 HP 先11 / 後-1
[850/900] メガトンハンマー（先） vs 真綿（後）: メガトンハンマー 勝利 Turn 9 HP 先5 / 後0
[851/900] メガトンハンマー（先） vs 真綿（後）: 真綿 勝利 Turn 14 HP 先-3 / 後13
[852/900] メガトンハンマー（先） vs 真綿（後）: メガトンハンマー 勝利 Turn 9 HP 先4 / 後-4
[853/900] メガトンハンマー（先） vs 真綿（後）: 真綿 勝利 Turn 12 HP 先0 / 後15
[854/900] メガトンハンマー（先） vs 真綿（後）: メガトンハンマー 勝利 Turn 15 HP 先4 / 後-9
[855/900] メガトンハンマー（先） vs 真綿（後）: 真綿 勝利 Turn 10 HP 先-1 / 後10
[856/900] メガトンハンマー（先） vs 真綿（後）: 真綿 勝利 Turn 10 HP 先0 / 後8
[857/900] メガトンハンマー（先） vs 真綿（後）: 真綿 勝利 Turn 8 HP 先0 / 後4
[858/900] メガトンハンマー（先） vs 真綿（後）: メガトンハンマー 勝利 Turn 9 HP 先6 / 後-4
[859/900] メガトンハンマー（先） vs 真綿（後）: 真綿 勝利 Turn 20 HP 先-1 / 後9
[860/900] メガトンハンマー（先） vs 真綿（後）: メガトンハンマー 勝利 Turn 17 HP 先3 / 後0
[861/900] メガトンハンマー（先） vs 真綿（後）: 真綿 勝利 Turn 16 HP 先0 / 後17
[862/900] メガトンハンマー（先） vs 真綿（後）: メガトンハンマー 勝利 Turn 11 HP 先16 / 後0
[863/900] メガトンハンマー（先） vs 真綿（後）: メガトンハンマー 勝利 Turn 9 HP 先9 / 後-1
[864/900] メガトンハンマー（先） vs 真綿（後）: メガトンハンマー 勝利 Turn 13 HP 先11 / 後-2
[865/900] メガトンハンマー（先） vs 真綿（後）: メガトンハンマー 勝利 Turn 9 HP 先9 / 後0
[866/900] メガトンハンマー（先） vs 真綿（後）: メガトンハンマー 勝利 Turn 11 HP 先5 / 後0
[867/900] メガトンハンマー（先） vs 真綿（後）: 真綿 勝利 Turn 12 HP 先-1 / 後9
[868/900] メガトンハンマー（先） vs 真綿（後）: 真綿 勝利 Turn 12 HP 先-1 / 後14
[869/900] メガトンハンマー（先） vs 真綿（後）: 真綿 勝利 Turn 16 HP 先-1 / 後6
[870/900] メガトンハンマー（先） vs 真綿（後）: メガトンハンマー 勝利 Turn 13 HP 先9 / 後-8
[871/900] 真綿（先） vs メガトンハンマー（後）: 真綿 勝利 Turn 13 HP 先8 / 後0
[872/900] 真綿（先） vs メガトンハンマー（後）: メガトンハンマー 勝利 Turn 12 HP 先-7 / 後7
[873/900] 真綿（先） vs メガトンハンマー（後）: 真綿 勝利 Turn 11 HP 先5 / 後-2
[874/900] 真綿（先） vs メガトンハンマー（後）: メガトンハンマー 勝利 Turn 10 HP 先-3 / 後9
[875/900] 真綿（先） vs メガトンハンマー（後）: メガトンハンマー 勝利 Turn 12 HP 先0 / 後7
[876/900] 真綿（先） vs メガトンハンマー（後）: 真綿 勝利 Turn 17 HP 先11 / 後-2
[877/900] 真綿（先） vs メガトンハンマー（後）: 真綿 勝利 Turn 11 HP 先12 / 後0
[878/900] 真綿（先） vs メガトンハンマー（後）: 真綿 勝利 Turn 17 HP 先14 / 後-1
[879/900] 真綿（先） vs メガトンハンマー（後）: 真綿 勝利 Turn 15 HP 先19 / 後0
[880/900] 真綿（先） vs メガトンハンマー（後）: メガトンハンマー 勝利 Turn 12 HP 先-7 / 後7
[881/900] 真綿（先） vs メガトンハンマー（後）: 真綿 勝利 Turn 19 HP 先17 / 後-9
[882/900] 真綿（先） vs メガトンハンマー（後）: メガトンハンマー 勝利 Turn 10 HP 先-2 / 後3
[883/900] 真綿（先） vs メガトンハンマー（後）: 真綿 勝利 Turn 17 HP 先16 / 後-7
[884/900] 真綿（先） vs メガトンハンマー（後）: 真綿 勝利 Turn 11 HP 先7 / 後0
[885/900] 真綿（先） vs メガトンハンマー（後）: メガトンハンマー 勝利 Turn 10 HP 先-1 / 後3
[886/900] 真綿（先） vs メガトンハンマー（後）: 真綿 勝利 Turn 13 HP 先7 / 後-3
[887/900] 真綿（先） vs メガトンハンマー（後）: メガトンハンマー 勝利 Turn 10 HP 先-1 / 後8
[888/900] 真綿（先） vs メガトンハンマー（後）: 真綿 勝利 Turn 21 HP 先5 / 後0
[889/900] 真綿（先） vs メガトンハンマー（後）: 真綿 勝利 Turn 13 HP 先8 / 後0
[890/900] 真綿（先） vs メガトンハンマー（後）: 真綿 勝利 Turn 11 HP 先13 / 後-2
[891/900] 真綿（先） vs メガトンハンマー（後）: 真綿 勝利 Turn 15 HP 先17 / 後0
[892/900] 真綿（先） vs メガトンハンマー（後）: メガトンハンマー 勝利 Turn 10 HP 先0 / 後13
[893/900] 真綿（先） vs メガトンハンマー（後）: メガトンハンマー 勝利 Turn 10 HP 先0 / 後8
[894/900] 真綿（先） vs メガトンハンマー（後）: メガトンハンマー 勝利 Turn 10 HP 先-3 / 後12
[895/900] 真綿（先） vs メガトンハンマー（後）: メガトンハンマー 勝利 Turn 10 HP 先-3 / 後6
[896/900] 真綿（先） vs メガトンハンマー（後）: 真綿 勝利 Turn 11 HP 先14 / 後-1
[897/900] 真綿（先） vs メガトンハンマー（後）: 真綿 勝利 Turn 13 HP 先9 / 後-3
[898/900] 真綿（先） vs メガトンハンマー（後）: 真綿 勝利 Turn 11 HP 先6 / 後0
[899/900] 真綿（先） vs メガトンハンマー（後）: 真綿 勝利 Turn 19 HP 先3 / 後-6
[900/900] 真綿（先） vs メガトンハンマー（後）: メガトンハンマー 勝利 Turn 10 HP 先0 / 後6

デッキ別集計
ブンブンぶん殴り: 150勝 150敗 0未決着 / 勝率 50.0%
じゃぶじゃぶマネー: 146勝 154敗 0未決着 / 勝率 48.7%
急襲レールウェイ: 160勝 140敗 0未決着 / 勝率 53.3%
爆弾魔: 189勝 111敗 0未決着 / 勝率 63.0%
メガトンハンマー: 111勝 189敗 0未決着 / 勝率 37.0%
真綿: 144勝 156敗 0未決着 / 勝率 48.0%

先後集計: 先手 466勝 / 後手 434勝 / 未決着 0戦
直接対戦勝率JSON: /Users/gabill/src/card/src/game/ai/deck-matchup-win-rates.json
